<?xml version="1.0" encoding="ISO-8859-1" ?>
<link_info>
   <banner>TI ARM Clang Linker Unix v3.2.0.LTS</banner>
   <copyright>Copyright (c) 1996-2018 Texas Instruments Incorporated</copyright>
   <link_time>0x67474487</link_time>
   <link_errors>0x0</link_errors>
   <output_file>/Users/shialacampos/workspace_v12/pwmled2_CC3220S_LAUNCHXL_nortos_ticlang/MCU+Image/pwmled2_CC3220S_LAUNCHXL_nortos_ticlang.out</output_file>
   <entry_point>
      <name>resetISR</name>
      <address>0x2000eee9</address>
   </entry_point>
   <input_file_list>
      <input_file id="fl-1">
         <path>/Users/shialacampos/workspace_v12/pwmled2_CC3220S_LAUNCHXL_nortos_ticlang/MCU+Image/./</path>
         <kind>object</kind>
         <file>main_nortos.o</file>
         <name>main_nortos.o</name>
      </input_file>
      <input_file id="fl-2">
         <path>/Users/shialacampos/workspace_v12/pwmled2_CC3220S_LAUNCHXL_nortos_ticlang/MCU+Image/./</path>
         <kind>object</kind>
         <file>pwmled2.o</file>
         <name>pwmled2.o</name>
      </input_file>
      <input_file id="fl-3">
         <path>/Users/shialacampos/workspace_v12/pwmled2_CC3220S_LAUNCHXL_nortos_ticlang/MCU+Image/./syscfg/</path>
         <kind>object</kind>
         <file>ti_drivers_config.o</file>
         <name>ti_drivers_config.o</name>
      </input_file>
      <input_file id="fl-13">
         <path>/Users/shialacampos/workspace_v12/pwmled2_CC3220S_LAUNCHXL_nortos_ticlang/MCU+Image/</path>
         <kind>object</kind>
         <file>&lt;internal&gt;</file>
         <name>&lt;internal&gt;</name>
      </input_file>
      <input_file id="fl-14">
         <path>/Users/shialacampos/ti/simplelink_cc32xx_sdk_7_10_00_13/source/ti/drivers/lib/ticlang/m4/</path>
         <kind>archive</kind>
         <file>drivers_cc32xx.a</file>
         <name>GPIOCC32XX.c.obj</name>
      </input_file>
      <input_file id="fl-15">
         <path>/Users/shialacampos/ti/simplelink_cc32xx_sdk_7_10_00_13/source/ti/drivers/lib/ticlang/m4/</path>
         <kind>archive</kind>
         <file>drivers_cc32xx.a</file>
         <name>PowerCC32XX.c.obj</name>
      </input_file>
      <input_file id="fl-16">
         <path>/Users/shialacampos/ti/simplelink_cc32xx_sdk_7_10_00_13/source/ti/drivers/lib/ticlang/m4/</path>
         <kind>archive</kind>
         <file>drivers_cc32xx.a</file>
         <name>PowerCC32XX_ticlang.asm.obj</name>
      </input_file>
      <input_file id="fl-17">
         <path>/Users/shialacampos/ti/simplelink_cc32xx_sdk_7_10_00_13/source/ti/drivers/lib/ticlang/m4/</path>
         <kind>archive</kind>
         <file>drivers_cc32xx.a</file>
         <name>PWM.c.obj</name>
      </input_file>
      <input_file id="fl-18">
         <path>/Users/shialacampos/ti/simplelink_cc32xx_sdk_7_10_00_13/source/ti/drivers/lib/ticlang/m4/</path>
         <kind>archive</kind>
         <file>drivers_cc32xx.a</file>
         <name>PWMTimerCC32XX.c.obj</name>
      </input_file>
      <input_file id="fl-19">
         <path>/Users/shialacampos/ti/simplelink_cc32xx_sdk_7_10_00_13/source/ti/drivers/lib/ticlang/m4/</path>
         <kind>archive</kind>
         <file>drivers_cc32xx.a</file>
         <name>TimerCC32XX.c.obj</name>
      </input_file>
      <input_file id="fl-1a">
         <path>/Users/shialacampos/ti/simplelink_cc32xx_sdk_7_10_00_13/source/ti/drivers/lib/ticlang/m4/</path>
         <kind>archive</kind>
         <file>drivers_cc32xx.a</file>
         <name>List.c.obj</name>
      </input_file>
      <input_file id="fl-1b">
         <path>/Users/shialacampos/ti/simplelink_cc32xx_sdk_7_10_00_13/source/ti/drivers/lib/ticlang/m4/</path>
         <kind>archive</kind>
         <file>drivers_cc32xx.a</file>
         <name>Timer.c.obj</name>
      </input_file>
      <input_file id="fl-1c">
         <path>/Users/shialacampos/ti/simplelink_cc32xx_sdk_7_10_00_13/kernel/nortos/lib/ticlang/m4/</path>
         <kind>archive</kind>
         <file>nortos_cc32xx.a</file>
         <name>NoRTOS.c.obj</name>
      </input_file>
      <input_file id="fl-1d">
         <path>/Users/shialacampos/ti/simplelink_cc32xx_sdk_7_10_00_13/kernel/nortos/lib/ticlang/m4/</path>
         <kind>archive</kind>
         <file>nortos_cc32xx.a</file>
         <name>posix_sleep.c.obj</name>
      </input_file>
      <input_file id="fl-1e">
         <path>/Users/shialacampos/ti/simplelink_cc32xx_sdk_7_10_00_13/kernel/nortos/lib/ticlang/m4/</path>
         <kind>archive</kind>
         <file>nortos_cc32xx.a</file>
         <name>SemaphoreP_nortos.c.obj</name>
      </input_file>
      <input_file id="fl-1f">
         <path>/Users/shialacampos/ti/simplelink_cc32xx_sdk_7_10_00_13/kernel/nortos/lib/ticlang/m4/</path>
         <kind>archive</kind>
         <file>nortos_cc32xx.a</file>
         <name>ClockPSysTick_nortos.c.obj</name>
      </input_file>
      <input_file id="fl-20">
         <path>/Users/shialacampos/ti/simplelink_cc32xx_sdk_7_10_00_13/kernel/nortos/lib/ticlang/m4/</path>
         <kind>archive</kind>
         <file>nortos_cc32xx.a</file>
         <name>HwiPCC32XX_nortos.c.obj</name>
      </input_file>
      <input_file id="fl-21">
         <path>/Users/shialacampos/ti/simplelink_cc32xx_sdk_7_10_00_13/kernel/nortos/lib/ticlang/m4/</path>
         <kind>archive</kind>
         <file>nortos_cc32xx.a</file>
         <name>PowerCC32XX_nortos.c.obj</name>
      </input_file>
      <input_file id="fl-22">
         <path>/Users/shialacampos/ti/simplelink_cc32xx_sdk_7_10_00_13/kernel/nortos/lib/ticlang/m4/</path>
         <kind>archive</kind>
         <file>nortos_cc32xx.a</file>
         <name>startup_cc32xx_ticlang.c.obj</name>
      </input_file>
      <input_file id="fl-23">
         <path>/Users/shialacampos/ti/simplelink_cc32xx_sdk_7_10_00_13/kernel/nortos/lib/ticlang/m4/</path>
         <kind>archive</kind>
         <file>nortos_cc32xx.a</file>
         <name>SwiP_nortos.c.obj</name>
      </input_file>
      <input_file id="fl-24">
         <path>/Users/shialacampos/ti/simplelink_cc32xx_sdk_7_10_00_13/source/ti/devices/cc32xx/driverlib/ticlang/Release/</path>
         <kind>archive</kind>
         <file>driverlib.a</file>
         <name>cpu.obj</name>
      </input_file>
      <input_file id="fl-25">
         <path>/Users/shialacampos/ti/simplelink_cc32xx_sdk_7_10_00_13/source/ti/devices/cc32xx/driverlib/ticlang/Release/</path>
         <kind>archive</kind>
         <file>driverlib.a</file>
         <name>gpio.obj</name>
      </input_file>
      <input_file id="fl-26">
         <path>/Users/shialacampos/ti/simplelink_cc32xx_sdk_7_10_00_13/source/ti/devices/cc32xx/driverlib/ticlang/Release/</path>
         <kind>archive</kind>
         <file>driverlib.a</file>
         <name>hwspinlock.obj</name>
      </input_file>
      <input_file id="fl-27">
         <path>/Users/shialacampos/ti/simplelink_cc32xx_sdk_7_10_00_13/source/ti/devices/cc32xx/driverlib/ticlang/Release/</path>
         <kind>archive</kind>
         <file>driverlib.a</file>
         <name>interrupt.obj</name>
      </input_file>
      <input_file id="fl-28">
         <path>/Users/shialacampos/ti/simplelink_cc32xx_sdk_7_10_00_13/source/ti/devices/cc32xx/driverlib/ticlang/Release/</path>
         <kind>archive</kind>
         <file>driverlib.a</file>
         <name>pin.obj</name>
      </input_file>
      <input_file id="fl-29">
         <path>/Users/shialacampos/ti/simplelink_cc32xx_sdk_7_10_00_13/source/ti/devices/cc32xx/driverlib/ticlang/Release/</path>
         <kind>archive</kind>
         <file>driverlib.a</file>
         <name>prcm.obj</name>
      </input_file>
      <input_file id="fl-2a">
         <path>/Users/shialacampos/ti/simplelink_cc32xx_sdk_7_10_00_13/source/ti/devices/cc32xx/driverlib/ticlang/Release/</path>
         <kind>archive</kind>
         <file>driverlib.a</file>
         <name>spi.obj</name>
      </input_file>
      <input_file id="fl-2b">
         <path>/Users/shialacampos/ti/simplelink_cc32xx_sdk_7_10_00_13/source/ti/devices/cc32xx/driverlib/ticlang/Release/</path>
         <kind>archive</kind>
         <file>driverlib.a</file>
         <name>systick.obj</name>
      </input_file>
      <input_file id="fl-2c">
         <path>/Users/shialacampos/ti/simplelink_cc32xx_sdk_7_10_00_13/source/ti/devices/cc32xx/driverlib/ticlang/Release/</path>
         <kind>archive</kind>
         <file>driverlib.a</file>
         <name>timer.obj</name>
      </input_file>
      <input_file id="fl-2d">
         <path>/Users/shialacampos/ti/simplelink_cc32xx_sdk_7_10_00_13/source/ti/devices/cc32xx/driverlib/ticlang/Release/</path>
         <kind>archive</kind>
         <file>driverlib.a</file>
         <name>utils.obj</name>
      </input_file>
      <input_file id="fl-2e">
         <path>/Users/shialacampos/ti/simplelink_cc32xx_sdk_7_10_00_13/source/ti/devices/cc32xx/driverlib/ticlang/Release/</path>
         <kind>archive</kind>
         <file>driverlib.a</file>
         <name>flash.obj</name>
      </input_file>
      <input_file id="fl-3b">
         <path>/Applications/ti/ccs1250/ccs/tools/compiler/ti-cgt-armllvm_3.2.0.LTS/lib/armv7em-ti-none-eabi/c/</path>
         <kind>archive</kind>
         <file>libc.a</file>
         <name>memory.c.obj</name>
      </input_file>
      <input_file id="fl-3c">
         <path>/Applications/ti/ccs1250/ccs/tools/compiler/ti-cgt-armllvm_3.2.0.LTS/lib/armv7em-ti-none-eabi/c/</path>
         <kind>archive</kind>
         <file>libc.a</file>
         <name>boot_cortex_m.c.obj</name>
      </input_file>
      <input_file id="fl-3d">
         <path>/Applications/ti/ccs1250/ccs/tools/compiler/ti-cgt-armllvm_3.2.0.LTS/lib/armv7em-ti-none-eabi/c/</path>
         <kind>archive</kind>
         <file>libc.a</file>
         <name>mathacl_init.c.obj</name>
      </input_file>
      <input_file id="fl-3e">
         <path>/Applications/ti/ccs1250/ccs/tools/compiler/ti-cgt-armllvm_3.2.0.LTS/lib/armv7em-ti-none-eabi/c/</path>
         <kind>archive</kind>
         <file>libc.a</file>
         <name>autoinit.c.obj</name>
      </input_file>
      <input_file id="fl-3f">
         <path>/Applications/ti/ccs1250/ccs/tools/compiler/ti-cgt-armllvm_3.2.0.LTS/lib/armv7em-ti-none-eabi/c/</path>
         <kind>archive</kind>
         <file>libc.a</file>
         <name>pre_init.c.obj</name>
      </input_file>
      <input_file id="fl-40">
         <path>/Applications/ti/ccs1250/ccs/tools/compiler/ti-cgt-armllvm_3.2.0.LTS/lib/armv7em-ti-none-eabi/c/</path>
         <kind>archive</kind>
         <file>libc.a</file>
         <name>cpy_tbl.c.obj</name>
      </input_file>
      <input_file id="fl-41">
         <path>/Applications/ti/ccs1250/ccs/tools/compiler/ti-cgt-armllvm_3.2.0.LTS/lib/armv7em-ti-none-eabi/c/</path>
         <kind>archive</kind>
         <file>libc.a</file>
         <name>copy_zero_init.c.obj</name>
      </input_file>
      <input_file id="fl-42">
         <path>/Applications/ti/ccs1250/ccs/tools/compiler/ti-cgt-armllvm_3.2.0.LTS/lib/armv7em-ti-none-eabi/c/</path>
         <kind>archive</kind>
         <file>libc.a</file>
         <name>copy_decompress_none.c.obj</name>
      </input_file>
      <input_file id="fl-43">
         <path>/Applications/ti/ccs1250/ccs/tools/compiler/ti-cgt-armllvm_3.2.0.LTS/lib/armv7em-ti-none-eabi/c/</path>
         <kind>archive</kind>
         <file>libc.a</file>
         <name>copy_decompress_lzss.c.obj</name>
      </input_file>
      <input_file id="fl-44">
         <path>/Applications/ti/ccs1250/ccs/tools/compiler/ti-cgt-armllvm_3.2.0.LTS/lib/armv7em-ti-none-eabi/c/</path>
         <kind>archive</kind>
         <file>libc.a</file>
         <name>exit.c.obj</name>
      </input_file>
      <input_file id="fl-45">
         <path>/Applications/ti/ccs1250/ccs/tools/compiler/ti-cgt-armllvm_3.2.0.LTS/lib/armv7em-ti-none-eabi/c/</path>
         <kind>archive</kind>
         <file>libc.a</file>
         <name>_lock.c.obj</name>
      </input_file>
      <input_file id="fl-46">
         <path>/Applications/ti/ccs1250/ccs/tools/compiler/ti-cgt-armllvm_3.2.0.LTS/lib/armv7em-ti-none-eabi/c/</path>
         <kind>archive</kind>
         <file>libc.a</file>
         <name>args_main.c.obj</name>
      </input_file>
      <input_file id="fl-aa">
         <path>/Applications/ti/ccs1250/ccs/tools/compiler/ti-cgt-armllvm_3.2.0.LTS/lib/clang/15.0.7/lib/armv7em-ti-none-eabi/</path>
         <kind>archive</kind>
         <file>libclang_rt.builtins.a</file>
         <name>aeabi_memcpy.S.obj</name>
      </input_file>
      <input_file id="fl-ab">
         <path>/Applications/ti/ccs1250/ccs/tools/compiler/ti-cgt-armllvm_3.2.0.LTS/lib/clang/15.0.7/lib/armv7em-ti-none-eabi/</path>
         <kind>archive</kind>
         <file>libclang_rt.builtins.a</file>
         <name>aeabi_memset.S.obj</name>
      </input_file>
      <input_file id="fl-ac">
         <path>/Applications/ti/ccs1250/ccs/tools/compiler/ti-cgt-armllvm_3.2.0.LTS/lib/clang/15.0.7/lib/armv7em-ti-none-eabi/</path>
         <kind>archive</kind>
         <file>libclang_rt.builtins.a</file>
         <name>aeabi_uldivmod.S.obj</name>
      </input_file>
      <input_file id="fl-ad">
         <path>/Applications/ti/ccs1250/ccs/tools/compiler/ti-cgt-armllvm_3.2.0.LTS/lib/clang/15.0.7/lib/armv7em-ti-none-eabi/</path>
         <kind>archive</kind>
         <file>libclang_rt.builtins.a</file>
         <name>udivmoddi4.S.obj</name>
      </input_file>
      <input_file id="fl-ae">
         <path>/Applications/ti/ccs1250/ccs/tools/compiler/ti-cgt-armllvm_3.2.0.LTS/lib/clang/15.0.7/lib/armv7em-ti-none-eabi/</path>
         <kind>archive</kind>
         <file>libclang_rt.builtins.a</file>
         <name>aeabi_div0.c.obj</name>
      </input_file>
      <input_file id="fl-af">
         <path>/Applications/ti/ccs1250/ccs/tools/compiler/ti-cgt-armllvm_3.2.0.LTS/lib/armv7em-ti-none-eabi/c/</path>
         <kind>archive</kind>
         <file>libc.a</file>
         <name>memcpy_t2.S.obj</name>
      </input_file>
      <input_file id="fl-b0">
         <path>/Applications/ti/ccs1250/ccs/tools/compiler/ti-cgt-armllvm_3.2.0.LTS/lib/armv7em-ti-none-eabi/c/</path>
         <kind>archive</kind>
         <file>libc.a</file>
         <name>memset_t2.S.obj</name>
      </input_file>
   </input_file_list>
   <object_component_list>
      <object_component id="oc-d0">
         <name>.text.PRCMCC3200MCUInit</name>
         <load_address>0x2000c040</load_address>
         <readonly>true</readonly>
         <executable>true</executable>
         <run_address>0x2000c040</run_address>
         <size>0x4b8</size>
         <alignment>0x2</alignment>
         <input_file_ref idref="fl-29"/>
      </object_component>
      <object_component id="oc-1a7">
         <name>.text.Power_sleep</name>
         <load_address>0x2000c4f8</load_address>
         <readonly>true</readonly>
         <executable>true</executable>
         <run_address>0x2000c4f8</run_address>
         <size>0x3e4</size>
         <alignment>0x4</alignment>
         <input_file_ref idref="fl-15"/>
      </object_component>
      <object_component id="oc-15c">
         <name>.text.PowerCC32XX_sleepPolicy</name>
         <load_address>0x2000c8dc</load_address>
         <readonly>true</readonly>
         <executable>true</executable>
         <run_address>0x2000c8dc</run_address>
         <size>0x150</size>
         <alignment>0x4</alignment>
         <input_file_ref idref="fl-21"/>
      </object_component>
      <object_component id="oc-12b">
         <name>.text.GPIO_setConfig</name>
         <load_address>0x2000ca2c</load_address>
         <readonly>true</readonly>
         <executable>true</executable>
         <run_address>0x2000ca2c</run_address>
         <size>0x140</size>
         <alignment>0x4</alignment>
         <input_file_ref idref="fl-14"/>
      </object_component>
      <object_component id="oc-1f0">
         <name>.text.aligned_alloc</name>
         <load_address>0x2000cb6c</load_address>
         <readonly>true</readonly>
         <executable>true</executable>
         <run_address>0x2000cb6c</run_address>
         <size>0x120</size>
         <alignment>0x4</alignment>
         <input_file_ref idref="fl-3b"/>
      </object_component>
      <object_component id="oc-163">
         <name>.text.free</name>
         <load_address>0x2000cc8c</load_address>
         <readonly>true</readonly>
         <executable>true</executable>
         <run_address>0x2000cc8c</run_address>
         <size>0xf0</size>
         <alignment>0x4</alignment>
         <input_file_ref idref="fl-3b"/>
      </object_component>
      <object_component id="oc-1c7">
         <name>.text.PWMTimerCC32XX_open</name>
         <load_address>0x2000cd7c</load_address>
         <readonly>true</readonly>
         <executable>true</executable>
         <run_address>0x2000cd7c</run_address>
         <size>0xe4</size>
         <alignment>0x4</alignment>
         <input_file_ref idref="fl-18"/>
      </object_component>
      <object_component id="oc-1ca">
         <name>.text.PWMTimerCC32XX_setDutyAndPeriod</name>
         <load_address>0x2000ce60</load_address>
         <readonly>true</readonly>
         <executable>true</executable>
         <run_address>0x2000ce60</run_address>
         <size>0xdc</size>
         <alignment>0x4</alignment>
         <input_file_ref idref="fl-18"/>
      </object_component>
      <object_component id="oc-1f4">
         <name>.text.IntEnable</name>
         <load_address>0x2000cf3c</load_address>
         <readonly>true</readonly>
         <executable>true</executable>
         <run_address>0x2000cf3c</run_address>
         <size>0xc8</size>
         <alignment>0x2</alignment>
         <input_file_ref idref="fl-27"/>
      </object_component>
      <object_component id="oc-1cf">
         <name>.text</name>
         <load_address>0x2000d004</load_address>
         <readonly>true</readonly>
         <executable>true</executable>
         <run_address>0x2000d004</run_address>
         <size>0xb0</size>
         <alignment>0x4</alignment>
         <input_file_ref idref="fl-ad"/>
      </object_component>
      <object_component id="oc-1b9">
         <name>.text.GPIOIntTypeSet</name>
         <load_address>0x2000d0b4</load_address>
         <readonly>true</readonly>
         <executable>true</executable>
         <run_address>0x2000d0b4</run_address>
         <size>0xac</size>
         <alignment>0x2</alignment>
         <input_file_ref idref="fl-25"/>
      </object_component>
      <object_component id="oc-1cc">
         <name>.text.PWMTimerCC32XX_stop</name>
         <load_address>0x2000d160</load_address>
         <readonly>true</readonly>
         <executable>true</executable>
         <run_address>0x2000d160</run_address>
         <size>0xa8</size>
         <alignment>0x4</alignment>
         <input_file_ref idref="fl-18"/>
      </object_component>
      <object_component id="oc-22c">
         <name>.text.IntPendSet</name>
         <load_address>0x2000d208</load_address>
         <readonly>true</readonly>
         <executable>true</executable>
         <run_address>0x2000d208</run_address>
         <size>0xa4</size>
         <alignment>0x2</alignment>
         <input_file_ref idref="fl-27"/>
      </object_component>
      <object_component id="oc-16b">
         <name>.text.PinConfigSet</name>
         <load_address>0x2000d2ac</load_address>
         <readonly>true</readonly>
         <executable>true</executable>
         <run_address>0x2000d2ac</run_address>
         <size>0xa2</size>
         <alignment>0x2</alignment>
         <input_file_ref idref="fl-28"/>
      </object_component>
      <object_component id="oc-e0">
         <name>.text.Board_initHook</name>
         <load_address>0x2000d34e</load_address>
         <readonly>true</readonly>
         <executable>true</executable>
         <run_address>0x2000d34e</run_address>
         <size>0x2</size>
         <alignment>0x2</alignment>
         <input_file_ref idref="fl-3"/>
      </object_component>
      <object_component id="oc-1c8">
         <name>.text.PWMTimerCC32XX_setDuty</name>
         <load_address>0x2000d350</load_address>
         <readonly>true</readonly>
         <executable>true</executable>
         <run_address>0x2000d350</run_address>
         <size>0xa0</size>
         <alignment>0x4</alignment>
         <input_file_ref idref="fl-18"/>
      </object_component>
      <object_component id="oc-12a">
         <name>.text.SemaphoreP_pend</name>
         <load_address>0x2000d3f0</load_address>
         <readonly>true</readonly>
         <executable>true</executable>
         <run_address>0x2000d3f0</run_address>
         <size>0x98</size>
         <alignment>0x4</alignment>
         <input_file_ref idref="fl-1e"/>
      </object_component>
      <object_component id="oc-127">
         <name>.text.HwiP_disable</name>
         <load_address>0x2000d488</load_address>
         <readonly>true</readonly>
         <executable>true</executable>
         <run_address>0x2000d488</run_address>
         <size>0x8</size>
         <alignment>0x2</alignment>
         <input_file_ref idref="fl-20"/>
      </object_component>
      <object_component id="oc-1e2">
         <name>.text</name>
         <load_address>0x2000d490</load_address>
         <readonly>true</readonly>
         <executable>true</executable>
         <run_address>0x2000d490</run_address>
         <size>0x96</size>
         <alignment>0x10</alignment>
         <input_file_ref idref="fl-16"/>
      </object_component>
      <object_component id="oc-1c6">
         <name>.text.PWMTimerCC32XX_init</name>
         <load_address>0x2000d526</load_address>
         <readonly>true</readonly>
         <executable>true</executable>
         <run_address>0x2000d526</run_address>
         <size>0x2</size>
         <alignment>0x2</alignment>
         <input_file_ref idref="fl-18"/>
      </object_component>
      <object_component id="oc-da">
         <name>.text.GPIO_init</name>
         <load_address>0x2000d528</load_address>
         <readonly>true</readonly>
         <executable>true</executable>
         <run_address>0x2000d528</run_address>
         <size>0x90</size>
         <alignment>0x4</alignment>
         <input_file_ref idref="fl-14"/>
      </object_component>
      <object_component id="oc-109">
         <name>.text.PRCMSysResetCauseGet</name>
         <load_address>0x2000d5b8</load_address>
         <readonly>true</readonly>
         <executable>true</executable>
         <run_address>0x2000d5b8</run_address>
         <size>0x8e</size>
         <alignment>0x2</alignment>
         <input_file_ref idref="fl-29"/>
      </object_component>
      <object_component id="oc-157">
         <name>.text.PowerCC32XX_initPolicy</name>
         <load_address>0x2000d646</load_address>
         <readonly>true</readonly>
         <executable>true</executable>
         <run_address>0x2000d646</run_address>
         <size>0x2</size>
         <alignment>0x2</alignment>
         <input_file_ref idref="fl-21"/>
      </object_component>
      <object_component id="oc-11b">
         <name>.text.PowerCC32XX_configureWakeup</name>
         <load_address>0x2000d648</load_address>
         <readonly>true</readonly>
         <executable>true</executable>
         <run_address>0x2000d648</run_address>
         <size>0x88</size>
         <alignment>0x4</alignment>
         <input_file_ref idref="fl-15"/>
      </object_component>
      <object_component id="oc-1c0">
         <name>.text.PWMTimerCC32XX_close</name>
         <load_address>0x2000d6d0</load_address>
         <readonly>true</readonly>
         <executable>true</executable>
         <run_address>0x2000d6d0</run_address>
         <size>0x84</size>
         <alignment>0x4</alignment>
         <input_file_ref idref="fl-18"/>
      </object_component>
      <object_component id="oc-1c9">
         <name>.text.PWMTimerCC32XX_setPeriod</name>
         <load_address>0x2000d754</load_address>
         <readonly>true</readonly>
         <executable>true</executable>
         <run_address>0x2000d754</run_address>
         <size>0x84</size>
         <alignment>0x4</alignment>
         <input_file_ref idref="fl-18"/>
      </object_component>
      <object_component id="oc-203">
         <name>.text.initHw</name>
         <load_address>0x2000d7d8</load_address>
         <readonly>true</readonly>
         <executable>true</executable>
         <run_address>0x2000d7d8</run_address>
         <size>0x84</size>
         <alignment>0x4</alignment>
         <input_file_ref idref="fl-18"/>
      </object_component>
      <object_component id="oc-d5">
         <name>.text.Power_init</name>
         <load_address>0x2000d85c</load_address>
         <readonly>true</readonly>
         <executable>true</executable>
         <run_address>0x2000d85c</run_address>
         <size>0x78</size>
         <alignment>0x4</alignment>
         <input_file_ref idref="fl-15"/>
      </object_component>
      <object_component id="oc-b0">
         <name>.text.mainThread</name>
         <load_address>0x2000d8d4</load_address>
         <readonly>true</readonly>
         <executable>true</executable>
         <run_address>0x2000d8d4</run_address>
         <size>0x78</size>
         <alignment>0x4</alignment>
         <input_file_ref idref="fl-2"/>
      </object_component>
      <object_component id="oc-1b6">
         <name>.text.HwiP_construct</name>
         <load_address>0x2000d94c</load_address>
         <readonly>true</readonly>
         <executable>true</executable>
         <run_address>0x2000d94c</run_address>
         <size>0x74</size>
         <alignment>0x4</alignment>
         <input_file_ref idref="fl-20"/>
      </object_component>
      <object_component id="oc-154">
         <name>.text.PRCMHibernateWakeUpGPIOSelect</name>
         <load_address>0x2000d9c0</load_address>
         <readonly>true</readonly>
         <executable>true</executable>
         <run_address>0x2000d9c0</run_address>
         <size>0x74</size>
         <alignment>0x2</alignment>
         <input_file_ref idref="fl-29"/>
      </object_component>
      <object_component id="oc-18">
         <name>.text:decompress:lzss</name>
         <load_address>0x2000da34</load_address>
         <readonly>true</readonly>
         <executable>true</executable>
         <run_address>0x2000da34</run_address>
         <size>0x70</size>
         <alignment>0x2</alignment>
         <input_file_ref idref="fl-43"/>
      </object_component>
      <object_component id="oc-1df">
         <name>.text.PinLockLevelSet</name>
         <load_address>0x2000daa4</load_address>
         <readonly>true</readonly>
         <executable>true</executable>
         <run_address>0x2000daa4</run_address>
         <size>0x6c</size>
         <alignment>0x2</alignment>
         <input_file_ref idref="fl-28"/>
      </object_component>
      <object_component id="oc-16c">
         <name>.text.Power_setDependency</name>
         <load_address>0x2000db10</load_address>
         <readonly>true</readonly>
         <executable>true</executable>
         <run_address>0x2000db10</run_address>
         <size>0x6c</size>
         <alignment>0x4</alignment>
         <input_file_ref idref="fl-15"/>
      </object_component>
      <object_component id="oc-132">
         <name>.text.powerNotifyFxn</name>
         <load_address>0x2000db7c</load_address>
         <readonly>true</readonly>
         <executable>true</executable>
         <run_address>0x2000db7c</run_address>
         <size>0x6c</size>
         <alignment>0x4</alignment>
         <input_file_ref idref="fl-14"/>
      </object_component>
      <object_component id="oc-22d">
         <name>.text.split</name>
         <load_address>0x2000dbe8</load_address>
         <readonly>true</readonly>
         <executable>true</executable>
         <run_address>0x2000dbe8</run_address>
         <size>0x6c</size>
         <alignment>0x4</alignment>
         <input_file_ref idref="fl-3b"/>
      </object_component>
      <object_component id="oc-111">
         <name>.text.PRCMPeripheralReset</name>
         <load_address>0x2000dc54</load_address>
         <readonly>true</readonly>
         <executable>true</executable>
         <run_address>0x2000dc54</run_address>
         <size>0x6a</size>
         <alignment>0x2</alignment>
         <input_file_ref idref="fl-29"/>
      </object_component>
      <object_component id="oc-227">
         <name>.text.FlashDisable</name>
         <load_address>0x2000dcbe</load_address>
         <readonly>true</readonly>
         <executable>true</executable>
         <run_address>0x2000dcbe</run_address>
         <size>0x5c</size>
         <alignment>0x2</alignment>
         <input_file_ref idref="fl-2e"/>
      </object_component>
      <object_component id="oc-156">
         <name>.text.PRCMHibernateWakeupSourceDisable</name>
         <load_address>0x2000dd1a</load_address>
         <readonly>true</readonly>
         <executable>true</executable>
         <run_address>0x2000dd1a</run_address>
         <size>0x5c</size>
         <alignment>0x2</alignment>
         <input_file_ref idref="fl-29"/>
      </object_component>
      <object_component id="oc-1d5">
         <name>.text.SemaphoreP_destruct</name>
         <load_address>0x2000dd76</load_address>
         <readonly>true</readonly>
         <executable>true</executable>
         <run_address>0x2000dd76</run_address>
         <size>0x2</size>
         <alignment>0x2</alignment>
         <input_file_ref idref="fl-1e"/>
      </object_component>
      <object_component id="oc-202">
         <name>.text.TimerCC32XX_allocateTimerResource</name>
         <load_address>0x2000dd78</load_address>
         <readonly>true</readonly>
         <executable>true</executable>
         <run_address>0x2000dd78</run_address>
         <size>0x5c</size>
         <alignment>0x4</alignment>
         <input_file_ref idref="fl-19"/>
      </object_component>
      <object_component id="oc-110">
         <name>.text.PRCMPeripheralClkEnable</name>
         <load_address>0x2000ddd4</load_address>
         <readonly>true</readonly>
         <executable>true</executable>
         <run_address>0x2000ddd4</run_address>
         <size>0x5a</size>
         <alignment>0x2</alignment>
         <input_file_ref idref="fl-29"/>
      </object_component>
      <object_component id="oc-21b">
         <name>.text.__aeabi_ldiv0</name>
         <load_address>0x2000de2e</load_address>
         <readonly>true</readonly>
         <executable>true</executable>
         <run_address>0x2000de2e</run_address>
         <size>0x2</size>
         <alignment>0x2</alignment>
         <input_file_ref idref="fl-ae"/>
      </object_component>
      <object_component id="oc-190">
         <name>.text.ClockP_startup</name>
         <load_address>0x2000de30</load_address>
         <readonly>true</readonly>
         <executable>true</executable>
         <run_address>0x2000de30</run_address>
         <size>0x58</size>
         <alignment>0x4</alignment>
         <input_file_ref idref="fl-1f"/>
      </object_component>
      <object_component id="oc-1f3">
         <name>.text.IntPrioritySet</name>
         <load_address>0x2000de88</load_address>
         <readonly>true</readonly>
         <executable>true</executable>
         <run_address>0x2000de88</run_address>
         <size>0x58</size>
         <alignment>0x2</alignment>
         <input_file_ref idref="fl-27"/>
      </object_component>
      <object_component id="oc-1cb">
         <name>.text.PWMTimerCC32XX_start</name>
         <load_address>0x2000dee0</load_address>
         <readonly>true</readonly>
         <executable>true</executable>
         <run_address>0x2000dee0</run_address>
         <size>0x58</size>
         <alignment>0x4</alignment>
         <input_file_ref idref="fl-18"/>
      </object_component>
      <object_component id="oc-1ec">
         <name>.text.PRCMLPDSEnter</name>
         <load_address>0x2000df38</load_address>
         <readonly>true</readonly>
         <executable>true</executable>
         <run_address>0x2000df38</run_address>
         <size>0x56</size>
         <alignment>0x2</alignment>
         <input_file_ref idref="fl-29"/>
      </object_component>
      <object_component id="oc-142">
         <name>.text._nop</name>
         <load_address>0x2000df8e</load_address>
         <readonly>true</readonly>
         <executable>true</executable>
         <run_address>0x2000df8e</run_address>
         <size>0x2</size>
         <alignment>0x2</alignment>
         <input_file_ref idref="fl-45"/>
      </object_component>
      <object_component id="oc-186">
         <name>.text.PowerCC32XX_setParkState</name>
         <load_address>0x2000df90</load_address>
         <readonly>true</readonly>
         <executable>true</executable>
         <run_address>0x2000df90</run_address>
         <size>0x54</size>
         <alignment>0x4</alignment>
         <input_file_ref idref="fl-15"/>
      </object_component>
      <object_component id="oc-1ff">
         <name>.text.Power_releaseDependency</name>
         <load_address>0x2000dfe4</load_address>
         <readonly>true</readonly>
         <executable>true</executable>
         <run_address>0x2000dfe4</run_address>
         <size>0x54</size>
         <alignment>0x4</alignment>
         <input_file_ref idref="fl-15"/>
      </object_component>
      <object_component id="oc-17a">
         <name>.text.GPIO_hwiIntFxn</name>
         <load_address>0x2000e038</load_address>
         <readonly>true</readonly>
         <executable>true</executable>
         <run_address>0x2000e038</run_address>
         <size>0x50</size>
         <alignment>0x4</alignment>
         <input_file_ref idref="fl-14"/>
      </object_component>
      <object_component id="oc-155">
         <name>.text.PRCMHibernateWakeupSourceEnable</name>
         <load_address>0x2000e088</load_address>
         <readonly>true</readonly>
         <executable>true</executable>
         <run_address>0x2000e088</run_address>
         <size>0x50</size>
         <alignment>0x2</alignment>
         <input_file_ref idref="fl-29"/>
      </object_component>
      <object_component id="oc-1b0">
         <name>.text.SemaphoreP_construct</name>
         <load_address>0x2000e0d8</load_address>
         <readonly>true</readonly>
         <executable>true</executable>
         <run_address>0x2000e0d8</run_address>
         <size>0x50</size>
         <alignment>0x4</alignment>
         <input_file_ref idref="fl-1e"/>
      </object_component>
      <object_component id="oc-175">
         <name>.text.GPIO_setInterruptConfig</name>
         <load_address>0x2000e128</load_address>
         <readonly>true</readonly>
         <executable>true</executable>
         <run_address>0x2000e128</run_address>
         <size>0x4c</size>
         <alignment>0x4</alignment>
         <input_file_ref idref="fl-14"/>
      </object_component>
      <object_component id="oc-225">
         <name>.text.PRCMLPDSRestoreInfoSet</name>
         <load_address>0x2000e174</load_address>
         <readonly>true</readonly>
         <executable>true</executable>
         <run_address>0x2000e174</run_address>
         <size>0x4c</size>
         <alignment>0x2</alignment>
         <input_file_ref idref="fl-29"/>
      </object_component>
      <object_component id="oc-58">
         <name>.text.ClockP_sysTickHandler</name>
         <load_address>0x2000e1c0</load_address>
         <readonly>true</readonly>
         <executable>true</executable>
         <run_address>0x2000e1c0</run_address>
         <size>0x48</size>
         <alignment>0x4</alignment>
         <input_file_ref idref="fl-1f"/>
      </object_component>
      <object_component id="oc-1e6">
         <name>.text.PRCMIntEnable</name>
         <load_address>0x2000e208</load_address>
         <readonly>true</readonly>
         <executable>true</executable>
         <run_address>0x2000e208</run_address>
         <size>0x48</size>
         <alignment>0x2</alignment>
         <input_file_ref idref="fl-29"/>
      </object_component>
      <object_component id="oc-1b5">
         <name>.text.PRCMPeripheralStatusGet</name>
         <load_address>0x2000e250</load_address>
         <readonly>true</readonly>
         <executable>true</executable>
         <run_address>0x2000e250</run_address>
         <size>0x48</size>
         <alignment>0x2</alignment>
         <input_file_ref idref="fl-29"/>
      </object_component>
      <object_component id="oc-222">
         <name>.text.PinConfigGet</name>
         <load_address>0x2000e298</load_address>
         <readonly>true</readonly>
         <executable>true</executable>
         <run_address>0x2000e298</run_address>
         <size>0x48</size>
         <alignment>0x2</alignment>
         <input_file_ref idref="fl-28"/>
      </object_component>
      <object_component id="oc-205">
         <name>.text.getDutyCounts</name>
         <load_address>0x2000e2e0</load_address>
         <readonly>true</readonly>
         <executable>true</executable>
         <run_address>0x2000e2e0</run_address>
         <size>0x48</size>
         <alignment>0x4</alignment>
         <input_file_ref idref="fl-18"/>
      </object_component>
      <object_component id="oc-1fe">
         <name>.text.getPowerMgrId</name>
         <load_address>0x2000e328</load_address>
         <readonly>true</readonly>
         <executable>true</executable>
         <run_address>0x2000e328</run_address>
         <size>0x48</size>
         <alignment>0x4</alignment>
         <input_file_ref idref="fl-18"/>
      </object_component>
      <object_component id="oc-1eb">
         <name>.text.PRCMLPDSEnterKeepDebugIf</name>
         <load_address>0x2000e370</load_address>
         <readonly>true</readonly>
         <executable>true</executable>
         <run_address>0x2000e370</run_address>
         <size>0x46</size>
         <alignment>0x2</alignment>
         <input_file_ref idref="fl-29"/>
      </object_component>
      <object_component id="oc-16f">
         <name>.text.GPIODirModeSet</name>
         <load_address>0x2000e3b6</load_address>
         <readonly>true</readonly>
         <executable>true</executable>
         <run_address>0x2000e3b6</run_address>
         <size>0x44</size>
         <alignment>0x2</alignment>
         <input_file_ref idref="fl-25"/>
      </object_component>
      <object_component id="oc-57">
         <name>.text.busFaultHandler</name>
         <load_address>0x2000e3fa</load_address>
         <readonly>true</readonly>
         <executable>true</executable>
         <run_address>0x2000e3fa</run_address>
         <size>0x2</size>
         <alignment>0x2</alignment>
         <input_file_ref idref="fl-22"/>
      </object_component>
      <object_component id="oc-1ba">
         <name>.text.GPIO_disableInt</name>
         <load_address>0x2000e3fc</load_address>
         <readonly>true</readonly>
         <executable>true</executable>
         <run_address>0x2000e3fc</run_address>
         <size>0x44</size>
         <alignment>0x4</alignment>
         <input_file_ref idref="fl-14"/>
      </object_component>
      <object_component id="oc-176">
         <name>.text.GPIO_enableInt</name>
         <load_address>0x2000e440</load_address>
         <readonly>true</readonly>
         <executable>true</executable>
         <run_address>0x2000e440</run_address>
         <size>0x44</size>
         <alignment>0x4</alignment>
         <input_file_ref idref="fl-14"/>
      </object_component>
      <object_component id="oc-eb">
         <name>.text.PWM_init</name>
         <load_address>0x2000e484</load_address>
         <readonly>true</readonly>
         <executable>true</executable>
         <run_address>0x2000e484</run_address>
         <size>0x44</size>
         <alignment>0x4</alignment>
         <input_file_ref idref="fl-17"/>
      </object_component>
      <object_component id="oc-218">
         <name>.text.Power_releaseConstraint</name>
         <load_address>0x2000e4c8</load_address>
         <readonly>true</readonly>
         <executable>true</executable>
         <run_address>0x2000e4c8</run_address>
         <size>0x44</size>
         <alignment>0x4</alignment>
         <input_file_ref idref="fl-15"/>
      </object_component>
      <object_component id="oc-7d">
         <name>.text.addToList</name>
         <load_address>0x2000e50c</load_address>
         <readonly>true</readonly>
         <executable>true</executable>
         <run_address>0x2000e50c</run_address>
         <size>0x44</size>
         <alignment>0x4</alignment>
         <input_file_ref idref="fl-1f"/>
      </object_component>
      <object_component id="oc-20d">
         <name>.text.getPeriodCounts</name>
         <load_address>0x2000e550</load_address>
         <readonly>true</readonly>
         <executable>true</executable>
         <run_address>0x2000e550</run_address>
         <size>0x44</size>
         <alignment>0x4</alignment>
         <input_file_ref idref="fl-18"/>
      </object_component>
      <object_component id="oc-118">
         <name>.text.PinModeSet</name>
         <load_address>0x2000e594</load_address>
         <readonly>true</readonly>
         <executable>true</executable>
         <run_address>0x2000e594</run_address>
         <size>0x42</size>
         <alignment>0x2</alignment>
         <input_file_ref idref="fl-28"/>
      </object_component>
      <object_component id="oc-236">
         <name>.text.TimerControlLevel</name>
         <load_address>0x2000e5d6</load_address>
         <readonly>true</readonly>
         <executable>true</executable>
         <run_address>0x2000e5d6</run_address>
         <size>0x42</size>
         <alignment>0x2</alignment>
         <input_file_ref idref="fl-2c"/>
      </object_component>
      <object_component id="oc-1a0">
         <name>.text.getCountsRTC</name>
         <load_address>0x2000e618</load_address>
         <readonly>true</readonly>
         <executable>true</executable>
         <run_address>0x2000e618</run_address>
         <size>0x42</size>
         <alignment>0x2</alignment>
         <input_file_ref idref="fl-21"/>
      </object_component>
      <object_component id="oc-16a">
         <name>.text.clkFxn</name>
         <load_address>0x2000e65a</load_address>
         <readonly>true</readonly>
         <executable>true</executable>
         <run_address>0x2000e65a</run_address>
         <size>0x2</size>
         <alignment>0x2</alignment>
         <input_file_ref idref="fl-1e"/>
      </object_component>
      <object_component id="oc-f2">
         <name>.text.PWM_open</name>
         <load_address>0x2000e65c</load_address>
         <readonly>true</readonly>
         <executable>true</executable>
         <run_address>0x2000e65c</run_address>
         <size>0x40</size>
         <alignment>0x4</alignment>
         <input_file_ref idref="fl-17"/>
      </object_component>
      <object_component id="oc-12d">
         <name>.text.SemaphoreP_post</name>
         <load_address>0x2000e69c</load_address>
         <readonly>true</readonly>
         <executable>true</executable>
         <run_address>0x2000e69c</run_address>
         <size>0x40</size>
         <alignment>0x4</alignment>
         <input_file_ref idref="fl-1e"/>
      </object_component>
      <object_component id="oc-224">
         <name>.text.PinDirModeSet</name>
         <load_address>0x2000e6dc</load_address>
         <readonly>true</readonly>
         <executable>true</executable>
         <run_address>0x2000e6dc</run_address>
         <size>0x3e</size>
         <alignment>0x2</alignment>
         <input_file_ref idref="fl-28"/>
      </object_component>
      <object_component id="oc-56">
         <name>.text.defaultHandler</name>
         <load_address>0x2000e71a</load_address>
         <readonly>true</readonly>
         <executable>true</executable>
         <run_address>0x2000e71a</run_address>
         <size>0x2</size>
         <alignment>0x2</alignment>
         <input_file_ref idref="fl-22"/>
      </object_component>
      <object_component id="oc-1b4">
         <name>.text.ClockP_stop</name>
         <load_address>0x2000e71c</load_address>
         <readonly>true</readonly>
         <executable>true</executable>
         <run_address>0x2000e71c</run_address>
         <size>0x3c</size>
         <alignment>0x4</alignment>
         <input_file_ref idref="fl-1f"/>
      </object_component>
      <object_component id="oc-219">
         <name>.text.PinTypeGPIO</name>
         <load_address>0x2000e758</load_address>
         <readonly>true</readonly>
         <executable>true</executable>
         <run_address>0x2000e758</run_address>
         <size>0x3c</size>
         <alignment>0x2</alignment>
         <input_file_ref idref="fl-28"/>
      </object_component>
      <object_component id="oc-169">
         <name>.text.ClockP_destruct</name>
         <load_address>0x2000e794</load_address>
         <readonly>true</readonly>
         <executable>true</executable>
         <run_address>0x2000e794</run_address>
         <size>0x38</size>
         <alignment>0x4</alignment>
         <input_file_ref idref="fl-1f"/>
      </object_component>
      <object_component id="oc-216">
         <name>.text.Power_setConstraint</name>
         <load_address>0x2000e7cc</load_address>
         <readonly>true</readonly>
         <executable>true</executable>
         <run_address>0x2000e7cc</run_address>
         <size>0x38</size>
         <alignment>0x4</alignment>
         <input_file_ref idref="fl-15"/>
      </object_component>
      <object_component id="oc-1ad">
         <name>.text.SwiP_restore</name>
         <load_address>0x2000e804</load_address>
         <readonly>true</readonly>
         <executable>true</executable>
         <run_address>0x2000e804</run_address>
         <size>0x38</size>
         <alignment>0x4</alignment>
         <input_file_ref idref="fl-23"/>
      </object_component>
      <object_component id="oc-bd">
         <name>.text:__TI_auto_init_nobinit_nopinit</name>
         <load_address>0x2000e83c</load_address>
         <readonly>true</readonly>
         <executable>true</executable>
         <run_address>0x2000e83c</run_address>
         <size>0x38</size>
         <alignment>0x4</alignment>
         <input_file_ref idref="fl-3e"/>
      </object_component>
      <object_component id="oc-1e1">
         <name>.text.PinLock</name>
         <load_address>0x2000e874</load_address>
         <readonly>true</readonly>
         <executable>true</executable>
         <run_address>0x2000e874</run_address>
         <size>0x36</size>
         <alignment>0x2</alignment>
         <input_file_ref idref="fl-28"/>
      </object_component>
      <object_component id="oc-55">
         <name>.text.faultISR</name>
         <load_address>0x2000e8aa</load_address>
         <readonly>true</readonly>
         <executable>true</executable>
         <run_address>0x2000e8aa</run_address>
         <size>0x2</size>
         <alignment>0x2</alignment>
         <input_file_ref idref="fl-22"/>
      </object_component>
      <object_component id="oc-166">
         <name>.text.ClockP_start</name>
         <load_address>0x2000e8ac</load_address>
         <readonly>true</readonly>
         <executable>true</executable>
         <run_address>0x2000e8ac</run_address>
         <size>0x34</size>
         <alignment>0x4</alignment>
         <input_file_ref idref="fl-1f"/>
      </object_component>
      <object_component id="oc-223">
         <name>.text.PinDirModeGet</name>
         <load_address>0x2000e8e0</load_address>
         <readonly>true</readonly>
         <executable>true</executable>
         <run_address>0x2000e8e0</run_address>
         <size>0x34</size>
         <alignment>0x2</alignment>
         <input_file_ref idref="fl-28"/>
      </object_component>
      <object_component id="oc-113">
         <name>.text.PinModeGet</name>
         <load_address>0x2000e914</load_address>
         <readonly>true</readonly>
         <executable>true</executable>
         <run_address>0x2000e914</run_address>
         <size>0x34</size>
         <alignment>0x2</alignment>
         <input_file_ref idref="fl-28"/>
      </object_component>
      <object_component id="oc-1de">
         <name>.text.PowerCC32XX_parkPin</name>
         <load_address>0x2000e948</load_address>
         <readonly>true</readonly>
         <executable>true</executable>
         <run_address>0x2000e948</run_address>
         <size>0x34</size>
         <alignment>0x2</alignment>
         <input_file_ref idref="fl-15"/>
      </object_component>
      <object_component id="oc-1f8">
         <name>.text.TimerCC32XX_freeTimerResource</name>
         <load_address>0x2000e97c</load_address>
         <readonly>true</readonly>
         <executable>true</executable>
         <run_address>0x2000e97c</run_address>
         <size>0x34</size>
         <alignment>0x4</alignment>
         <input_file_ref idref="fl-19"/>
      </object_component>
      <object_component id="oc-4f">
         <name>.text.initVectors</name>
         <load_address>0x2000e9b0</load_address>
         <readonly>true</readonly>
         <executable>true</executable>
         <run_address>0x2000e9b0</run_address>
         <size>0x34</size>
         <alignment>0x4</alignment>
         <input_file_ref idref="fl-22"/>
      </object_component>
      <object_component id="oc-19d">
         <name>.text.ClockP_getTicksUntilInterrupt</name>
         <load_address>0x2000e9e4</load_address>
         <readonly>true</readonly>
         <executable>true</executable>
         <run_address>0x2000e9e4</run_address>
         <size>0x30</size>
         <alignment>0x4</alignment>
         <input_file_ref idref="fl-1f"/>
      </object_component>
      <object_component id="oc-1a6">
         <name>.text.PRCMLPDSIntervalSet</name>
         <load_address>0x2000ea14</load_address>
         <readonly>true</readonly>
         <executable>true</executable>
         <run_address>0x2000ea14</run_address>
         <size>0x30</size>
         <alignment>0x2</alignment>
         <input_file_ref idref="fl-29"/>
      </object_component>
      <object_component id="oc-1d9">
         <name>.text.PRCMSlowClkCtrFastGet</name>
         <load_address>0x2000ea44</load_address>
         <readonly>true</readonly>
         <executable>true</executable>
         <run_address>0x2000ea44</run_address>
         <size>0x30</size>
         <alignment>0x2</alignment>
         <input_file_ref idref="fl-29"/>
      </object_component>
      <object_component id="oc-20f">
         <name>.text.TimerLoadSet</name>
         <load_address>0x2000ea74</load_address>
         <readonly>true</readonly>
         <executable>true</executable>
         <run_address>0x2000ea74</run_address>
         <size>0x30</size>
         <alignment>0x2</alignment>
         <input_file_ref idref="fl-2c"/>
      </object_component>
      <object_component id="oc-20b">
         <name>.text.TimerMatchSet</name>
         <load_address>0x2000eaa4</load_address>
         <readonly>true</readonly>
         <executable>true</executable>
         <run_address>0x2000eaa4</run_address>
         <size>0x30</size>
         <alignment>0x2</alignment>
         <input_file_ref idref="fl-2c"/>
      </object_component>
      <object_component id="oc-206">
         <name>.text.TimerPrescaleMatchSet</name>
         <load_address>0x2000ead4</load_address>
         <readonly>true</readonly>
         <executable>true</executable>
         <run_address>0x2000ead4</run_address>
         <size>0x30</size>
         <alignment>0x2</alignment>
         <input_file_ref idref="fl-2c"/>
      </object_component>
      <object_component id="oc-20e">
         <name>.text.TimerPrescaleSet</name>
         <load_address>0x2000eb04</load_address>
         <readonly>true</readonly>
         <executable>true</executable>
         <run_address>0x2000eb04</run_address>
         <size>0x30</size>
         <alignment>0x2</alignment>
         <input_file_ref idref="fl-2c"/>
      </object_component>
      <object_component id="oc-1dc">
         <name>.text.notify</name>
         <load_address>0x2000eb34</load_address>
         <readonly>true</readonly>
         <executable>true</executable>
         <run_address>0x2000eb34</run_address>
         <size>0x30</size>
         <alignment>0x4</alignment>
         <input_file_ref idref="fl-15"/>
      </object_component>
      <object_component id="oc-1bd">
         <name>.text.GPIOIntStatus</name>
         <load_address>0x2000eb64</load_address>
         <readonly>true</readonly>
         <executable>true</executable>
         <run_address>0x2000eb64</run_address>
         <size>0x2e</size>
         <alignment>0x2</alignment>
         <input_file_ref idref="fl-25"/>
      </object_component>
      <object_component id="oc-54">
         <name>.text.nmiISR</name>
         <load_address>0x2000eb92</load_address>
         <readonly>true</readonly>
         <executable>true</executable>
         <run_address>0x2000eb92</run_address>
         <size>0x2</size>
         <alignment>0x2</alignment>
         <input_file_ref idref="fl-22"/>
      </object_component>
      <object_component id="oc-13f">
         <name>.text.ClockP_sleep</name>
         <load_address>0x2000eb94</load_address>
         <readonly>true</readonly>
         <executable>true</executable>
         <run_address>0x2000eb94</run_address>
         <size>0x2c</size>
         <alignment>0x4</alignment>
         <input_file_ref idref="fl-1f"/>
      </object_component>
      <object_component id="oc-16e">
         <name>.text.HwiP_create</name>
         <load_address>0x2000ebc0</load_address>
         <readonly>true</readonly>
         <executable>true</executable>
         <run_address>0x2000ebc0</run_address>
         <size>0x2a</size>
         <alignment>0x2</alignment>
         <input_file_ref idref="fl-20"/>
      </object_component>
      <object_component id="oc-153">
         <name>.text.PRCMLPDSWakeUpGPIOSelect</name>
         <load_address>0x2000ebea</load_address>
         <readonly>true</readonly>
         <executable>true</executable>
         <run_address>0x2000ebea</run_address>
         <size>0x2a</size>
         <alignment>0x2</alignment>
         <input_file_ref idref="fl-29"/>
      </object_component>
      <object_component id="oc-112">
         <name>.text.PRCMPeripheralClkDisable</name>
         <load_address>0x2000ec14</load_address>
         <readonly>true</readonly>
         <executable>true</executable>
         <run_address>0x2000ec14</run_address>
         <size>0x2a</size>
         <alignment>0x2</alignment>
         <input_file_ref idref="fl-29"/>
      </object_component>
      <object_component id="oc-235">
         <name>.text.List_remove</name>
         <load_address>0x2000ec3e</load_address>
         <readonly>true</readonly>
         <executable>true</executable>
         <run_address>0x2000ec3e</run_address>
         <size>0x28</size>
         <alignment>0x2</alignment>
         <input_file_ref idref="fl-1a"/>
      </object_component>
      <object_component id="oc-1dd">
         <name>.text.PRCMSRAMRetentionEnable</name>
         <load_address>0x2000ec66</load_address>
         <readonly>true</readonly>
         <executable>true</executable>
         <run_address>0x2000ec66</run_address>
         <size>0x28</size>
         <alignment>0x2</alignment>
         <input_file_ref idref="fl-29"/>
      </object_component>
      <object_component id="oc-1b3">
         <name>.text.free_list_insert</name>
         <load_address>0x2000ec90</load_address>
         <readonly>true</readonly>
         <executable>true</executable>
         <run_address>0x2000ec90</run_address>
         <size>0x28</size>
         <alignment>0x4</alignment>
         <input_file_ref idref="fl-3b"/>
      </object_component>
      <object_component id="oc-191">
         <name>.text.sleepTicks</name>
         <load_address>0x2000ecb8</load_address>
         <readonly>true</readonly>
         <executable>true</executable>
         <run_address>0x2000ecb8</run_address>
         <size>0x28</size>
         <alignment>0x2</alignment>
         <input_file_ref idref="fl-1f"/>
      </object_component>
      <object_component id="oc-17b">
         <name>.text.List_put</name>
         <load_address>0x2000ece0</load_address>
         <readonly>true</readonly>
         <executable>true</executable>
         <run_address>0x2000ece0</run_address>
         <size>0x24</size>
         <alignment>0x2</alignment>
         <input_file_ref idref="fl-1a"/>
      </object_component>
      <object_component id="oc-151">
         <name>.text.PRCMLPDSWakeupSourceEnable</name>
         <load_address>0x2000ed04</load_address>
         <readonly>true</readonly>
         <executable>true</executable>
         <run_address>0x2000ed04</run_address>
         <size>0x24</size>
         <alignment>0x2</alignment>
         <input_file_ref idref="fl-29"/>
      </object_component>
      <object_component id="oc-1e8">
         <name>.text.PowerCC32XX_restoreParkedPin</name>
         <load_address>0x2000ed28</load_address>
         <readonly>true</readonly>
         <executable>true</executable>
         <run_address>0x2000ed28</run_address>
         <size>0x24</size>
         <alignment>0x2</alignment>
         <input_file_ref idref="fl-15"/>
      </object_component>
      <object_component id="oc-12c">
         <name>.text.Power_registerNotify</name>
         <load_address>0x2000ed4c</load_address>
         <readonly>true</readonly>
         <executable>true</executable>
         <run_address>0x2000ed4c</run_address>
         <size>0x24</size>
         <alignment>0x4</alignment>
         <input_file_ref idref="fl-15"/>
      </object_component>
      <object_component id="oc-76">
         <name>.text:_c_int00_noargs</name>
         <load_address>0x2000ed70</load_address>
         <readonly>true</readonly>
         <executable>true</executable>
         <run_address>0x2000ed70</run_address>
         <size>0x24</size>
         <alignment>0x4</alignment>
         <input_file_ref idref="fl-3c"/>
      </object_component>
      <object_component id="oc-174">
         <name>.text.GPIOPinWrite</name>
         <load_address>0x2000ed94</load_address>
         <readonly>true</readonly>
         <executable>true</executable>
         <run_address>0x2000ed94</run_address>
         <size>0x22</size>
         <alignment>0x2</alignment>
         <input_file_ref idref="fl-25"/>
      </object_component>
      <object_component id="oc-1e7">
         <name>.text.PinUnlock</name>
         <load_address>0x2000edb6</load_address>
         <readonly>true</readonly>
         <executable>true</executable>
         <run_address>0x2000edb6</run_address>
         <size>0x22</size>
         <alignment>0x2</alignment>
         <input_file_ref idref="fl-28"/>
      </object_component>
      <object_component id="oc-1f2">
         <name>.text.IntRegister</name>
         <load_address>0x2000edd8</load_address>
         <readonly>true</readonly>
         <executable>true</executable>
         <run_address>0x2000edd8</run_address>
         <size>0x20</size>
         <alignment>0x2</alignment>
         <input_file_ref idref="fl-27"/>
      </object_component>
      <object_component id="oc-200">
         <name>.text.Power_unregisterNotify</name>
         <load_address>0x2000edf8</load_address>
         <readonly>true</readonly>
         <executable>true</executable>
         <run_address>0x2000edf8</run_address>
         <size>0x20</size>
         <alignment>0x4</alignment>
         <input_file_ref idref="fl-15"/>
      </object_component>
      <object_component id="oc-121">
         <name>.text.SemaphoreP_createBinary</name>
         <load_address>0x2000ee18</load_address>
         <readonly>true</readonly>
         <executable>true</executable>
         <run_address>0x2000ee18</run_address>
         <size>0x20</size>
         <alignment>0x4</alignment>
         <input_file_ref idref="fl-1e"/>
      </object_component>
      <object_component id="oc-210">
         <name>.text.TimerDisable</name>
         <load_address>0x2000ee38</load_address>
         <readonly>true</readonly>
         <executable>true</executable>
         <run_address>0x2000ee38</run_address>
         <size>0x20</size>
         <alignment>0x2</alignment>
         <input_file_ref idref="fl-2c"/>
      </object_component>
      <object_component id="oc-217">
         <name>.text.PinTypeTimer</name>
         <load_address>0x2000ee58</load_address>
         <readonly>true</readonly>
         <executable>true</executable>
         <run_address>0x2000ee58</run_address>
         <size>0x1e</size>
         <alignment>0x2</alignment>
         <input_file_ref idref="fl-28"/>
      </object_component>
      <object_component id="oc-1f6">
         <name>.text.HwiP_dispatch</name>
         <load_address>0x2000ee78</load_address>
         <readonly>true</readonly>
         <executable>true</executable>
         <run_address>0x2000ee78</run_address>
         <size>0x1c</size>
         <alignment>0x4</alignment>
         <input_file_ref idref="fl-20"/>
      </object_component>
      <object_component id="oc-196">
         <name>.text.SwiP_disable</name>
         <load_address>0x2000ee94</load_address>
         <readonly>true</readonly>
         <executable>true</executable>
         <run_address>0x2000ee94</run_address>
         <size>0x1c</size>
         <alignment>0x4</alignment>
         <input_file_ref idref="fl-23"/>
      </object_component>
      <object_component id="oc-1b2">
         <name>.text.free_list_remove</name>
         <load_address>0x2000eeb0</load_address>
         <readonly>true</readonly>
         <executable>true</executable>
         <run_address>0x2000eeb0</run_address>
         <size>0x1c</size>
         <alignment>0x4</alignment>
         <input_file_ref idref="fl-3b"/>
      </object_component>
      <object_component id="oc-231">
         <name>.text.getPowerMgrId</name>
         <load_address>0x2000eecc</load_address>
         <readonly>true</readonly>
         <executable>true</executable>
         <run_address>0x2000eecc</run_address>
         <size>0x1c</size>
         <alignment>0x4</alignment>
         <input_file_ref idref="fl-19"/>
      </object_component>
      <object_component id="oc-21">
         <name>.text.resetISR</name>
         <load_address>0x2000eee8</load_address>
         <readonly>true</readonly>
         <executable>true</executable>
         <run_address>0x2000eee8</run_address>
         <size>0x1c</size>
         <alignment>0x2</alignment>
         <input_file_ref idref="fl-22"/>
      </object_component>
      <object_component id="oc-1f7">
         <name>.text.GPIOIntDisable</name>
         <load_address>0x2000ef04</load_address>
         <readonly>true</readonly>
         <executable>true</executable>
         <run_address>0x2000ef04</run_address>
         <size>0x1a</size>
         <alignment>0x2</alignment>
         <input_file_ref idref="fl-25"/>
      </object_component>
      <object_component id="oc-10f">
         <name>.text.PRCMHIBRegRead</name>
         <load_address>0x2000ef1e</load_address>
         <readonly>true</readonly>
         <executable>true</executable>
         <run_address>0x2000ef1e</run_address>
         <size>0x1a</size>
         <alignment>0x2</alignment>
         <input_file_ref idref="fl-29"/>
      </object_component>
      <object_component id="oc-10e">
         <name>.text.PRCMHIBRegWrite</name>
         <load_address>0x2000ef38</load_address>
         <readonly>true</readonly>
         <executable>true</executable>
         <run_address>0x2000ef38</run_address>
         <size>0x1a</size>
         <alignment>0x2</alignment>
         <input_file_ref idref="fl-29"/>
      </object_component>
      <object_component id="oc-152">
         <name>.text.PRCMLPDSWakeupSourceDisable</name>
         <load_address>0x2000ef52</load_address>
         <readonly>true</readonly>
         <executable>true</executable>
         <run_address>0x2000ef52</run_address>
         <size>0x1a</size>
         <alignment>0x2</alignment>
         <input_file_ref idref="fl-29"/>
      </object_component>
      <object_component id="oc-1e0">
         <name>.text.PinToPadGet</name>
         <load_address>0x2000ef6c</load_address>
         <readonly>true</readonly>
         <executable>true</executable>
         <run_address>0x2000ef6c</run_address>
         <size>0x1a</size>
         <alignment>0x2</alignment>
         <input_file_ref idref="fl-28"/>
      </object_component>
      <object_component id="oc-215">
         <name>.text.TimerEnable</name>
         <load_address>0x2000ef86</load_address>
         <readonly>true</readonly>
         <executable>true</executable>
         <run_address>0x2000ef86</run_address>
         <size>0x1a</size>
         <alignment>0x2</alignment>
         <input_file_ref idref="fl-2c"/>
      </object_component>
      <object_component id="oc-1bc">
         <name>.text.GPIOIntEnable</name>
         <load_address>0x2000efa0</load_address>
         <readonly>true</readonly>
         <executable>true</executable>
         <run_address>0x2000efa0</run_address>
         <size>0x18</size>
         <alignment>0x2</alignment>
         <input_file_ref idref="fl-25"/>
      </object_component>
      <object_component id="oc-15f">
         <name>.text.SemaphoreP_create</name>
         <load_address>0x2000efb8</load_address>
         <readonly>true</readonly>
         <executable>true</executable>
         <run_address>0x2000efb8</run_address>
         <size>0x18</size>
         <alignment>0x2</alignment>
         <input_file_ref idref="fl-1e"/>
      </object_component>
      <object_component id="oc-a6">
         <name>.text.Board_init</name>
         <load_address>0x2000efd0</load_address>
         <readonly>true</readonly>
         <executable>true</executable>
         <run_address>0x2000efd0</run_address>
         <size>0x16</size>
         <alignment>0x2</alignment>
         <input_file_ref idref="fl-3"/>
      </object_component>
      <object_component id="oc-1a9">
         <name>.text.SysTickPeriodSet</name>
         <load_address>0x2000efe6</load_address>
         <readonly>true</readonly>
         <executable>true</executable>
         <run_address>0x2000efe6</run_address>
         <size>0x16</size>
         <alignment>0x2</alignment>
         <input_file_ref idref="fl-2b"/>
      </object_component>
      <object_component id="oc-6c">
         <name>.text.CPUcpsid</name>
         <load_address>0x2000effc</load_address>
         <readonly>true</readonly>
         <executable>true</executable>
         <run_address>0x2000effc</run_address>
         <size>0x14</size>
         <alignment>0x2</alignment>
         <input_file_ref idref="fl-24"/>
      </object_component>
      <object_component id="oc-187">
         <name>.text.CPUcpsie</name>
         <load_address>0x2000f010</load_address>
         <readonly>true</readonly>
         <executable>true</executable>
         <run_address>0x2000f010</run_address>
         <size>0x14</size>
         <alignment>0x2</alignment>
         <input_file_ref idref="fl-24"/>
      </object_component>
      <object_component id="oc-73">
         <name>.text.IntVTableBaseSet</name>
         <load_address>0x2000f024</load_address>
         <readonly>true</readonly>
         <executable>true</executable>
         <run_address>0x2000f024</run_address>
         <size>0x14</size>
         <alignment>0x2</alignment>
         <input_file_ref idref="fl-27"/>
      </object_component>
      <object_component id="oc-182">
         <name>.text.Power_disablePolicy</name>
         <load_address>0x2000f038</load_address>
         <readonly>true</readonly>
         <executable>true</executable>
         <run_address>0x2000f038</run_address>
         <size>0x14</size>
         <alignment>0x4</alignment>
         <input_file_ref idref="fl-15"/>
      </object_component>
      <object_component id="oc-19e">
         <name>.text.Power_getTransitionLatency</name>
         <load_address>0x2000f04c</load_address>
         <readonly>true</readonly>
         <executable>true</executable>
         <run_address>0x2000f04c</run_address>
         <size>0x14</size>
         <alignment>0x4</alignment>
         <input_file_ref idref="fl-15"/>
      </object_component>
      <object_component id="oc-1b1">
         <name>.text.Power_idleFunc</name>
         <load_address>0x2000f060</load_address>
         <readonly>true</readonly>
         <executable>true</executable>
         <run_address>0x2000f060</run_address>
         <size>0x14</size>
         <alignment>0x4</alignment>
         <input_file_ref idref="fl-15"/>
      </object_component>
      <object_component id="oc-18c">
         <name>.text.__aeabi_uldivmod</name>
         <load_address>0x2000f074</load_address>
         <readonly>true</readonly>
         <executable>true</executable>
         <run_address>0x2000f074</run_address>
         <size>0x14</size>
         <alignment>0x4</alignment>
         <input_file_ref idref="fl-ac"/>
      </object_component>
      <object_component id="oc-165">
         <name>.text.ClockP_add</name>
         <load_address>0x2000f088</load_address>
         <readonly>true</readonly>
         <executable>true</executable>
         <run_address>0x2000f088</run_address>
         <size>0x12</size>
         <alignment>0x2</alignment>
         <input_file_ref idref="fl-1f"/>
      </object_component>
      <object_component id="oc-1bb">
         <name>.text.GPIOIntClear</name>
         <load_address>0x2000f09a</load_address>
         <readonly>true</readonly>
         <executable>true</executable>
         <run_address>0x2000f09a</run_address>
         <size>0x12</size>
         <alignment>0x2</alignment>
         <input_file_ref idref="fl-25"/>
      </object_component>
      <object_component id="oc-16d">
         <name>.text.HwiP_Params_init</name>
         <load_address>0x2000f0ac</load_address>
         <readonly>true</readonly>
         <executable>true</executable>
         <run_address>0x2000f0ac</run_address>
         <size>0x12</size>
         <alignment>0x2</alignment>
         <input_file_ref idref="fl-20"/>
      </object_component>
      <object_component id="oc-211">
         <name>.text.OUTLINED_FUNCTION_0</name>
         <load_address>0x2000f0be</load_address>
         <readonly>true</readonly>
         <executable>true</executable>
         <run_address>0x2000f0be</run_address>
         <size>0x12</size>
         <alignment>0x2</alignment>
         <input_file_ref idref="fl-18"/>
      </object_component>
      <object_component id="oc-1aa">
         <name>.text.SysTickEnable</name>
         <load_address>0x2000f0d0</load_address>
         <readonly>true</readonly>
         <executable>true</executable>
         <run_address>0x2000f0d0</run_address>
         <size>0x12</size>
         <alignment>0x2</alignment>
         <input_file_ref idref="fl-2b"/>
      </object_component>
      <object_component id="oc-1a1">
         <name>.text.SysTickIntDisable</name>
         <load_address>0x2000f0e2</load_address>
         <readonly>true</readonly>
         <executable>true</executable>
         <run_address>0x2000f0e2</run_address>
         <size>0x12</size>
         <alignment>0x2</alignment>
         <input_file_ref idref="fl-2b"/>
      </object_component>
      <object_component id="oc-1ab">
         <name>.text.SysTickIntEnable</name>
         <load_address>0x2000f0f4</load_address>
         <readonly>true</readonly>
         <executable>true</executable>
         <run_address>0x2000f0f4</run_address>
         <size>0x12</size>
         <alignment>0x2</alignment>
         <input_file_ref idref="fl-2b"/>
      </object_component>
      <object_component id="oc-204">
         <name>.text.postNotifyFxn</name>
         <load_address>0x2000f106</load_address>
         <readonly>true</readonly>
         <executable>true</executable>
         <run_address>0x2000f106</run_address>
         <size>0x12</size>
         <alignment>0x2</alignment>
         <input_file_ref idref="fl-18"/>
      </object_component>
      <object_component id="oc-81">
         <name>.text:TI_memcpy_small</name>
         <load_address>0x2000f118</load_address>
         <readonly>true</readonly>
         <executable>true</executable>
         <run_address>0x2000f118</run_address>
         <size>0x12</size>
         <alignment>0x1</alignment>
         <input_file_ref idref="fl-af"/>
      </object_component>
      <object_component id="oc-43">
         <name>.text:decompress:ZI:__TI_zero_init_nomemset</name>
         <load_address>0x2000f12a</load_address>
         <readonly>true</readonly>
         <executable>true</executable>
         <run_address>0x2000f12a</run_address>
         <size>0x12</size>
         <alignment>0x2</alignment>
         <input_file_ref idref="fl-41"/>
      </object_component>
      <object_component id="oc-195">
         <name>.text.ClockP_getCpuFreq</name>
         <load_address>0x2000f13c</load_address>
         <readonly>true</readonly>
         <executable>true</executable>
         <run_address>0x2000f13c</run_address>
         <size>0x10</size>
         <alignment>0x4</alignment>
         <input_file_ref idref="fl-1f"/>
      </object_component>
      <object_component id="oc-19f">
         <name>.text.ClockP_getSystemTicks</name>
         <load_address>0x2000f14c</load_address>
         <readonly>true</readonly>
         <executable>true</executable>
         <run_address>0x2000f14c</run_address>
         <size>0x10</size>
         <alignment>0x4</alignment>
         <input_file_ref idref="fl-1f"/>
      </object_component>
      <object_component id="oc-1a8">
         <name>.text.ClockP_setTicks</name>
         <load_address>0x2000f15c</load_address>
         <readonly>true</readonly>
         <executable>true</executable>
         <run_address>0x2000f15c</run_address>
         <size>0x10</size>
         <alignment>0x4</alignment>
         <input_file_ref idref="fl-1f"/>
      </object_component>
      <object_component id="oc-181">
         <name>.text.HwiP_inISR</name>
         <load_address>0x2000f16c</load_address>
         <readonly>true</readonly>
         <executable>true</executable>
         <run_address>0x2000f16c</run_address>
         <size>0x10</size>
         <alignment>0x4</alignment>
         <input_file_ref idref="fl-20"/>
      </object_component>
      <object_component id="oc-f1">
         <name>.text.PWM_Params_init</name>
         <load_address>0x2000f17c</load_address>
         <readonly>true</readonly>
         <executable>true</executable>
         <run_address>0x2000f17c</run_address>
         <size>0x10</size>
         <alignment>0x4</alignment>
         <input_file_ref idref="fl-17"/>
      </object_component>
      <object_component id="oc-168">
         <name>.text.Power_enablePolicy</name>
         <load_address>0x2000f18c</load_address>
         <readonly>true</readonly>
         <executable>true</executable>
         <run_address>0x2000f18c</run_address>
         <size>0x10</size>
         <alignment>0x4</alignment>
         <input_file_ref idref="fl-15"/>
      </object_component>
      <object_component id="oc-8f">
         <name>.text.main</name>
         <load_address>0x2000f19c</load_address>
         <readonly>true</readonly>
         <executable>true</executable>
         <run_address>0x2000f19c</run_address>
         <size>0x10</size>
         <alignment>0x2</alignment>
         <input_file_ref idref="fl-1"/>
      </object_component>
      <object_component id="oc-214">
         <name>.text.OUTLINED_FUNCTION_1</name>
         <load_address>0x2000f1ac</load_address>
         <readonly>true</readonly>
         <executable>true</executable>
         <run_address>0x2000f1ac</run_address>
         <size>0xe</size>
         <alignment>0x2</alignment>
         <input_file_ref idref="fl-18"/>
      </object_component>
      <object_component id="oc-213">
         <name>.text.OUTLINED_FUNCTION_2</name>
         <load_address>0x2000f1ba</load_address>
         <readonly>true</readonly>
         <executable>true</executable>
         <run_address>0x2000f1ba</run_address>
         <size>0xe</size>
         <alignment>0x2</alignment>
         <input_file_ref idref="fl-18"/>
      </object_component>
      <object_component id="oc-212">
         <name>.text.OUTLINED_FUNCTION_3</name>
         <load_address>0x2000f1c8</load_address>
         <readonly>true</readonly>
         <executable>true</executable>
         <run_address>0x2000f1c8</run_address>
         <size>0xe</size>
         <alignment>0x2</alignment>
         <input_file_ref idref="fl-18"/>
      </object_component>
      <object_component id="oc-1c">
         <name>.text:decompress:none</name>
         <load_address>0x2000f1d6</load_address>
         <readonly>true</readonly>
         <executable>true</executable>
         <run_address>0x2000f1d6</run_address>
         <size>0xe</size>
         <alignment>0x2</alignment>
         <input_file_ref idref="fl-42"/>
      </object_component>
      <object_component id="oc-1ed">
         <name>.text.CPUwfi</name>
         <load_address>0x2000f1e4</load_address>
         <readonly>true</readonly>
         <executable>true</executable>
         <run_address>0x2000f1e4</run_address>
         <size>0xc</size>
         <alignment>0x2</alignment>
         <input_file_ref idref="fl-24"/>
      </object_component>
      <object_component id="oc-1e9">
         <name>.text.PRCMLPDSWakeupCauseGet</name>
         <load_address>0x2000f1f0</load_address>
         <readonly>true</readonly>
         <executable>true</executable>
         <run_address>0x2000f1f0</run_address>
         <size>0xc</size>
         <alignment>0x2</alignment>
         <input_file_ref idref="fl-29"/>
      </object_component>
      <object_component id="oc-19c">
         <name>.text.Power_getConstraintMask</name>
         <load_address>0x2000f1fc</load_address>
         <readonly>true</readonly>
         <executable>true</executable>
         <run_address>0x2000f1fc</run_address>
         <size>0xc</size>
         <alignment>0x4</alignment>
         <input_file_ref idref="fl-15"/>
      </object_component>
      <object_component id="oc-167">
         <name>.text.ClockP_isActive</name>
         <load_address>0x2000f208</load_address>
         <readonly>true</readonly>
         <executable>true</executable>
         <run_address>0x2000f208</run_address>
         <size>0xa</size>
         <alignment>0x2</alignment>
         <input_file_ref idref="fl-1f"/>
      </object_component>
      <object_component id="oc-4a">
         <name>.text.IntMasterDisable</name>
         <load_address>0x2000f212</load_address>
         <readonly>true</readonly>
         <executable>true</executable>
         <run_address>0x2000f212</run_address>
         <size>0xa</size>
         <alignment>0x2</alignment>
         <input_file_ref idref="fl-27"/>
      </object_component>
      <object_component id="oc-135">
         <name>.text.IntMasterEnable</name>
         <load_address>0x2000f21c</load_address>
         <readonly>true</readonly>
         <executable>true</executable>
         <run_address>0x2000f21c</run_address>
         <size>0xa</size>
         <alignment>0x2</alignment>
         <input_file_ref idref="fl-27"/>
      </object_component>
      <object_component id="oc-128">
         <name>.text.HwiP_restore</name>
         <load_address>0x2000f226</load_address>
         <readonly>true</readonly>
         <executable>true</executable>
         <run_address>0x2000f226</run_address>
         <size>0x8</size>
         <alignment>0x2</alignment>
         <input_file_ref idref="fl-20"/>
      </object_component>
      <object_component id="oc-1ac">
         <name>.text.PRCMSleepEnter</name>
         <load_address>0x2000f22e</load_address>
[...]
         <name>ClockP_ctrl</name>
         <value>0x2000ff78</value>
      </symbol>
      <symbol id="sm-1ec">
         <name>ClockP_add</name>
         <value>0x2000f089</value>
         <object_component_ref idref="oc-165"/>
      </symbol>
      <symbol id="sm-1ed">
         <name>ClockP_startup</name>
         <value>0x2000de31</value>
         <object_component_ref idref="oc-190"/>
      </symbol>
      <symbol id="sm-1ee">
         <name>ClockP_start</name>
         <value>0x2000e8ad</value>
         <object_component_ref idref="oc-166"/>
      </symbol>
      <symbol id="sm-1ef">
         <name>ClockP_stop</name>
         <value>0x2000e71d</value>
         <object_component_ref idref="oc-1b4"/>
      </symbol>
      <symbol id="sm-1f0">
         <name>ClockP_destruct</name>
         <value>0x2000e795</value>
         <object_component_ref idref="oc-169"/>
      </symbol>
      <symbol id="sm-1f1">
         <name>ClockP_doTick</name>
         <value>0x2000f259</value>
         <object_component_ref idref="oc-1ae"/>
      </symbol>
      <symbol id="sm-1f2">
         <name>ClockP_getCpuFreq</name>
         <value>0x2000f13d</value>
         <object_component_ref idref="oc-195"/>
      </symbol>
      <symbol id="sm-1f3">
         <name>ClockP_getSystemTicks</name>
         <value>0x2000f14d</value>
         <object_component_ref idref="oc-19f"/>
      </symbol>
      <symbol id="sm-1f4">
         <name>ClockP_getTicksUntilInterrupt</name>
         <value>0x2000e9e5</value>
         <object_component_ref idref="oc-19d"/>
      </symbol>
      <symbol id="sm-1f5">
         <name>ClockP_isActive</name>
         <value>0x2000f209</value>
         <object_component_ref idref="oc-167"/>
      </symbol>
      <symbol id="sm-1f6">
         <name>ClockP_setTicks</name>
         <value>0x2000f15d</value>
         <object_component_ref idref="oc-1a8"/>
      </symbol>
      <symbol id="sm-1f7">
         <name>ClockP_sleep</name>
         <value>0x2000eb95</value>
         <object_component_ref idref="oc-13f"/>
      </symbol>
      <symbol id="sm-1f8">
         <name>ClockP_tickPeriod</name>
         <value>0x2000f8ec</value>
         <object_component_ref idref="oc-192"/>
      </symbol>
      <symbol id="sm-217">
         <name>HwiP_enable</name>
         <value>0x2000f25d</value>
         <object_component_ref idref="oc-e3"/>
      </symbol>
      <symbol id="sm-218">
         <name>HwiP_disable</name>
         <value>0x2000d489</value>
         <object_component_ref idref="oc-127"/>
      </symbol>
      <symbol id="sm-219">
         <name>HwiP_restore</name>
         <value>0x2000f227</value>
         <object_component_ref idref="oc-128"/>
      </symbol>
      <symbol id="sm-21a">
         <name>HwiP_dispatch</name>
         <value>0x2000ee79</value>
         <object_component_ref idref="oc-1f6"/>
      </symbol>
      <symbol id="sm-21b">
         <name>HwiP_construct</name>
         <value>0x2000d94d</value>
         <object_component_ref idref="oc-1b6"/>
      </symbol>
      <symbol id="sm-21c">
         <name>HwiP_swiPIntNum</name>
         <value>0x2000f8f0</value>
         <object_component_ref idref="oc-1ef"/>
      </symbol>
      <symbol id="sm-21d">
         <name>HwiP_Params_init</name>
         <value>0x2000f0ad</value>
         <object_component_ref idref="oc-16d"/>
      </symbol>
      <symbol id="sm-21e">
         <name>HwiP_create</name>
         <value>0x2000ebc1</value>
         <object_component_ref idref="oc-16e"/>
      </symbol>
      <symbol id="sm-21f">
         <name>HwiP_post</name>
         <value>0x2000f261</value>
         <object_component_ref idref="oc-1ee"/>
      </symbol>
      <symbol id="sm-220">
         <name>HwiP_inISR</name>
         <value>0x2000f16d</value>
         <object_component_ref idref="oc-181"/>
      </symbol>
      <symbol id="sm-230">
         <name>PowerCC32XX_initPolicy</name>
         <value>0x2000d647</value>
         <object_component_ref idref="oc-157"/>
      </symbol>
      <symbol id="sm-231">
         <name>PowerCC32XX_sleepPolicy</name>
         <value>0x2000c8dd</value>
         <object_component_ref idref="oc-15c"/>
      </symbol>
      <symbol id="sm-24e">
         <name>resetISR</name>
         <value>0x2000eee9</value>
         <object_component_ref idref="oc-21"/>
      </symbol>
      <symbol id="sm-24f">
         <name>initVectors</name>
         <value>0x2000e9b1</value>
         <object_component_ref idref="oc-4f"/>
      </symbol>
      <symbol id="sm-264">
         <name>SwiP_disable</name>
         <value>0x2000ee95</value>
         <object_component_ref idref="oc-196"/>
      </symbol>
      <symbol id="sm-265">
         <name>SwiP_restore</name>
         <value>0x2000e805</value>
         <object_component_ref idref="oc-1ad"/>
      </symbol>
      <symbol id="sm-27c">
         <name>CPUcpsid</name>
         <value>0x2000effd</value>
         <object_component_ref idref="oc-6c"/>
      </symbol>
      <symbol id="sm-27d">
         <name>CPUcpsie</name>
         <value>0x2000f011</value>
         <object_component_ref idref="oc-187"/>
      </symbol>
      <symbol id="sm-27e">
         <name>CPUwfi</name>
         <value>0x2000f1e5</value>
         <object_component_ref idref="oc-1ed"/>
      </symbol>
      <symbol id="sm-2b7">
         <name>GPIODirModeSet</name>
         <value>0x2000e3b7</value>
         <object_component_ref idref="oc-16f"/>
      </symbol>
      <symbol id="sm-2b8">
         <name>GPIOIntClear</name>
         <value>0x2000f09b</value>
         <object_component_ref idref="oc-1bb"/>
      </symbol>
      <symbol id="sm-2b9">
         <name>GPIOIntDisable</name>
         <value>0x2000ef05</value>
         <object_component_ref idref="oc-1f7"/>
      </symbol>
      <symbol id="sm-2ba">
         <name>GPIOIntEnable</name>
         <value>0x2000efa1</value>
         <object_component_ref idref="oc-1bc"/>
      </symbol>
      <symbol id="sm-2bb">
         <name>GPIOIntStatus</name>
         <value>0x2000eb65</value>
         <object_component_ref idref="oc-1bd"/>
      </symbol>
      <symbol id="sm-2bc">
         <name>GPIOIntTypeSet</name>
         <value>0x2000d0b5</value>
         <object_component_ref idref="oc-1b9"/>
      </symbol>
      <symbol id="sm-2bd">
         <name>GPIOPinWrite</name>
         <value>0x2000ed95</value>
         <object_component_ref idref="oc-174"/>
      </symbol>
      <symbol id="sm-300">
         <name>IntEnable</name>
         <value>0x2000cf3d</value>
         <object_component_ref idref="oc-1f4"/>
      </symbol>
      <symbol id="sm-301">
         <name>IntMasterDisable</name>
         <value>0x2000f213</value>
         <object_component_ref idref="oc-4a"/>
      </symbol>
      <symbol id="sm-302">
         <name>IntMasterEnable</name>
         <value>0x2000f21d</value>
         <object_component_ref idref="oc-135"/>
      </symbol>
      <symbol id="sm-303">
         <name>IntPendSet</name>
         <value>0x2000d209</value>
         <object_component_ref idref="oc-22c"/>
      </symbol>
      <symbol id="sm-304">
         <name>IntPrioritySet</name>
         <value>0x2000de89</value>
         <object_component_ref idref="oc-1f3"/>
      </symbol>
      <symbol id="sm-305">
         <name>IntRegister</name>
         <value>0x2000edd9</value>
         <object_component_ref idref="oc-1f2"/>
      </symbol>
      <symbol id="sm-306">
         <name>IntVTableBaseSet</name>
         <value>0x2000f025</value>
         <object_component_ref idref="oc-73"/>
      </symbol>
      <symbol id="sm-350">
         <name>PinConfigGet</name>
         <value>0x2000e299</value>
         <object_component_ref idref="oc-222"/>
      </symbol>
      <symbol id="sm-351">
         <name>PinConfigSet</name>
         <value>0x2000d2ad</value>
         <object_component_ref idref="oc-16b"/>
      </symbol>
      <symbol id="sm-352">
         <name>PinDirModeGet</name>
         <value>0x2000e8e1</value>
         <object_component_ref idref="oc-223"/>
      </symbol>
      <symbol id="sm-353">
         <name>PinDirModeSet</name>
         <value>0x2000e6dd</value>
         <object_component_ref idref="oc-224"/>
      </symbol>
      <symbol id="sm-354">
         <name>PinLock</name>
         <value>0x2000e875</value>
         <object_component_ref idref="oc-1e1"/>
      </symbol>
      <symbol id="sm-355">
         <name>PinLockLevelSet</name>
         <value>0x2000daa5</value>
         <object_component_ref idref="oc-1df"/>
      </symbol>
      <symbol id="sm-356">
         <name>PinModeGet</name>
         <value>0x2000e915</value>
         <object_component_ref idref="oc-113"/>
      </symbol>
      <symbol id="sm-357">
         <name>PinModeSet</name>
         <value>0x2000e595</value>
         <object_component_ref idref="oc-118"/>
      </symbol>
      <symbol id="sm-358">
         <name>PinToPadGet</name>
         <value>0x2000ef6d</value>
         <object_component_ref idref="oc-1e0"/>
      </symbol>
      <symbol id="sm-359">
         <name>PinTypeGPIO</name>
         <value>0x2000e759</value>
         <object_component_ref idref="oc-219"/>
      </symbol>
      <symbol id="sm-35a">
         <name>PinTypeTimer</name>
         <value>0x2000ee59</value>
         <object_component_ref idref="oc-217"/>
      </symbol>
      <symbol id="sm-35b">
         <name>PinUnlock</name>
         <value>0x2000edb7</value>
         <object_component_ref idref="oc-1e7"/>
      </symbol>
      <symbol id="sm-40d">
         <name>PRCMCC3200MCUInit</name>
         <value>0x2000c041</value>
         <object_component_ref idref="oc-d0"/>
      </symbol>
      <symbol id="sm-40e">
         <name>PRCMHIBRegRead</name>
         <value>0x2000ef1f</value>
         <object_component_ref idref="oc-10f"/>
      </symbol>
      <symbol id="sm-40f">
         <name>PRCMHIBRegWrite</name>
         <value>0x2000ef39</value>
         <object_component_ref idref="oc-10e"/>
      </symbol>
      <symbol id="sm-410">
         <name>PRCMHibernateWakeUpGPIOSelect</name>
         <value>0x2000d9c1</value>
         <object_component_ref idref="oc-154"/>
      </symbol>
      <symbol id="sm-411">
         <name>PRCMHibernateWakeupSourceDisable</name>
         <value>0x2000dd1b</value>
         <object_component_ref idref="oc-156"/>
      </symbol>
      <symbol id="sm-412">
         <name>PRCMHibernateWakeupSourceEnable</name>
         <value>0x2000e089</value>
         <object_component_ref idref="oc-155"/>
      </symbol>
      <symbol id="sm-413">
         <name>PRCMIntEnable</name>
         <value>0x2000e209</value>
         <object_component_ref idref="oc-1e6"/>
      </symbol>
      <symbol id="sm-414">
         <name>PRCMLPDSEnter</name>
         <value>0x2000df39</value>
         <object_component_ref idref="oc-1ec"/>
      </symbol>
      <symbol id="sm-415">
         <name>PRCMLPDSEnterKeepDebugIf</name>
         <value>0x2000e371</value>
         <object_component_ref idref="oc-1eb"/>
      </symbol>
      <symbol id="sm-416">
         <name>PRCMLPDSIntervalSet</name>
         <value>0x2000ea15</value>
         <object_component_ref idref="oc-1a6"/>
      </symbol>
      <symbol id="sm-417">
         <name>PRCMLPDSRestoreInfoSet</name>
         <value>0x2000e175</value>
         <object_component_ref idref="oc-225"/>
      </symbol>
      <symbol id="sm-418">
         <name>PRCMLPDSWakeUpGPIOSelect</name>
         <value>0x2000ebeb</value>
         <object_component_ref idref="oc-153"/>
      </symbol>
      <symbol id="sm-419">
         <name>PRCMLPDSWakeupCauseGet</name>
         <value>0x2000f1f1</value>
         <object_component_ref idref="oc-1e9"/>
      </symbol>
      <symbol id="sm-41a">
         <name>PRCMLPDSWakeupSourceDisable</name>
         <value>0x2000ef53</value>
         <object_component_ref idref="oc-152"/>
      </symbol>
      <symbol id="sm-41b">
         <name>PRCMLPDSWakeupSourceEnable</name>
         <value>0x2000ed05</value>
         <object_component_ref idref="oc-151"/>
      </symbol>
      <symbol id="sm-41c">
         <name>PRCMPeripheralClkDisable</name>
         <value>0x2000ec15</value>
         <object_component_ref idref="oc-112"/>
      </symbol>
      <symbol id="sm-41d">
         <name>PRCMPeripheralClkEnable</name>
         <value>0x2000ddd5</value>
         <object_component_ref idref="oc-110"/>
      </symbol>
      <symbol id="sm-41e">
         <name>PRCMPeripheralReset</name>
         <value>0x2000dc55</value>
         <object_component_ref idref="oc-111"/>
      </symbol>
      <symbol id="sm-41f">
         <name>PRCMPeripheralStatusGet</name>
         <value>0x2000e251</value>
         <object_component_ref idref="oc-1b5"/>
      </symbol>
      <symbol id="sm-420">
         <name>PRCMSRAMRetentionEnable</name>
         <value>0x2000ec67</value>
         <object_component_ref idref="oc-1dd"/>
      </symbol>
      <symbol id="sm-421">
         <name>PRCMSleepEnter</name>
         <value>0x2000f22f</value>
         <object_component_ref idref="oc-1ac"/>
      </symbol>
      <symbol id="sm-422">
         <name>PRCMSlowClkCtrFastGet</name>
         <value>0x2000ea45</value>
         <object_component_ref idref="oc-1d9"/>
      </symbol>
      <symbol id="sm-423">
         <name>PRCMSysResetCauseGet</name>
         <value>0x2000d5b9</value>
         <object_component_ref idref="oc-109"/>
      </symbol>
      <symbol id="sm-441">
         <name>SysTickEnable</name>
         <value>0x2000f0d1</value>
         <object_component_ref idref="oc-1aa"/>
      </symbol>
      <symbol id="sm-442">
         <name>SysTickIntDisable</name>
         <value>0x2000f0e3</value>
         <object_component_ref idref="oc-1a1"/>
      </symbol>
      <symbol id="sm-443">
         <name>SysTickIntEnable</name>
         <value>0x2000f0f5</value>
         <object_component_ref idref="oc-1ab"/>
      </symbol>
      <symbol id="sm-444">
         <name>SysTickPeriodSet</name>
         <value>0x2000efe7</value>
         <object_component_ref idref="oc-1a9"/>
      </symbol>
      <symbol id="sm-481">
         <name>TimerControlLevel</name>
         <value>0x2000e5d7</value>
         <object_component_ref idref="oc-236"/>
      </symbol>
      <symbol id="sm-482">
         <name>TimerDisable</name>
         <value>0x2000ee39</value>
         <object_component_ref idref="oc-210"/>
      </symbol>
      <symbol id="sm-483">
         <name>TimerEnable</name>
         <value>0x2000ef87</value>
         <object_component_ref idref="oc-215"/>
      </symbol>
      <symbol id="sm-484">
         <name>TimerLoadSet</name>
         <value>0x2000ea75</value>
         <object_component_ref idref="oc-20f"/>
      </symbol>
      <symbol id="sm-485">
         <name>TimerMatchSet</name>
         <value>0x2000eaa5</value>
         <object_component_ref idref="oc-20b"/>
      </symbol>
      <symbol id="sm-486">
         <name>TimerPrescaleMatchSet</name>
         <value>0x2000ead5</value>
         <object_component_ref idref="oc-206"/>
      </symbol>
      <symbol id="sm-487">
         <name>TimerPrescaleSet</name>
         <value>0x2000eb05</value>
         <object_component_ref idref="oc-20e"/>
      </symbol>
      <symbol id="sm-492">
         <name>UtilsDelay</name>
         <value>0x2000f237</value>
         <object_component_ref idref="oc-10a"/>
      </symbol>
      <symbol id="sm-4bf">
         <name>FlashDisable</name>
         <value>0x2000dcbf</value>
         <object_component_ref idref="oc-227"/>
      </symbol>
      <symbol id="sm-4df">
         <name>malloc</name>
         <value>0x2000f23f</value>
         <object_component_ref idref="oc-1af"/>
      </symbol>
      <symbol id="sm-4e0">
         <name>aligned_alloc</name>
         <value>0x2000cb6d</value>
         <object_component_ref idref="oc-1f0"/>
      </symbol>
      <symbol id="sm-4e1">
         <name>free</name>
         <value>0x2000cc8d</value>
         <object_component_ref idref="oc-163"/>
      </symbol>
      <symbol id="sm-4e2">
         <name>_sys_memory</name>
         <value>0x20004040</value>
         <object_component_ref idref="oc-31"/>
      </symbol>
      <symbol id="sm-4e3">
         <name>memalign</name>
         <value>0x2000cb6d</value>
         <object_component_ref idref="oc-1f0"/>
      </symbol>
      <symbol id="sm-4ee">
         <name>_c_int00_noargs</name>
         <value>0x2000ed71</value>
         <object_component_ref idref="oc-76"/>
      </symbol>
      <symbol id="sm-4ef">
         <name>__stack</name>
         <value>0x20003000</value>
         <object_component_ref idref="oc-16"/>
      </symbol>
      <symbol id="sm-4fb">
         <name>__TI_auto_init_nobinit_nopinit</name>
         <value>0x2000e83d</value>
         <object_component_ref idref="oc-bd"/>
      </symbol>
      <symbol id="sm-503">
         <name>_system_pre_init</name>
         <value>0x2000f271</value>
         <object_component_ref idref="oc-8b"/>
      </symbol>
      <symbol id="sm-50e">
         <name>__TI_zero_init_nomemset</name>
         <value>0x2000f12b</value>
         <object_component_ref idref="oc-43"/>
      </symbol>
      <symbol id="sm-517">
         <name>__TI_decompress_none</name>
         <value>0x2000f1d7</value>
         <object_component_ref idref="oc-1c"/>
      </symbol>
      <symbol id="sm-521">
         <name>__TI_decompress_lzss</name>
         <value>0x2000da35</value>
         <object_component_ref idref="oc-18"/>
      </symbol>
      <symbol id="sm-52b">
         <name>abort</name>
         <value>0x2000f279</value>
         <object_component_ref idref="oc-b6"/>
      </symbol>
      <symbol id="sm-52c">
         <name>C$$EXIT</name>
         <value>0x2000f278</value>
         <object_component_ref idref="oc-b6"/>
      </symbol>
      <symbol id="sm-535">
         <name>_nop</name>
         <value>0x2000df8f</value>
         <object_component_ref idref="oc-142"/>
      </symbol>
      <symbol id="sm-536">
         <name>_lock</name>
         <value>0x2000f8f4</value>
         <object_component_ref idref="oc-ff"/>
      </symbol>
      <symbol id="sm-537">
         <name>_unlock</name>
         <value>0x2000f8f8</value>
         <object_component_ref idref="oc-102"/>
      </symbol>
      <symbol id="sm-53e">
         <name>__aeabi_memcpy</name>
         <value>0x2000f26d</value>
         <object_component_ref idref="oc-3c"/>
      </symbol>
      <symbol id="sm-53f">
         <name>__aeabi_memcpy4</name>
         <value>0x2000f26d</value>
         <object_component_ref idref="oc-3c"/>
      </symbol>
      <symbol id="sm-540">
         <name>__aeabi_memcpy8</name>
         <value>0x2000f26d</value>
         <object_component_ref idref="oc-3c"/>
      </symbol>
      <symbol id="sm-546">
         <name>__aeabi_uldivmod</name>
         <value>0x2000f075</value>
         <object_component_ref idref="oc-18c"/>
      </symbol>
      <symbol id="sm-54c">
         <name>__udivmoddi4</name>
         <value>0x2000d005</value>
         <object_component_ref idref="oc-1cf"/>
      </symbol>
      <symbol id="sm-556">
         <name>__aeabi_ldiv0</name>
         <value>0x2000de2f</value>
         <object_component_ref idref="oc-21b"/>
      </symbol>
      <symbol id="sm-55e">
         <name>TI_memcpy_small</name>
         <value>0x2000f119</value>
         <object_component_ref idref="oc-81"/>
      </symbol>
      <symbol id="sm-55f">
         <name>__TI_static_base__</name>
         <value>0x2000ff90</value>
      </symbol>
      <symbol id="sm-562">
         <name>ITM_flush</name>
         <value>0x0</value>
      </symbol>
      <symbol id="sm-563">
         <name>ITM_restore</name>
         <value>0x0</value>
      </symbol>
      <symbol id="sm-564">
         <name>__mpu_init</name>
         <value>0x0</value>
      </symbol>
      <symbol id="sm-565">
         <name>_system_post_cinit</name>
         <value>0x0</value>
      </symbol>
   </symbol_table>
   <title>Link successful</title>
</link_info>
