******************************************************************************
            TI ARM Clang Linker Unix v3.2.0                    
******************************************************************************
>> Linked Wed Nov 27 11:10:47 2024

OUTPUT FILE NAME:   <pwmled2_CC3220S_LAUNCHXL_nortos_ticlang.out>
ENTRY POINT SYMBOL: "resetISR"  address: 2000eee9


MEMORY CONFIGURATION

         name            origin    length      used     unused   attr    fill
----------------------  --------  ---------  --------  --------  ----  --------
  SRAM2                 20000000   00004000  0000130c  00002cf4  RW X
  SRAM                  20004000   0003c000  0000c06d  0002ff93  RW X
  LOG_DATA              90000000   00040000  00000000  00040000  R   
  LOG_PTR               94000008   00040000  00000000  00040000  R   


SEGMENT ALLOCATION MAP

run origin  load origin   length   init length attrs members
----------  ----------- ---------- ----------- ----- -------
20003000    20003000    00001000   00000000    rw-
  20003000    20003000    00001000   00000000    rw- .stack
20004000    20004000    00000040   00000040    r--
  20004000    20004000    00000040   00000040    r-- .resetVecs
20004040    20004040    00008000   00000000    rw-
  20004040    20004040    00008000   00000000    rw- .sysmem
2000c040    2000c040    0000323c   0000323c    r-x
  2000c040    2000c040    0000323c   0000323c    r-x .text
2000f280    2000f280    00000681   00000000    rw-
  2000f280    2000f280    00000681   00000000    rw- .data
2000f904    2000f904    000003f0   000003f0    r--
  2000f904    2000f904    000003f0   000003f0    r-- .rodata
2000fcf8    2000fcf8    00000298   00000000    rw-
  2000fcf8    2000fcf8    00000298   00000000    rw- .bss
2000ff90    2000ff90    000000e8   000000e8    r--
  2000ff90    2000ff90    000000e8   000000e8    r-- .cinit


SECTION ALLOCATION MAP

 output                                  attributes/
section   page    origin      length       input sections
--------  ----  ----------  ----------   ----------------
.text      0    2000c040    0000323c     
                  2000c040    000004b8     driverlib.a : prcm.obj (.text.PRCMCC3200MCUInit)
                  2000c4f8    000003e4     drivers_cc32xx.a : PowerCC32XX.c.obj (.text.Power_sleep)
                  2000c8dc    00000150     nortos_cc32xx.a : PowerCC32XX_nortos.c.obj (.text.PowerCC32XX_sleepPolicy)
                  2000ca2c    00000140     drivers_cc32xx.a : GPIOCC32XX.c.obj (.text.GPIO_setConfig)
                  2000cb6c    00000120     libc.a : memory.c.obj (.text.aligned_alloc)
                  2000cc8c    000000f0            : memory.c.obj (.text.free)
                  2000cd7c    000000e4     drivers_cc32xx.a : PWMTimerCC32XX.c.obj (.text.PWMTimerCC32XX_open)
                  2000ce60    000000dc                      : PWMTimerCC32XX.c.obj (.text.PWMTimerCC32XX_setDutyAndPeriod)
                  2000cf3c    000000c8     driverlib.a : interrupt.obj (.text.IntEnable)
                  2000d004    000000b0     libclang_rt.builtins.a : udivmoddi4.S.obj (.text)
                  2000d0b4    000000ac     driverlib.a : gpio.obj (.text.GPIOIntTypeSet)
                  2000d160    000000a8     drivers_cc32xx.a : PWMTimerCC32XX.c.obj (.text.PWMTimerCC32XX_stop)
                  2000d208    000000a4     driverlib.a : interrupt.obj (.text.IntPendSet)
                  2000d2ac    000000a2                 : pin.obj (.text.PinConfigSet)
                  2000d34e    00000002     ti_drivers_config.o (.text.Board_initHook)
                  2000d350    000000a0     drivers_cc32xx.a : PWMTimerCC32XX.c.obj (.text.PWMTimerCC32XX_setDuty)
                  2000d3f0    00000098     nortos_cc32xx.a : SemaphoreP_nortos.c.obj (.text.SemaphoreP_pend)
                  2000d488    00000008                     : HwiPCC32XX_nortos.c.obj (.text.HwiP_disable)
                  2000d490    00000096     drivers_cc32xx.a : PowerCC32XX_ticlang.asm.obj (.text)
                  2000d526    00000002                      : PWMTimerCC32XX.c.obj (.text.PWMTimerCC32XX_init)
                  2000d528    00000090                      : GPIOCC32XX.c.obj (.text.GPIO_init)
                  2000d5b8    0000008e     driverlib.a : prcm.obj (.text.PRCMSysResetCauseGet)
                  2000d646    00000002     nortos_cc32xx.a : PowerCC32XX_nortos.c.obj (.text.PowerCC32XX_initPolicy)
                  2000d648    00000088     drivers_cc32xx.a : PowerCC32XX.c.obj (.text.PowerCC32XX_configureWakeup)
                  2000d6d0    00000084                      : PWMTimerCC32XX.c.obj (.text.PWMTimerCC32XX_close)
                  2000d754    00000084                      : PWMTimerCC32XX.c.obj (.text.PWMTimerCC32XX_setPeriod)
                  2000d7d8    00000084                      : PWMTimerCC32XX.c.obj (.text.initHw)
                  2000d85c    00000078                      : PowerCC32XX.c.obj (.text.Power_init)
                  2000d8d4    00000078     pwmled2.o (.text.mainThread)
                  2000d94c    00000074     nortos_cc32xx.a : HwiPCC32XX_nortos.c.obj (.text.HwiP_construct)
                  2000d9c0    00000074     driverlib.a : prcm.obj (.text.PRCMHibernateWakeUpGPIOSelect)
                  2000da34    00000070     libc.a : copy_decompress_lzss.c.obj (.text:decompress:lzss)
                  2000daa4    0000006c     driverlib.a : pin.obj (.text.PinLockLevelSet)
                  2000db10    0000006c     drivers_cc32xx.a : PowerCC32XX.c.obj (.text.Power_setDependency)
                  2000db7c    0000006c                      : GPIOCC32XX.c.obj (.text.powerNotifyFxn)
                  2000dbe8    0000006c     libc.a : memory.c.obj (.text.split)
                  2000dc54    0000006a     driverlib.a : prcm.obj (.text.PRCMPeripheralReset)
                  2000dcbe    0000005c                 : flash.obj (.text.FlashDisable)
                  2000dd1a    0000005c                 : prcm.obj (.text.PRCMHibernateWakeupSourceDisable)
                  2000dd76    00000002     nortos_cc32xx.a : SemaphoreP_nortos.c.obj (.text.SemaphoreP_destruct)
                  2000dd78    0000005c     drivers_cc32xx.a : TimerCC32XX.c.obj (.text.TimerCC32XX_allocateTimerResource)
                  2000ddd4    0000005a     driverlib.a : prcm.obj (.text.PRCMPeripheralClkEnable)
                  2000de2e    00000002     libclang_rt.builtins.a : aeabi_div0.c.obj (.text.__aeabi_ldiv0)
                  2000de30    00000058     nortos_cc32xx.a : ClockPSysTick_nortos.c.obj (.text.ClockP_startup)
                  2000de88    00000058     driverlib.a : interrupt.obj (.text.IntPrioritySet)
                  2000dee0    00000058     drivers_cc32xx.a : PWMTimerCC32XX.c.obj (.text.PWMTimerCC32XX_start)
                  2000df38    00000056     driverlib.a : prcm.obj (.text.PRCMLPDSEnter)
                  2000df8e    00000002     libc.a : _lock.c.obj (.text._nop)
                  2000df90    00000054     drivers_cc32xx.a : PowerCC32XX.c.obj (.text.PowerCC32XX_setParkState)
                  2000dfe4    00000054                      : PowerCC32XX.c.obj (.text.Power_releaseDependency)
                  2000e038    00000050                      : GPIOCC32XX.c.obj (.text.GPIO_hwiIntFxn)
                  2000e088    00000050     driverlib.a : prcm.obj (.text.PRCMHibernateWakeupSourceEnable)
                  2000e0d8    00000050     nortos_cc32xx.a : SemaphoreP_nortos.c.obj (.text.SemaphoreP_construct)
                  2000e128    0000004c     drivers_cc32xx.a : GPIOCC32XX.c.obj (.text.GPIO_setInterruptConfig)
                  2000e174    0000004c     driverlib.a : prcm.obj (.text.PRCMLPDSRestoreInfoSet)
                  2000e1c0    00000048     nortos_cc32xx.a : ClockPSysTick_nortos.c.obj (.text.ClockP_sysTickHandler)
                  2000e208    00000048     driverlib.a : prcm.obj (.text.PRCMIntEnable)
                  2000e250    00000048                 : prcm.obj (.text.PRCMPeripheralStatusGet)
                  2000e298    00000048                 : pin.obj (.text.PinConfigGet)
                  2000e2e0    00000048     drivers_cc32xx.a : PWMTimerCC32XX.c.obj (.text.getDutyCounts)
                  2000e328    00000048                      : PWMTimerCC32XX.c.obj (.text.getPowerMgrId)
                  2000e370    00000046     driverlib.a : prcm.obj (.text.PRCMLPDSEnterKeepDebugIf)
                  2000e3b6    00000044                 : gpio.obj (.text.GPIODirModeSet)
                  2000e3fa    00000002     nortos_cc32xx.a : startup_cc32xx_ticlang.c.obj (.text.busFaultHandler)
                  2000e3fc    00000044     drivers_cc32xx.a : GPIOCC32XX.c.obj (.text.GPIO_disableInt)
                  2000e440    00000044                      : GPIOCC32XX.c.obj (.text.GPIO_enableInt)
                  2000e484    00000044                      : PWM.c.obj (.text.PWM_init)
                  2000e4c8    00000044                      : PowerCC32XX.c.obj (.text.Power_releaseConstraint)
                  2000e50c    00000044     nortos_cc32xx.a : ClockPSysTick_nortos.c.obj (.text.addToList)
                  2000e550    00000044     drivers_cc32xx.a : PWMTimerCC32XX.c.obj (.text.getPeriodCounts)
                  2000e594    00000042     driverlib.a : pin.obj (.text.PinModeSet)
                  2000e5d6    00000042                 : timer.obj (.text.TimerControlLevel)
                  2000e618    00000042     nortos_cc32xx.a : PowerCC32XX_nortos.c.obj (.text.getCountsRTC)
                  2000e65a    00000002                     : SemaphoreP_nortos.c.obj (.text.clkFxn)
                  2000e65c    00000040     drivers_cc32xx.a : PWM.c.obj (.text.PWM_open)
                  2000e69c    00000040     nortos_cc32xx.a : SemaphoreP_nortos.c.obj (.text.SemaphoreP_post)
                  2000e6dc    0000003e     driverlib.a : pin.obj (.text.PinDirModeSet)
                  2000e71a    00000002     nortos_cc32xx.a : startup_cc32xx_ticlang.c.obj (.text.defaultHandler)
                  2000e71c    0000003c                     : ClockPSysTick_nortos.c.obj (.text.ClockP_stop)
                  2000e758    0000003c     driverlib.a : pin.obj (.text.PinTypeGPIO)
                  2000e794    00000038     nortos_cc32xx.a : ClockPSysTick_nortos.c.obj (.text.ClockP_destruct)
                  2000e7cc    00000038     drivers_cc32xx.a : PowerCC32XX.c.obj (.text.Power_setConstraint)
                  2000e804    00000038     nortos_cc32xx.a : SwiP_nortos.c.obj (.text.SwiP_restore)
                  2000e83c    00000038     libc.a : autoinit.c.obj (.text:__TI_auto_init_nobinit_nopinit)
                  2000e874    00000036     driverlib.a : pin.obj (.text.PinLock)
                  2000e8aa    00000002     nortos_cc32xx.a : startup_cc32xx_ticlang.c.obj (.text.faultISR)
                  2000e8ac    00000034                     : ClockPSysTick_nortos.c.obj (.text.ClockP_start)
                  2000e8e0    00000034     driverlib.a : pin.obj (.text.PinDirModeGet)
                  2000e914    00000034                 : pin.obj (.text.PinModeGet)
                  2000e948    00000034     drivers_cc32xx.a : PowerCC32XX.c.obj (.text.PowerCC32XX_parkPin)
                  2000e97c    00000034                      : TimerCC32XX.c.obj (.text.TimerCC32XX_freeTimerResource)
                  2000e9b0    00000034     nortos_cc32xx.a : startup_cc32xx_ticlang.c.obj (.text.initVectors)
                  2000e9e4    00000030                     : ClockPSysTick_nortos.c.obj (.text.ClockP_getTicksUntilInterrupt)
                  2000ea14    00000030     driverlib.a : prcm.obj (.text.PRCMLPDSIntervalSet)
                  2000ea44    00000030                 : prcm.obj (.text.PRCMSlowClkCtrFastGet)
                  2000ea74    00000030                 : timer.obj (.text.TimerLoadSet)
                  2000eaa4    00000030                 : timer.obj (.text.TimerMatchSet)
                  2000ead4    00000030                 : timer.obj (.text.TimerPrescaleMatchSet)
                  2000eb04    00000030                 : timer.obj (.text.TimerPrescaleSet)
                  2000eb34    00000030     drivers_cc32xx.a : PowerCC32XX.c.obj (.text.notify)
                  2000eb64    0000002e     driverlib.a : gpio.obj (.text.GPIOIntStatus)
                  2000eb92    00000002     nortos_cc32xx.a : startup_cc32xx_ticlang.c.obj (.text.nmiISR)
                  2000eb94    0000002c                     : ClockPSysTick_nortos.c.obj (.text.ClockP_sleep)
                  2000ebc0    0000002a                     : HwiPCC32XX_nortos.c.obj (.text.HwiP_create)
                  2000ebea    0000002a     driverlib.a : prcm.obj (.text.PRCMLPDSWakeUpGPIOSelect)
                  2000ec14    0000002a                 : prcm.obj (.text.PRCMPeripheralClkDisable)
                  2000ec3e    00000028     drivers_cc32xx.a : List.c.obj (.text.List_remove)
                  2000ec66    00000028     driverlib.a : prcm.obj (.text.PRCMSRAMRetentionEnable)
                  2000ec8e    00000002     --HOLE-- [fill = 0]
                  2000ec90    00000028     libc.a : memory.c.obj (.text.free_list_insert)
                  2000ecb8    00000028     nortos_cc32xx.a : ClockPSysTick_nortos.c.obj (.text.sleepTicks)
                  2000ece0    00000024     drivers_cc32xx.a : List.c.obj (.text.List_put)
                  2000ed04    00000024     driverlib.a : prcm.obj (.text.PRCMLPDSWakeupSourceEnable)
                  2000ed28    00000024     drivers_cc32xx.a : PowerCC32XX.c.obj (.text.PowerCC32XX_restoreParkedPin)
                  2000ed4c    00000024                      : PowerCC32XX.c.obj (.text.Power_registerNotify)
                  2000ed70    00000024     libc.a : boot_cortex_m.c.obj (.text:_c_int00_noargs)
                  2000ed94    00000022     driverlib.a : gpio.obj (.text.GPIOPinWrite)
                  2000edb6    00000022                 : pin.obj (.text.PinUnlock)
                  2000edd8    00000020                 : interrupt.obj (.text.IntRegister)
                  2000edf8    00000020     drivers_cc32xx.a : PowerCC32XX.c.obj (.text.Power_unregisterNotify)
                  2000ee18    00000020     nortos_cc32xx.a : SemaphoreP_nortos.c.obj (.text.SemaphoreP_createBinary)
                  2000ee38    00000020     driverlib.a : timer.obj (.text.TimerDisable)
                  2000ee58    0000001e                 : pin.obj (.text.PinTypeTimer)
                  2000ee76    00000002     --HOLE-- [fill = 0]
                  2000ee78    0000001c     nortos_cc32xx.a : HwiPCC32XX_nortos.c.obj (.text.HwiP_dispatch)
                  2000ee94    0000001c                     : SwiP_nortos.c.obj (.text.SwiP_disable)
                  2000eeb0    0000001c     libc.a : memory.c.obj (.text.free_list_remove)
                  2000eecc    0000001c     drivers_cc32xx.a : TimerCC32XX.c.obj (.text.getPowerMgrId)
                  2000eee8    0000001c     nortos_cc32xx.a : startup_cc32xx_ticlang.c.obj (.text.resetISR)
                  2000ef04    0000001a     driverlib.a : gpio.obj (.text.GPIOIntDisable)
                  2000ef1e    0000001a                 : prcm.obj (.text.PRCMHIBRegRead)
                  2000ef38    0000001a                 : prcm.obj (.text.PRCMHIBRegWrite)
                  2000ef52    0000001a                 : prcm.obj (.text.PRCMLPDSWakeupSourceDisable)
                  2000ef6c    0000001a                 : pin.obj (.text.PinToPadGet)
                  2000ef86    0000001a                 : timer.obj (.text.TimerEnable)
                  2000efa0    00000018                 : gpio.obj (.text.GPIOIntEnable)
                  2000efb8    00000018     nortos_cc32xx.a : SemaphoreP_nortos.c.obj (.text.SemaphoreP_create)
                  2000efd0    00000016     ti_drivers_config.o (.text.Board_init)
                  2000efe6    00000016     driverlib.a : systick.obj (.text.SysTickPeriodSet)
                  2000effc    00000014                 : cpu.obj (.text.CPUcpsid)
                  2000f010    00000014                 : cpu.obj (.text.CPUcpsie)
                  2000f024    00000014                 : interrupt.obj (.text.IntVTableBaseSet)
                  2000f038    00000014     drivers_cc32xx.a : PowerCC32XX.c.obj (.text.Power_disablePolicy)
                  2000f04c    00000014                      : PowerCC32XX.c.obj (.text.Power_getTransitionLatency)
                  2000f060    00000014                      : PowerCC32XX.c.obj (.text.Power_idleFunc)
                  2000f074    00000014     libclang_rt.builtins.a : aeabi_uldivmod.S.obj (.text.__aeabi_uldivmod)
                  2000f088    00000012     nortos_cc32xx.a : ClockPSysTick_nortos.c.obj (.text.ClockP_add)
                  2000f09a    00000012     driverlib.a : gpio.obj (.text.GPIOIntClear)
                  2000f0ac    00000012     nortos_cc32xx.a : HwiPCC32XX_nortos.c.obj (.text.HwiP_Params_init)
                  2000f0be    00000012     drivers_cc32xx.a : PWMTimerCC32XX.c.obj (.text.OUTLINED_FUNCTION_0)
                  2000f0d0    00000012     driverlib.a : systick.obj (.text.SysTickEnable)
                  2000f0e2    00000012                 : systick.obj (.text.SysTickIntDisable)
                  2000f0f4    00000012                 : systick.obj (.text.SysTickIntEnable)
                  2000f106    00000012     drivers_cc32xx.a : PWMTimerCC32XX.c.obj (.text.postNotifyFxn)
                  2000f118    00000012     libc.a : memcpy_t2.S.obj (.text:TI_memcpy_small)
                  2000f12a    00000012            : copy_zero_init.c.obj (.text:decompress:ZI:__TI_zero_init_nomemset)
                  2000f13c    00000010     nortos_cc32xx.a : ClockPSysTick_nortos.c.obj (.text.ClockP_getCpuFreq)
                  2000f14c    00000010                     : ClockPSysTick_nortos.c.obj (.text.ClockP_getSystemTicks)
                  2000f15c    00000010                     : ClockPSysTick_nortos.c.obj (.text.ClockP_setTicks)
                  2000f16c    00000010                     : HwiPCC32XX_nortos.c.obj (.text.HwiP_inISR)
                  2000f17c    00000010     drivers_cc32xx.a : PWM.c.obj (.text.PWM_Params_init)
                  2000f18c    00000010                      : PowerCC32XX.c.obj (.text.Power_enablePolicy)
                  2000f19c    00000010     main_nortos.o (.text.main)
                  2000f1ac    0000000e     drivers_cc32xx.a : PWMTimerCC32XX.c.obj (.text.OUTLINED_FUNCTION_1)
                  2000f1ba    0000000e                      : PWMTimerCC32XX.c.obj (.text.OUTLINED_FUNCTION_2)
                  2000f1c8    0000000e                      : PWMTimerCC32XX.c.obj (.text.OUTLINED_FUNCTION_3)
                  2000f1d6    0000000e     libc.a : copy_decompress_none.c.obj (.text:decompress:none)
                  2000f1e4    0000000c     driverlib.a : cpu.obj (.text.CPUwfi)
                  2000f1f0    0000000c                 : prcm.obj (.text.PRCMLPDSWakeupCauseGet)
                  2000f1fc    0000000c     drivers_cc32xx.a : PowerCC32XX.c.obj (.text.Power_getConstraintMask)
                  2000f208    0000000a     nortos_cc32xx.a : ClockPSysTick_nortos.c.obj (.text.ClockP_isActive)
                  2000f212    0000000a     driverlib.a : interrupt.obj (.text.IntMasterDisable)
                  2000f21c    0000000a                 : interrupt.obj (.text.IntMasterEnable)
                  2000f226    00000008     nortos_cc32xx.a : HwiPCC32XX_nortos.c.obj (.text.HwiP_restore)
                  2000f22e    00000008     driverlib.a : prcm.obj (.text.PRCMSleepEnter)
                  2000f236    00000008                 : utils.obj (.text.UtilsDelay)
                  2000f23e    00000008     libc.a : memory.c.obj (.text.malloc)
                  2000f246    00000006     drivers_cc32xx.a : PWMTimerCC32XX.c.obj (.text.PWMTimerCC32XX_control)
                  2000f24c    00000006                      : PWM.c.obj (.text.PWM_setDuty)
                  2000f252    00000006                      : PWM.c.obj (.text.PWM_start)
                  2000f258    00000004     nortos_cc32xx.a : ClockPSysTick_nortos.c.obj (.text.ClockP_doTick)
                  2000f25c    00000004                     : HwiPCC32XX_nortos.c.obj (.text.HwiP_enable)
                  2000f260    00000004                     : HwiPCC32XX_nortos.c.obj (.text.HwiP_post)
                  2000f264    00000004                     : NoRTOS.c.obj (.text.NoRTOS_start)
                  2000f268    00000004                     : SemaphoreP_nortos.c.obj (.text.SemaphoreP_delete)
                  2000f26c    00000004     libclang_rt.builtins.a : aeabi_memcpy.S.obj (.text.__aeabi_memcpy)
                  2000f270    00000004     libc.a : pre_init.c.obj (.text._system_pre_init)
                  2000f274    00000004     nortos_cc32xx.a : posix_sleep.c.obj (.text.sleep)
                  2000f278    00000004     libc.a : exit.c.obj (.text:abort)

.ramVecs   0    20000000    0000030c     NOLOAD SECTION
                  20000000    0000030c     nortos_cc32xx.a : startup_cc32xx_ticlang.c.obj (.ramVecs)

.stack     0    20003000    00001000     UNINITIALIZED
                  20003000    00000004     libc.a : boot_cortex_m.c.obj (.stack)
                  20003004    00000ffc     --HOLE--

.resetVecs 
*          0    20004000    00000040     
                  20004000    00000040     nortos_cc32xx.a : startup_cc32xx_ticlang.c.obj (.resetVecs)

.sysmem    0    20004040    00008000     UNINITIALIZED
                  20004040    00000010     libc.a : memory.c.obj (.sysmem)
                  20004050    00007ff0     --HOLE--

.rodata    0    2000f904    000003f0     
                  2000f904    00000100     driverlib.a : pin.obj (.rodata.g_ulPinToPadMap)
                  2000fa04    000000d4                 : interrupt.obj (.rodata.g_pulRegs)
                  2000fad8    000000a8                 : prcm.obj (.rodata.PRCM_PeriphRegsList)
                  2000fb80    00000044     ti_drivers_config.o (.rodata.PowerCC32XX_config)
                  2000fbc4    00000028     drivers_cc32xx.a : GPIOCC32XX.c.obj (.rodata.portConfigs)
                  2000fbec    00000024                      : PWMTimerCC32XX.c.obj (.rodata.PWMTimerCC32XX_fxnTable)
                  2000fc10    00000021                      : GPIOCC32XX.c.obj (.rodata.pinTable)
                  2000fc31    00000001     ti_drivers_config.o (.rodata.GPIO_pinUpperBound)
                  2000fc32    00000001     ti_drivers_config.o (.rodata.PWM_count)
                  2000fc33    00000001     --HOLE-- [fill = 0]
                  2000fc34    00000020     drivers_cc32xx.a : PWMTimerCC32XX.c.obj (.rodata.cst16)
                  2000fc54    00000020                      : PWMTimerCC32XX.c.obj (.rodata.cst32)
                  2000fc74    00000018     ti_drivers_config.o (.rodata.PWM_config)
                  2000fc8c    00000018     drivers_cc32xx.a : PWM.c.obj (.rodata.PWM_defaultParams)
                  2000fca4    00000018     driverlib.a : interrupt.obj (.rodata.g_pulEnRegs)
                  2000fcbc    00000018                 : interrupt.obj (.rodata.g_pulPendRegs)
                  2000fcd4    00000010     ti_drivers_config.o (.rodata.GPIO_config)
                  2000fce4    00000008     drivers_cc32xx.a : PWMTimerCC32XX.c.obj (.rodata.cst8)
                  2000fcec    00000008     ti_drivers_config.o (.rodata.pwmTimerCC32XXHWAttrs)

.cinit     0    2000ff90    000000e8     
                  2000ff90    000000c4     (.cinit..data.load) [load image, compression = lzss]
                  20010054    0000000c     (__TI_handler_table)
                  20010060    00000008     (.cinit..bss.load) [load image, compression = zero_init]
                  20010068    00000010     (__TI_cinit_table)

.init_array 
*          0    20004000    00000000     UNINITIALIZED

.data      0    2000f280    00000681     UNINITIALIZED
                  2000f280    0000030c     nortos_cc32xx.a : HwiPCC32XX_nortos.c.obj (.data.HwiP_dispatchTable)
                  2000f58c    0000016c     drivers_cc32xx.a : PowerCC32XX.c.obj (.data.PowerCC32XX_module)
                  2000f6f8    000000f8     ti_drivers_config.o (.data.parkInfo)
                  2000f7f0    00000084     ti_drivers_config.o (.data.gpioPinConfigs)
                  2000f874    0000004c     nortos_cc32xx.a : SwiP_nortos.c.obj (.data..L_MergedGlobals)
                  2000f8c0    00000018     drivers_cc32xx.a : GPIOCC32XX.c.obj (.data..L_MergedGlobals)
                  2000f8d8    00000010     nortos_cc32xx.a : SemaphoreP_nortos.c.obj (.data..L_MergedGlobals)
                  2000f8e8    00000008                     : ClockPSysTick_nortos.c.obj (.data..L_MergedGlobals)
                  2000f8f0    00000004                     : HwiPCC32XX_nortos.c.obj (.data.HwiP_swiPIntNum)
                  2000f8f4    00000004     libc.a : _lock.c.obj (.data._lock)
                  2000f8f8    00000004            : _lock.c.obj (.data._unlock)
                  2000f8fc    00000001     drivers_cc32xx.a : GPIOCC32XX.c.obj (.data.initCalled)
                  2000f8fd    00000001                      : PWM.c.obj (.data.isInitialized)
                  2000f8fe    00000001                      : GPIOCC32XX.c.obj (.data.portHwiCreatedBitMask)
                  2000f8ff    00000001     --HOLE--
                  2000f900    00000001     libc.a : memory.c.obj (.data.memory_is_initialized)

.bss       0    2000fcf8    00000298     UNINITIALIZED
                  2000fcf8    0000012c     (.common:PowerCC32XX_contextSave)
                  2000fe24    00000084     (.common:gpioCallbackFunctions)
                  2000fea8    00000084     (.common:gpioUserArgs)
                  2000ff2c    00000048     (.common:pwmTimerCC32XXObjects)
                  2000ff74    00000004     nortos_cc32xx.a : ClockPSysTick_nortos.c.obj (.bss.sysTickPeriod)
                  2000ff78    00000010     (.common:ClockP_ctrl)
                  2000ff88    00000004     libc.a : memory.c.obj (.bss.sys_free)
                  2000ff8c    00000004     drivers_cc32xx.a : TimerCC32XX.c.obj (.bss.timerState.0)

.log_data 
*          0    90000000    00000000     COPY SECTION

.log_ptr   0    94000008    00000000     COPY SECTION

__llvm_prf_cnts 
*          0    20004000    00000000     UNINITIALIZED

__llvm_prf_bits 
*          0    20004000    00000000     UNINITIALIZED

MODULE SUMMARY

       Module                         code    ro data   rw data
       ------                         ----    -------   -------
    ./
       pwmled2.o                      120     0         0      
       main_nortos.o                  16      0         0      
    +--+------------------------------+-------+---------+---------+
       Total:                         136     0         0      
                                                               
    ./syscfg/
       ti_drivers_config.o            24      118       716    
    +--+------------------------------+-------+---------+---------+
       Total:                         24      118       716    
                                                               
    /Applications/ti/ccs1250/ccs/tools/compiler/ti-cgt-armllvm_3.2.0.LTS/lib/armv7em-ti-none-eabi/c/libc.a
       memory.c.obj                   712     0         5      
       copy_decompress_lzss.c.obj     112     0         0      
       autoinit.c.obj                 56      0         0      
       boot_cortex_m.c.obj            36      0         0      
       copy_zero_init.c.obj           18      0         0      
       memcpy_t2.S.obj                18      0         0      
       copy_decompress_none.c.obj     14      0         0      
       _lock.c.obj                    2       0         8      
       exit.c.obj                     4       0         0      
       pre_init.c.obj                 4       0         0      
    +--+------------------------------+-------+---------+---------+
       Total:                         976     0         13     
                                                               
    /Applications/ti/ccs1250/ccs/tools/compiler/ti-cgt-armllvm_3.2.0.LTS/lib/clang/15.0.7/lib/armv7em-ti-none-eabi/libclang_rt.builtins.a
       udivmoddi4.S.obj               176     0         0      
       aeabi_uldivmod.S.obj           20      0         0      
       aeabi_memcpy.S.obj             4       0         0      
       aeabi_div0.c.obj               2       0         0      
    +--+------------------------------+-------+---------+---------+
       Total:                         202     0         0      
                                                               
    /Users/shialacampos/ti/simplelink_cc32xx_sdk_7_10_00_13/kernel/nortos/lib/ticlang/m4/nortos_cc32xx.a
       HwiPCC32XX_nortos.c.obj        244     0         784    
       startup_cc32xx_ticlang.c.obj   88      64        780    
       ClockPSysTick_nortos.c.obj     608     0         28     
       PowerCC32XX_nortos.c.obj       404     0         0      
       SemaphoreP_nortos.c.obj        360     0         16     
       SwiP_nortos.c.obj              84      0         76     
       NoRTOS.c.obj                   4       0         0      
       posix_sleep.c.obj              4       0         0      
    +--+------------------------------+-------+---------+---------+
       Total:                         1796    64        1684   
                                                               
    /Users/shialacampos/ti/simplelink_cc32xx_sdk_7_10_00_13/source/ti/devices/cc32xx/driverlib/ticlang/Release/driverlib.a
       prcm.obj                       2564    168       0      
       pin.obj                        778     256       0      
       interrupt.obj                  524     260       0      
       gpio.obj                       388     0         0      
       timer.obj                      316     0         0      
       flash.obj                      92      0         0      
       systick.obj                    76      0         0      
       cpu.obj                        52      0         0      
       utils.obj                      8       0         0      
    +--+------------------------------+-------+---------+---------+
       Total:                         4798    684       0      
                                                               
    /Users/shialacampos/ti/simplelink_cc32xx_sdk_7_10_00_13/source/ti/drivers/lib/ticlang/m4/drivers_cc32xx.a
       PowerCC32XX.c.obj              1944    0         664    
       PWMTimerCC32XX.c.obj           1558    108       0      
       GPIOCC32XX.c.obj               864     73        26     
       PWM.c.obj                      160     24        1      
       TimerCC32XX.c.obj              172     0         4      
       PowerCC32XX_ticlang.asm.obj    150     0         0      
       List.c.obj                     76      0         0      
    +--+------------------------------+-------+---------+---------+
       Total:                         4924    205       695    
                                                               
       Heap:                          0       0         32768  
       Stack:                         0       0         4096   
       Linker Generated:              0       232       0      
    +--+------------------------------+-------+---------+---------+
       Grand Total:                   12856   1303      39972  


LINKER GENERATED COPY TABLES

__TI_cinit_table @ 20010068 records: 2, size/record: 8, table size: 16
	.data: load addr=2000ff90, load size=000000c4 bytes, run addr=2000f280, run size=00000681 bytes, compression=lzss
	.bss: load addr=20010060, load size=00000008 bytes, run addr=2000fcf8, run size=00000298 bytes, compression=zero_init


LINKER GENERATED HANDLER TABLE

__TI_handler_table @ 20010054 records: 3, size/record: 4, table size: 12
	index: 0, handler: __TI_decompress_lzss
	index: 1, handler: __TI_decompress_none
	index: 2, handler: __TI_zero_init


GLOBAL SYMBOLS: SORTED ALPHABETICALLY BY Name 

address   name                             
-------   ----                             
2000efd1  Board_init                       
2000d34f  Board_initHook                   
2000f278  C$$EXIT                          
2000effd  CPUcpsid                         
2000f011  CPUcpsie                         
2000f1e5  CPUwfi                           
2000f089  ClockP_add                       
2000ff78  ClockP_ctrl                      
2000e795  ClockP_destruct                  
2000f259  ClockP_doTick                    
2000f13d  ClockP_getCpuFreq                
2000f14d  ClockP_getSystemTicks            
2000e9e5  ClockP_getTicksUntilInterrupt    
2000f209  ClockP_isActive                  
2000f15d  ClockP_setTicks                  
2000eb95  ClockP_sleep                     
2000e8ad  ClockP_start                     
2000de31  ClockP_startup                   
2000e71d  ClockP_stop                      
2000e1c1  ClockP_sysTickHandler            
2000f8ec  ClockP_tickPeriod                
2000dcbf  FlashDisable                     
2000e3b7  GPIODirModeSet                   
2000f09b  GPIOIntClear                     
2000ef05  GPIOIntDisable                   
2000efa1  GPIOIntEnable                    
2000eb65  GPIOIntStatus                    
2000d0b5  GPIOIntTypeSet                   
2000ed95  GPIOPinWrite                     
2000fcd4  GPIO_config                      
2000e3fd  GPIO_disableInt                  
2000e441  GPIO_enableInt                   
2000e039  GPIO_hwiIntFxn                   
2000d529  GPIO_init                        
2000fc31  GPIO_pinUpperBound               
2000ca2d  GPIO_setConfig                   
2000e129  GPIO_setInterruptConfig          
2000f0ad  HwiP_Params_init                 
2000d94d  HwiP_construct                   
2000ebc1  HwiP_create                      
2000d489  HwiP_disable                     
2000ee79  HwiP_dispatch                    
2000f25d  HwiP_enable                      
2000f16d  HwiP_inISR                       
2000f261  HwiP_post                        
2000f227  HwiP_restore                     
2000f8f0  HwiP_swiPIntNum                  
UNDEFED   ITM_flush                        
UNDEFED   ITM_restore                      
2000cf3d  IntEnable                        
2000f213  IntMasterDisable                 
2000f21d  IntMasterEnable                  
2000d209  IntPendSet                       
2000de89  IntPrioritySet                   
2000edd9  IntRegister                      
2000f025  IntVTableBaseSet                 
2000ece1  List_put                         
2000ec3f  List_remove                      
2000f265  NoRTOS_start                     
2000c041  PRCMCC3200MCUInit                
2000ef1f  PRCMHIBRegRead                   
2000ef39  PRCMHIBRegWrite                  
2000d9c1  PRCMHibernateWakeUpGPIOSelect    
2000dd1b  PRCMHibernateWakeupSourceDisable 
2000e089  PRCMHibernateWakeupSourceEnable  
2000e209  PRCMIntEnable                    
2000df39  PRCMLPDSEnter                    
2000e371  PRCMLPDSEnterKeepDebugIf         
2000ea15  PRCMLPDSIntervalSet              
2000e175  PRCMLPDSRestoreInfoSet           
2000ebeb  PRCMLPDSWakeUpGPIOSelect         
2000f1f1  PRCMLPDSWakeupCauseGet           
2000ef53  PRCMLPDSWakeupSourceDisable      
2000ed05  PRCMLPDSWakeupSourceEnable       
2000ec15  PRCMPeripheralClkDisable         
2000ddd5  PRCMPeripheralClkEnable          
2000dc55  PRCMPeripheralReset              
2000e251  PRCMPeripheralStatusGet          
2000ec67  PRCMSRAMRetentionEnable          
2000f22f  PRCMSleepEnter                   
2000ea45  PRCMSlowClkCtrFastGet            
2000d5b9  PRCMSysResetCauseGet             
2000d6d1  PWMTimerCC32XX_close             
2000f247  PWMTimerCC32XX_control           
2000fbec  PWMTimerCC32XX_fxnTable          
2000d527  PWMTimerCC32XX_init              
2000cd7d  PWMTimerCC32XX_open              
2000d351  PWMTimerCC32XX_setDuty           
2000ce61  PWMTimerCC32XX_setDutyAndPeriod  
2000d755  PWMTimerCC32XX_setPeriod         
2000dee1  PWMTimerCC32XX_start             
2000d161  PWMTimerCC32XX_stop              
2000f17d  PWM_Params_init                  
2000fc74  PWM_config                       
2000fc32  PWM_count                        
2000fc8c  PWM_defaultParams                
2000e485  PWM_init                         
2000e65d  PWM_open                         
2000f24d  PWM_setDuty                      
2000f253  PWM_start                        
2000e299  PinConfigGet                     
2000d2ad  PinConfigSet                     
2000e8e1  PinDirModeGet                    
2000e6dd  PinDirModeSet                    
2000e875  PinLock                          
2000daa5  PinLockLevelSet                  
2000e915  PinModeGet                       
2000e595  PinModeSet                       
2000ef6d  PinToPadGet                      
2000e759  PinTypeGPIO                      
2000ee59  PinTypeTimer                     
2000edb7  PinUnlock                        
2000fb80  PowerCC32XX_config               
2000d649  PowerCC32XX_configureWakeup      
2000fcf8  PowerCC32XX_contextSave          
2000d491  PowerCC32XX_enterLPDS            
2000d647  PowerCC32XX_initPolicy           
2000f58c  PowerCC32XX_module               
2000e949  PowerCC32XX_parkPin              
2000ed29  PowerCC32XX_restoreParkedPin     
2000d4d5  PowerCC32XX_resumeLPDS           
2000df91  PowerCC32XX_setParkState         
2000c8dd  PowerCC32XX_sleepPolicy          
2000f039  Power_disablePolicy              
2000f18d  Power_enablePolicy               
2000f1fd  Power_getConstraintMask          
2000f04d  Power_getTransitionLatency       
2000f061  Power_idleFunc                   
2000d85d  Power_init                       
2000ed4d  Power_registerNotify             
2000e4c9  Power_releaseConstraint          
2000dfe5  Power_releaseDependency          
2000e7cd  Power_setConstraint              
2000db11  Power_setDependency              
2000c4f9  Power_sleep                      
2000edf9  Power_unregisterNotify           
2000e0d9  SemaphoreP_construct             
2000efb9  SemaphoreP_create                
2000ee19  SemaphoreP_createBinary          
2000f8e0  SemaphoreP_defaultParams         
2000f269  SemaphoreP_delete                
2000dd77  SemaphoreP_destruct              
2000d3f1  SemaphoreP_pend                  
2000e69d  SemaphoreP_post                  
2000ee95  SwiP_disable                     
2000e805  SwiP_restore                     
2000f0d1  SysTickEnable                    
2000f0e3  SysTickIntDisable                
2000f0f5  SysTickIntEnable                 
2000efe7  SysTickPeriodSet                 
2000f119  TI_memcpy_small                  
2000dd79  TimerCC32XX_allocateTimerResource
2000e97d  TimerCC32XX_freeTimerResource    
2000e5d7  TimerControlLevel                
2000ee39  TimerDisable                     
2000ef87  TimerEnable                      
2000ea75  TimerLoadSet                     
2000eaa5  TimerMatchSet                    
2000ead5  TimerPrescaleMatchSet            
2000eb05  TimerPrescaleSet                 
2000f237  UtilsDelay                       
20004000  __STACK_END                      
00001000  __STACK_SIZE                     
00008000  __SYSMEM_SIZE                    
00000000  __TI_ATRegion0_region_sz         
00000000  __TI_ATRegion0_src_addr          
00000000  __TI_ATRegion0_trg_addr          
00000000  __TI_ATRegion1_region_sz         
00000000  __TI_ATRegion1_src_addr          
00000000  __TI_ATRegion1_trg_addr          
00000000  __TI_ATRegion2_region_sz         
00000000  __TI_ATRegion2_src_addr          
00000000  __TI_ATRegion2_trg_addr          
20010068  __TI_CINIT_Base                  
20010078  __TI_CINIT_Limit                 
20010078  __TI_CINIT_Warm                  
20010054  __TI_Handler_Table_Base          
20010060  __TI_Handler_Table_Limit         
2000e83d  __TI_auto_init_nobinit_nopinit   
2000da35  __TI_decompress_lzss             
2000f1d7  __TI_decompress_none             
ffffffff  __TI_pprof_out_hndl              
ffffffff  __TI_prof_data_size              
ffffffff  __TI_prof_data_start             
2000ff90  __TI_static_base__               
2000f12b  __TI_zero_init_nomemset          
2000de2f  __aeabi_ldiv0                    
2000f26d  __aeabi_memcpy                   
2000f26d  __aeabi_memcpy4                  
2000f26d  __aeabi_memcpy8                  
2000f075  __aeabi_uldivmod                 
ffffffff  __binit__                        
UNDEFED   __mpu_init                       
20003000  __stack                          
20004000  __start___llvm_prf_bits          
20004000  __start___llvm_prf_cnts          
20004000  __stop___llvm_prf_bits           
20004000  __stop___llvm_prf_cnts           
2000d005  __udivmoddi4                     
2000ed71  _c_int00_noargs                  
2000f8f4  _lock                            
2000df8f  _nop                             
20004040  _sys_memory                      
UNDEFED   _system_post_cinit               
2000f271  _system_pre_init                 
2000f8f8  _unlock                          
2000f279  abort                            
2000cb6d  aligned_alloc                    
ffffffff  binit                            
2000e65b  clkFxn                           
2000cc8d  free                             
2000fe24  gpioCallbackFunctions            
2000f7f0  gpioPinConfigs                   
2000fea8  gpioUserArgs                     
2000e9b1  initVectors                      
2000f19d  main                             
2000d8d5  mainThread                       
2000f23f  malloc                           
2000cb6d  memalign                         
2000f6f8  parkInfo                         
2000fcec  pwmTimerCC32XXHWAttrs            
2000ff2c  pwmTimerCC32XXObjects            
2000eee9  resetISR                         
2000f275  sleep                            


GLOBAL SYMBOLS: SORTED BY Symbol Address 

address   name                             
-------   ----                             
00000000  __TI_ATRegion0_region_sz         
00000000  __TI_ATRegion0_src_addr          
00000000  __TI_ATRegion0_trg_addr          
00000000  __TI_ATRegion1_region_sz         
00000000  __TI_ATRegion1_src_addr          
00000000  __TI_ATRegion1_trg_addr          
00000000  __TI_ATRegion2_region_sz         
00000000  __TI_ATRegion2_src_addr          
00000000  __TI_ATRegion2_trg_addr          
00001000  __STACK_SIZE                     
00008000  __SYSMEM_SIZE                    
20003000  __stack                          
20004000  __STACK_END                      
20004000  __start___llvm_prf_bits          
20004000  __start___llvm_prf_cnts          
20004000  __stop___llvm_prf_bits           
20004000  __stop___llvm_prf_cnts           
20004040  _sys_memory                      
2000c041  PRCMCC3200MCUInit                
2000c4f9  Power_sleep                      
2000c8dd  PowerCC32XX_sleepPolicy          
2000ca2d  GPIO_setConfig                   
2000cb6d  aligned_alloc                    
2000cb6d  memalign                         
2000cc8d  free                             
2000cd7d  PWMTimerCC32XX_open              
2000ce61  PWMTimerCC32XX_setDutyAndPeriod  
2000cf3d  IntEnable                        
2000d005  __udivmoddi4                     
2000d0b5  GPIOIntTypeSet                   
2000d161  PWMTimerCC32XX_stop              
2000d209  IntPendSet                       
2000d2ad  PinConfigSet                     
2000d34f  Board_initHook                   
2000d351  PWMTimerCC32XX_setDuty           
2000d3f1  SemaphoreP_pend                  
2000d489  HwiP_disable                     
2000d491  PowerCC32XX_enterLPDS            
2000d4d5  PowerCC32XX_resumeLPDS           
2000d527  PWMTimerCC32XX_init              
2000d529  GPIO_init                        
2000d5b9  PRCMSysResetCauseGet             
2000d647  PowerCC32XX_initPolicy           
2000d649  PowerCC32XX_configureWakeup      
2000d6d1  PWMTimerCC32XX_close             
2000d755  PWMTimerCC32XX_setPeriod         
2000d85d  Power_init                       
2000d8d5  mainThread                       
2000d94d  HwiP_construct                   
2000d9c1  PRCMHibernateWakeUpGPIOSelect    
2000da35  __TI_decompress_lzss             
2000daa5  PinLockLevelSet                  
2000db11  Power_setDependency              
2000dc55  PRCMPeripheralReset              
2000dcbf  FlashDisable                     
2000dd1b  PRCMHibernateWakeupSourceDisable 
2000dd77  SemaphoreP_destruct              
2000dd79  TimerCC32XX_allocateTimerResource
2000ddd5  PRCMPeripheralClkEnable          
2000de2f  __aeabi_ldiv0                    
2000de31  ClockP_startup                   
2000de89  IntPrioritySet                   
2000dee1  PWMTimerCC32XX_start             
2000df39  PRCMLPDSEnter                    
2000df8f  _nop                             
2000df91  PowerCC32XX_setParkState         
2000dfe5  Power_releaseDependency          
2000e039  GPIO_hwiIntFxn                   
2000e089  PRCMHibernateWakeupSourceEnable  
2000e0d9  SemaphoreP_construct             
2000e129  GPIO_setInterruptConfig          
2000e175  PRCMLPDSRestoreInfoSet           
2000e1c1  ClockP_sysTickHandler            
2000e209  PRCMIntEnable                    
2000e251  PRCMPeripheralStatusGet          
2000e299  PinConfigGet                     
2000e371  PRCMLPDSEnterKeepDebugIf         
2000e3b7  GPIODirModeSet                   
2000e3fd  GPIO_disableInt                  
2000e441  GPIO_enableInt                   
2000e485  PWM_init                         
2000e4c9  Power_releaseConstraint          
2000e595  PinModeSet                       
2000e5d7  TimerControlLevel                
2000e65b  clkFxn                           
2000e65d  PWM_open                         
2000e69d  SemaphoreP_post                  
2000e6dd  PinDirModeSet                    
2000e71d  ClockP_stop                      
2000e759  PinTypeGPIO                      
2000e795  ClockP_destruct                  
2000e7cd  Power_setConstraint              
2000e805  SwiP_restore                     
2000e83d  __TI_auto_init_nobinit_nopinit   
2000e875  PinLock                          
2000e8ad  ClockP_start                     
2000e8e1  PinDirModeGet                    
2000e915  PinModeGet                       
2000e949  PowerCC32XX_parkPin              
2000e97d  TimerCC32XX_freeTimerResource    
2000e9b1  initVectors                      
2000e9e5  ClockP_getTicksUntilInterrupt    
2000ea15  PRCMLPDSIntervalSet              
2000ea45  PRCMSlowClkCtrFastGet            
2000ea75  TimerLoadSet                     
2000eaa5  TimerMatchSet                    
2000ead5  TimerPrescaleMatchSet            
2000eb05  TimerPrescaleSet                 
2000eb65  GPIOIntStatus                    
2000eb95  ClockP_sleep                     
2000ebc1  HwiP_create                      
2000ebeb  PRCMLPDSWakeUpGPIOSelect         
2000ec15  PRCMPeripheralClkDisable         
2000ec3f  List_remove                      
2000ec67  PRCMSRAMRetentionEnable          
2000ece1  List_put                         
2000ed05  PRCMLPDSWakeupSourceEnable       
2000ed29  PowerCC32XX_restoreParkedPin     
2000ed4d  Power_registerNotify             
2000ed71  _c_int00_noargs                  
2000ed95  GPIOPinWrite                     
2000edb7  PinUnlock                        
2000edd9  IntRegister                      
2000edf9  Power_unregisterNotify           
2000ee19  SemaphoreP_createBinary          
2000ee39  TimerDisable                     
2000ee59  PinTypeTimer                     
2000ee79  HwiP_dispatch                    
2000ee95  SwiP_disable                     
2000eee9  resetISR                         
2000ef05  GPIOIntDisable                   
2000ef1f  PRCMHIBRegRead                   
2000ef39  PRCMHIBRegWrite                  
2000ef53  PRCMLPDSWakeupSourceDisable      
2000ef6d  PinToPadGet                      
2000ef87  TimerEnable                      
2000efa1  GPIOIntEnable                    
2000efb9  SemaphoreP_create                
2000efd1  Board_init                       
2000efe7  SysTickPeriodSet                 
2000effd  CPUcpsid                         
2000f011  CPUcpsie                         
2000f025  IntVTableBaseSet                 
2000f039  Power_disablePolicy              
2000f04d  Power_getTransitionLatency       
2000f061  Power_idleFunc                   
2000f075  __aeabi_uldivmod                 
2000f089  ClockP_add                       
2000f09b  GPIOIntClear                     
2000f0ad  HwiP_Params_init                 
2000f0d1  SysTickEnable                    
2000f0e3  SysTickIntDisable                
2000f0f5  SysTickIntEnable                 
2000f119  TI_memcpy_small                  
2000f12b  __TI_zero_init_nomemset          
2000f13d  ClockP_getCpuFreq                
2000f14d  ClockP_getSystemTicks            
2000f15d  ClockP_setTicks                  
2000f16d  HwiP_inISR                       
2000f17d  PWM_Params_init                  
2000f18d  Power_enablePolicy               
2000f19d  main                             
2000f1d7  __TI_decompress_none             
2000f1e5  CPUwfi                           
2000f1f1  PRCMLPDSWakeupCauseGet           
2000f1fd  Power_getConstraintMask          
2000f209  ClockP_isActive                  
2000f213  IntMasterDisable                 
2000f21d  IntMasterEnable                  
2000f227  HwiP_restore                     
2000f22f  PRCMSleepEnter                   
2000f237  UtilsDelay                       
2000f23f  malloc                           
2000f247  PWMTimerCC32XX_control           
2000f24d  PWM_setDuty                      
2000f253  PWM_start                        
2000f259  ClockP_doTick                    
2000f25d  HwiP_enable                      
2000f261  HwiP_post                        
2000f265  NoRTOS_start                     
2000f269  SemaphoreP_delete                
2000f26d  __aeabi_memcpy                   
2000f26d  __aeabi_memcpy4                  
2000f26d  __aeabi_memcpy8                  
2000f271  _system_pre_init                 
2000f275  sleep                            
2000f278  C$$EXIT                          
2000f279  abort                            
2000f58c  PowerCC32XX_module               
2000f6f8  parkInfo                         
2000f7f0  gpioPinConfigs                   
2000f8e0  SemaphoreP_defaultParams         
2000f8ec  ClockP_tickPeriod                
2000f8f0  HwiP_swiPIntNum                  
2000f8f4  _lock                            
2000f8f8  _unlock                          
2000fb80  PowerCC32XX_config               
2000fbec  PWMTimerCC32XX_fxnTable          
2000fc31  GPIO_pinUpperBound               
2000fc32  PWM_count                        
2000fc74  PWM_config                       
2000fc8c  PWM_defaultParams                
2000fcd4  GPIO_config                      
2000fcec  pwmTimerCC32XXHWAttrs            
2000fcf8  PowerCC32XX_contextSave          
2000fe24  gpioCallbackFunctions            
2000fea8  gpioUserArgs                     
2000ff2c  pwmTimerCC32XXObjects            
2000ff78  ClockP_ctrl                      
2000ff90  __TI_static_base__               
20010054  __TI_Handler_Table_Base          
20010060  __TI_Handler_Table_Limit         
20010068  __TI_CINIT_Base                  
20010078  __TI_CINIT_Limit                 
20010078  __TI_CINIT_Warm                  
ffffffff  __TI_pprof_out_hndl              
ffffffff  __TI_prof_data_size              
ffffffff  __TI_prof_data_start             
ffffffff  __binit__                        
ffffffff  binit                            
UNDEFED   ITM_flush                        
UNDEFED   ITM_restore                      
UNDEFED   __mpu_init                       
UNDEFED   _system_post_cinit               

[224 symbols]
