<?xml version="1.0" encoding="ISO-8859-1" ?>
<link_info>
   <banner>TI ARM Clang Linker Unix v3.2.0.LTS</banner>
   <copyright>Copyright (c) 1996-2018 Texas Instruments Incorporated</copyright>
   <link_time>0x67474d0d</link_time>
   <link_errors>0x0</link_errors>
   <output_file>/Users/shialacampos/workspace_v12/uart2echo_CC3220S_LAUNCHXL_nortos_ticlang/MCU+Image/uart2echo_CC3220S_LAUNCHXL_nortos_ticlang.out</output_file>
   <entry_point>
      <name>resetISR</name>
      <address>0x2000fc31</address>
   </entry_point>
   <input_file_list>
      <input_file id="fl-1">
         <path>/Users/shialacampos/workspace_v12/uart2echo_CC3220S_LAUNCHXL_nortos_ticlang/MCU+Image/./</path>
         <kind>object</kind>
         <file>main_nortos.o</file>
         <name>main_nortos.o</name>
      </input_file>
      <input_file id="fl-2">
         <path>/Users/shialacampos/workspace_v12/uart2echo_CC3220S_LAUNCHXL_nortos_ticlang/MCU+Image/./</path>
         <kind>object</kind>
         <file>uart2echo.o</file>
         <name>uart2echo.o</name>
      </input_file>
      <input_file id="fl-3">
         <path>/Users/shialacampos/workspace_v12/uart2echo_CC3220S_LAUNCHXL_nortos_ticlang/MCU+Image/./syscfg/</path>
         <kind>object</kind>
         <file>ti_drivers_config.o</file>
         <name>ti_drivers_config.o</name>
      </input_file>
      <input_file id="fl-13">
         <path>/Users/shialacampos/workspace_v12/uart2echo_CC3220S_LAUNCHXL_nortos_ticlang/MCU+Image/</path>
         <kind>object</kind>
         <file>&lt;internal&gt;</file>
         <name>&lt;internal&gt;</name>
      </input_file>
      <input_file id="fl-14">
         <path>/Users/shialacampos/ti/simplelink_cc32xx_sdk_7_10_00_13/source/ti/drivers/lib/ticlang/m4/</path>
         <kind>archive</kind>
         <file>drivers_cc32xx.a</file>
         <name>GPIOCC32XX.c.obj</name>
      </input_file>
      <input_file id="fl-15">
         <path>/Users/shialacampos/ti/simplelink_cc32xx_sdk_7_10_00_13/source/ti/drivers/lib/ticlang/m4/</path>
         <kind>archive</kind>
         <file>drivers_cc32xx.a</file>
         <name>PowerCC32XX.c.obj</name>
      </input_file>
      <input_file id="fl-16">
         <path>/Users/shialacampos/ti/simplelink_cc32xx_sdk_7_10_00_13/source/ti/drivers/lib/ticlang/m4/</path>
         <kind>archive</kind>
         <file>drivers_cc32xx.a</file>
         <name>PowerCC32XX_ticlang.asm.obj</name>
      </input_file>
      <input_file id="fl-17">
         <path>/Users/shialacampos/ti/simplelink_cc32xx_sdk_7_10_00_13/source/ti/drivers/lib/ticlang/m4/</path>
         <kind>archive</kind>
         <file>drivers_cc32xx.a</file>
         <name>UART2.c.obj</name>
      </input_file>
      <input_file id="fl-18">
         <path>/Users/shialacampos/ti/simplelink_cc32xx_sdk_7_10_00_13/source/ti/drivers/lib/ticlang/m4/</path>
         <kind>archive</kind>
         <file>drivers_cc32xx.a</file>
         <name>UART2CC32XX.c.obj</name>
      </input_file>
      <input_file id="fl-19">
         <path>/Users/shialacampos/ti/simplelink_cc32xx_sdk_7_10_00_13/source/ti/drivers/lib/ticlang/m4/</path>
         <kind>archive</kind>
         <file>drivers_cc32xx.a</file>
         <name>List.c.obj</name>
      </input_file>
      <input_file id="fl-1a">
         <path>/Users/shialacampos/ti/simplelink_cc32xx_sdk_7_10_00_13/source/ti/drivers/lib/ticlang/m4/</path>
         <kind>archive</kind>
         <file>drivers_cc32xx.a</file>
         <name>RingBuf.c.obj</name>
      </input_file>
      <input_file id="fl-1b">
         <path>/Users/shialacampos/ti/simplelink_cc32xx_sdk_7_10_00_13/source/ti/drivers/lib/ticlang/m4/</path>
         <kind>archive</kind>
         <file>drivers_cc32xx.a</file>
         <name>UDMACC32XX.c.obj</name>
      </input_file>
      <input_file id="fl-1c">
         <path>/Users/shialacampos/ti/simplelink_cc32xx_sdk_7_10_00_13/kernel/nortos/lib/ticlang/m4/</path>
         <kind>archive</kind>
         <file>nortos_cc32xx.a</file>
         <name>NoRTOS.c.obj</name>
      </input_file>
      <input_file id="fl-1d">
         <path>/Users/shialacampos/ti/simplelink_cc32xx_sdk_7_10_00_13/kernel/nortos/lib/ticlang/m4/</path>
         <kind>archive</kind>
         <file>nortos_cc32xx.a</file>
         <name>SemaphoreP_nortos.c.obj</name>
      </input_file>
      <input_file id="fl-1e">
         <path>/Users/shialacampos/ti/simplelink_cc32xx_sdk_7_10_00_13/kernel/nortos/lib/ticlang/m4/</path>
         <kind>archive</kind>
         <file>nortos_cc32xx.a</file>
         <name>ClockPSysTick_nortos.c.obj</name>
      </input_file>
      <input_file id="fl-1f">
         <path>/Users/shialacampos/ti/simplelink_cc32xx_sdk_7_10_00_13/kernel/nortos/lib/ticlang/m4/</path>
         <kind>archive</kind>
         <file>nortos_cc32xx.a</file>
         <name>HwiPCC32XX_nortos.c.obj</name>
      </input_file>
      <input_file id="fl-20">
         <path>/Users/shialacampos/ti/simplelink_cc32xx_sdk_7_10_00_13/kernel/nortos/lib/ticlang/m4/</path>
         <kind>archive</kind>
         <file>nortos_cc32xx.a</file>
         <name>PowerCC32XX_nortos.c.obj</name>
      </input_file>
      <input_file id="fl-21">
         <path>/Users/shialacampos/ti/simplelink_cc32xx_sdk_7_10_00_13/kernel/nortos/lib/ticlang/m4/</path>
         <kind>archive</kind>
         <file>nortos_cc32xx.a</file>
         <name>startup_cc32xx_ticlang.c.obj</name>
      </input_file>
      <input_file id="fl-22">
         <path>/Users/shialacampos/ti/simplelink_cc32xx_sdk_7_10_00_13/kernel/nortos/lib/ticlang/m4/</path>
         <kind>archive</kind>
         <file>nortos_cc32xx.a</file>
         <name>SwiP_nortos.c.obj</name>
      </input_file>
      <input_file id="fl-23">
         <path>/Users/shialacampos/ti/simplelink_cc32xx_sdk_7_10_00_13/source/ti/devices/cc32xx/driverlib/ticlang/Release/</path>
         <kind>archive</kind>
         <file>driverlib.a</file>
         <name>cpu.obj</name>
      </input_file>
      <input_file id="fl-24">
         <path>/Users/shialacampos/ti/simplelink_cc32xx_sdk_7_10_00_13/source/ti/devices/cc32xx/driverlib/ticlang/Release/</path>
         <kind>archive</kind>
         <file>driverlib.a</file>
         <name>gpio.obj</name>
      </input_file>
      <input_file id="fl-25">
         <path>/Users/shialacampos/ti/simplelink_cc32xx_sdk_7_10_00_13/source/ti/devices/cc32xx/driverlib/ticlang/Release/</path>
         <kind>archive</kind>
         <file>driverlib.a</file>
         <name>hwspinlock.obj</name>
      </input_file>
      <input_file id="fl-26">
         <path>/Users/shialacampos/ti/simplelink_cc32xx_sdk_7_10_00_13/source/ti/devices/cc32xx/driverlib/ticlang/Release/</path>
         <kind>archive</kind>
         <file>driverlib.a</file>
         <name>interrupt.obj</name>
      </input_file>
      <input_file id="fl-27">
         <path>/Users/shialacampos/ti/simplelink_cc32xx_sdk_7_10_00_13/source/ti/devices/cc32xx/driverlib/ticlang/Release/</path>
         <kind>archive</kind>
         <file>driverlib.a</file>
         <name>pin.obj</name>
      </input_file>
      <input_file id="fl-28">
         <path>/Users/shialacampos/ti/simplelink_cc32xx_sdk_7_10_00_13/source/ti/devices/cc32xx/driverlib/ticlang/Release/</path>
         <kind>archive</kind>
         <file>driverlib.a</file>
         <name>prcm.obj</name>
      </input_file>
      <input_file id="fl-29">
         <path>/Users/shialacampos/ti/simplelink_cc32xx_sdk_7_10_00_13/source/ti/devices/cc32xx/driverlib/ticlang/Release/</path>
         <kind>archive</kind>
         <file>driverlib.a</file>
         <name>spi.obj</name>
      </input_file>
      <input_file id="fl-2a">
         <path>/Users/shialacampos/ti/simplelink_cc32xx_sdk_7_10_00_13/source/ti/devices/cc32xx/driverlib/ticlang/Release/</path>
         <kind>archive</kind>
         <file>driverlib.a</file>
         <name>systick.obj</name>
      </input_file>
      <input_file id="fl-2b">
         <path>/Users/shialacampos/ti/simplelink_cc32xx_sdk_7_10_00_13/source/ti/devices/cc32xx/driverlib/ticlang/Release/</path>
         <kind>archive</kind>
         <file>driverlib.a</file>
         <name>uart.obj</name>
      </input_file>
      <input_file id="fl-2c">
         <path>/Users/shialacampos/ti/simplelink_cc32xx_sdk_7_10_00_13/source/ti/devices/cc32xx/driverlib/ticlang/Release/</path>
         <kind>archive</kind>
         <file>driverlib.a</file>
         <name>udma.obj</name>
      </input_file>
      <input_file id="fl-2d">
         <path>/Users/shialacampos/ti/simplelink_cc32xx_sdk_7_10_00_13/source/ti/devices/cc32xx/driverlib/ticlang/Release/</path>
         <kind>archive</kind>
         <file>driverlib.a</file>
         <name>utils.obj</name>
      </input_file>
      <input_file id="fl-2e">
         <path>/Users/shialacampos/ti/simplelink_cc32xx_sdk_7_10_00_13/source/ti/devices/cc32xx/driverlib/ticlang/Release/</path>
         <kind>archive</kind>
         <file>driverlib.a</file>
         <name>flash.obj</name>
      </input_file>
      <input_file id="fl-3b">
         <path>/Applications/ti/ccs1250/ccs/tools/compiler/ti-cgt-armllvm_3.2.0.LTS/lib/armv7em-ti-none-eabi/c/</path>
         <kind>archive</kind>
         <file>libc.a</file>
         <name>memory.c.obj</name>
      </input_file>
      <input_file id="fl-3c">
         <path>/Applications/ti/ccs1250/ccs/tools/compiler/ti-cgt-armllvm_3.2.0.LTS/lib/armv7em-ti-none-eabi/c/</path>
         <kind>archive</kind>
         <file>libc.a</file>
         <name>boot_cortex_m.c.obj</name>
      </input_file>
      <input_file id="fl-3d">
         <path>/Applications/ti/ccs1250/ccs/tools/compiler/ti-cgt-armllvm_3.2.0.LTS/lib/armv7em-ti-none-eabi/c/</path>
         <kind>archive</kind>
         <file>libc.a</file>
         <name>mathacl_init.c.obj</name>
      </input_file>
      <input_file id="fl-3e">
         <path>/Applications/ti/ccs1250/ccs/tools/compiler/ti-cgt-armllvm_3.2.0.LTS/lib/armv7em-ti-none-eabi/c/</path>
         <kind>archive</kind>
         <file>libc.a</file>
         <name>autoinit.c.obj</name>
      </input_file>
      <input_file id="fl-3f">
         <path>/Applications/ti/ccs1250/ccs/tools/compiler/ti-cgt-armllvm_3.2.0.LTS/lib/armv7em-ti-none-eabi/c/</path>
         <kind>archive</kind>
         <file>libc.a</file>
         <name>pre_init.c.obj</name>
      </input_file>
      <input_file id="fl-40">
         <path>/Applications/ti/ccs1250/ccs/tools/compiler/ti-cgt-armllvm_3.2.0.LTS/lib/armv7em-ti-none-eabi/c/</path>
         <kind>archive</kind>
         <file>libc.a</file>
         <name>cpy_tbl.c.obj</name>
      </input_file>
      <input_file id="fl-41">
         <path>/Applications/ti/ccs1250/ccs/tools/compiler/ti-cgt-armllvm_3.2.0.LTS/lib/armv7em-ti-none-eabi/c/</path>
         <kind>archive</kind>
         <file>libc.a</file>
         <name>copy_zero_init.c.obj</name>
      </input_file>
      <input_file id="fl-42">
         <path>/Applications/ti/ccs1250/ccs/tools/compiler/ti-cgt-armllvm_3.2.0.LTS/lib/armv7em-ti-none-eabi/c/</path>
         <kind>archive</kind>
         <file>libc.a</file>
         <name>copy_decompress_none.c.obj</name>
      </input_file>
      <input_file id="fl-43">
         <path>/Applications/ti/ccs1250/ccs/tools/compiler/ti-cgt-armllvm_3.2.0.LTS/lib/armv7em-ti-none-eabi/c/</path>
         <kind>archive</kind>
         <file>libc.a</file>
         <name>copy_decompress_lzss.c.obj</name>
      </input_file>
      <input_file id="fl-44">
         <path>/Applications/ti/ccs1250/ccs/tools/compiler/ti-cgt-armllvm_3.2.0.LTS/lib/armv7em-ti-none-eabi/c/</path>
         <kind>archive</kind>
         <file>libc.a</file>
         <name>exit.c.obj</name>
      </input_file>
      <input_file id="fl-45">
         <path>/Applications/ti/ccs1250/ccs/tools/compiler/ti-cgt-armllvm_3.2.0.LTS/lib/armv7em-ti-none-eabi/c/</path>
         <kind>archive</kind>
         <file>libc.a</file>
         <name>_lock.c.obj</name>
      </input_file>
      <input_file id="fl-46">
         <path>/Applications/ti/ccs1250/ccs/tools/compiler/ti-cgt-armllvm_3.2.0.LTS/lib/armv7em-ti-none-eabi/c/</path>
         <kind>archive</kind>
         <file>libc.a</file>
         <name>args_main.c.obj</name>
      </input_file>
      <input_file id="fl-aa">
         <path>/Applications/ti/ccs1250/ccs/tools/compiler/ti-cgt-armllvm_3.2.0.LTS/lib/clang/15.0.7/lib/armv7em-ti-none-eabi/</path>
         <kind>archive</kind>
         <file>libclang_rt.builtins.a</file>
         <name>aeabi_memcpy.S.obj</name>
      </input_file>
      <input_file id="fl-ab">
         <path>/Applications/ti/ccs1250/ccs/tools/compiler/ti-cgt-armllvm_3.2.0.LTS/lib/clang/15.0.7/lib/armv7em-ti-none-eabi/</path>
         <kind>archive</kind>
         <file>libclang_rt.builtins.a</file>
         <name>aeabi_memset.S.obj</name>
      </input_file>
      <input_file id="fl-ac">
         <path>/Applications/ti/ccs1250/ccs/tools/compiler/ti-cgt-armllvm_3.2.0.LTS/lib/clang/15.0.7/lib/armv7em-ti-none-eabi/</path>
         <kind>archive</kind>
         <file>libclang_rt.builtins.a</file>
         <name>aeabi_uldivmod.S.obj</name>
      </input_file>
      <input_file id="fl-ad">
         <path>/Applications/ti/ccs1250/ccs/tools/compiler/ti-cgt-armllvm_3.2.0.LTS/lib/clang/15.0.7/lib/armv7em-ti-none-eabi/</path>
         <kind>archive</kind>
         <file>libclang_rt.builtins.a</file>
         <name>udivmoddi4.S.obj</name>
      </input_file>
      <input_file id="fl-ae">
         <path>/Applications/ti/ccs1250/ccs/tools/compiler/ti-cgt-armllvm_3.2.0.LTS/lib/clang/15.0.7/lib/armv7em-ti-none-eabi/</path>
         <kind>archive</kind>
         <file>libclang_rt.builtins.a</file>
         <name>aeabi_div0.c.obj</name>
      </input_file>
      <input_file id="fl-af">
         <path>/Applications/ti/ccs1250/ccs/tools/compiler/ti-cgt-armllvm_3.2.0.LTS/lib/armv7em-ti-none-eabi/c/</path>
         <kind>archive</kind>
         <file>libc.a</file>
         <name>memcpy_t2.S.obj</name>
      </input_file>
      <input_file id="fl-b0">
         <path>/Applications/ti/ccs1250/ccs/tools/compiler/ti-cgt-armllvm_3.2.0.LTS/lib/armv7em-ti-none-eabi/c/</path>
         <kind>archive</kind>
         <file>libc.a</file>
         <name>memset_t2.S.obj</name>
      </input_file>
   </input_file_list>
   <object_component_list>
      <object_component id="oc-d0">
         <name>.text.PRCMCC3200MCUInit</name>
         <load_address>0x2000c040</load_address>
         <readonly>true</readonly>
         <executable>true</executable>
         <run_address>0x2000c040</run_address>
         <size>0x4b8</size>
         <alignment>0x2</alignment>
         <input_file_ref idref="fl-28"/>
      </object_component>
      <object_component id="oc-208">
         <name>.text.Power_sleep</name>
         <load_address>0x2000c4f8</load_address>
         <readonly>true</readonly>
         <executable>true</executable>
         <run_address>0x2000c4f8</run_address>
         <size>0x3e4</size>
         <alignment>0x4</alignment>
         <input_file_ref idref="fl-15"/>
      </object_component>
      <object_component id="oc-167">
         <name>.text.UART2CC32XX_hwiIntFxn</name>
         <load_address>0x2000c8dc</load_address>
         <readonly>true</readonly>
         <executable>true</executable>
         <run_address>0x2000c8dc</run_address>
         <size>0x222</size>
         <alignment>0x2</alignment>
         <input_file_ref idref="fl-18"/>
      </object_component>
      <object_component id="oc-16b">
         <name>.text.UART2_readTimeout</name>
         <load_address>0x2000cafe</load_address>
         <readonly>true</readonly>
         <executable>true</executable>
         <run_address>0x2000cafe</run_address>
         <size>0x1d2</size>
         <alignment>0x2</alignment>
         <input_file_ref idref="fl-17"/>
      </object_component>
      <object_component id="oc-f1">
         <name>.text.UART2_open</name>
         <load_address>0x2000ccd0</load_address>
         <readonly>true</readonly>
         <executable>true</executable>
         <run_address>0x2000ccd0</run_address>
         <size>0x1cc</size>
         <alignment>0x4</alignment>
         <input_file_ref idref="fl-18"/>
      </object_component>
      <object_component id="oc-1ec">
         <name>.text.UART2_writeTimeoutBlocking</name>
         <load_address>0x2000ce9c</load_address>
         <readonly>true</readonly>
         <executable>true</executable>
         <run_address>0x2000ce9c</run_address>
         <size>0x174</size>
         <alignment>0x2</alignment>
         <input_file_ref idref="fl-17"/>
      </object_component>
      <object_component id="oc-187">
         <name>.text.PowerCC32XX_sleepPolicy</name>
         <load_address>0x2000d010</load_address>
         <readonly>true</readonly>
         <executable>true</executable>
         <run_address>0x2000d010</run_address>
         <size>0x150</size>
         <alignment>0x4</alignment>
         <input_file_ref idref="fl-20"/>
      </object_component>
      <object_component id="oc-eb">
         <name>.text.GPIO_setConfig</name>
         <load_address>0x2000d160</load_address>
         <readonly>true</readonly>
         <executable>true</executable>
         <run_address>0x2000d160</run_address>
         <size>0x140</size>
         <alignment>0x4</alignment>
         <input_file_ref idref="fl-14"/>
      </object_component>
      <object_component id="oc-217">
         <name>.text.aligned_alloc</name>
         <load_address>0x2000d2a0</load_address>
         <readonly>true</readonly>
         <executable>true</executable>
         <run_address>0x2000d2a0</run_address>
         <size>0x120</size>
         <alignment>0x4</alignment>
         <input_file_ref idref="fl-3b"/>
      </object_component>
      <object_component id="oc-1eb">
         <name>.text.UART2_writeTimeoutNonblocking</name>
         <load_address>0x2000d3c0</load_address>
         <readonly>true</readonly>
         <executable>true</executable>
         <run_address>0x2000d3c0</run_address>
         <size>0x11a</size>
         <alignment>0x2</alignment>
         <input_file_ref idref="fl-17"/>
      </object_component>
      <object_component id="oc-232">
         <name>.text.uDMAChannelTransferSet</name>
         <load_address>0x2000d4da</load_address>
         <readonly>true</readonly>
         <executable>true</executable>
         <run_address>0x2000d4da</run_address>
         <size>0x112</size>
         <alignment>0x2</alignment>
         <input_file_ref idref="fl-2c"/>
      </object_component>
      <object_component id="oc-18e">
         <name>.text.free</name>
         <load_address>0x2000d5ec</load_address>
         <readonly>true</readonly>
         <executable>true</executable>
         <run_address>0x2000d5ec</run_address>
         <size>0xf0</size>
         <alignment>0x4</alignment>
         <input_file_ref idref="fl-3b"/>
      </object_component>
      <object_component id="oc-162">
         <name>.text.UART2_close</name>
         <load_address>0x2000d6dc</load_address>
         <readonly>true</readonly>
         <executable>true</executable>
         <run_address>0x2000d6dc</run_address>
         <size>0xe8</size>
         <alignment>0x4</alignment>
         <input_file_ref idref="fl-18"/>
      </object_component>
      <object_component id="oc-1e7">
         <name>.text.UART2Support_dmaStartRx</name>
         <load_address>0x2000d7c4</load_address>
         <readonly>true</readonly>
         <executable>true</executable>
         <run_address>0x2000d7c4</run_address>
         <size>0xcc</size>
         <alignment>0x4</alignment>
         <input_file_ref idref="fl-18"/>
      </object_component>
      <object_component id="oc-225">
         <name>.text.IntDisable</name>
         <load_address>0x2000d890</load_address>
         <readonly>true</readonly>
         <executable>true</executable>
         <run_address>0x2000d890</run_address>
         <size>0xc8</size>
         <alignment>0x2</alignment>
         <input_file_ref idref="fl-26"/>
      </object_component>
      <object_component id="oc-1cf">
         <name>.text.IntEnable</name>
         <load_address>0x2000d958</load_address>
         <readonly>true</readonly>
         <executable>true</executable>
         <run_address>0x2000d958</run_address>
         <size>0xc8</size>
         <alignment>0x2</alignment>
         <input_file_ref idref="fl-26"/>
      </object_component>
      <object_component id="oc-15e">
         <name>.text.UART2CC32XX_initHw</name>
         <load_address>0x2000da20</load_address>
         <readonly>true</readonly>
         <executable>true</executable>
         <run_address>0x2000da20</run_address>
         <size>0xc4</size>
         <alignment>0x4</alignment>
         <input_file_ref idref="fl-18"/>
      </object_component>
      <object_component id="oc-1ea">
         <name>.text.UART2Support_dmaStartTx</name>
         <load_address>0x2000dae4</load_address>
         <readonly>true</readonly>
         <executable>true</executable>
         <run_address>0x2000dae4</run_address>
         <size>0xb8</size>
         <alignment>0x4</alignment>
         <input_file_ref idref="fl-18"/>
      </object_component>
      <object_component id="oc-242">
         <name>.text</name>
         <load_address>0x2000db9c</load_address>
         <readonly>true</readonly>
         <executable>true</executable>
         <run_address>0x2000db9c</run_address>
         <size>0xb0</size>
         <alignment>0x4</alignment>
         <input_file_ref idref="fl-ad"/>
      </object_component>
      <object_component id="oc-1a7">
         <name>.text.GPIOIntTypeSet</name>
         <load_address>0x2000dc4c</load_address>
         <readonly>true</readonly>
         <executable>true</executable>
         <run_address>0x2000dc4c</run_address>
         <size>0xac</size>
         <alignment>0x2</alignment>
         <input_file_ref idref="fl-24"/>
      </object_component>
      <object_component id="oc-277">
         <name>.text.IntPendSet</name>
         <load_address>0x2000dcf8</load_address>
         <readonly>true</readonly>
         <executable>true</executable>
         <run_address>0x2000dcf8</run_address>
         <size>0xa4</size>
         <alignment>0x2</alignment>
         <input_file_ref idref="fl-26"/>
      </object_component>
      <object_component id="oc-13a">
         <name>.text.PinConfigSet</name>
         <load_address>0x2000dd9c</load_address>
         <readonly>true</readonly>
         <executable>true</executable>
         <run_address>0x2000dd9c</run_address>
         <size>0xa2</size>
         <alignment>0x2</alignment>
         <input_file_ref idref="fl-27"/>
      </object_component>
      <object_component id="oc-e0">
         <name>.text.Board_initHook</name>
         <load_address>0x2000de3e</load_address>
         <readonly>true</readonly>
         <executable>true</executable>
         <run_address>0x2000de3e</run_address>
         <size>0x2</size>
         <alignment>0x2</alignment>
         <input_file_ref idref="fl-3"/>
      </object_component>
      <object_component id="oc-12c">
         <name>.text.SemaphoreP_pend</name>
         <load_address>0x2000de40</load_address>
         <readonly>true</readonly>
         <executable>true</executable>
         <run_address>0x2000de40</run_address>
         <size>0x98</size>
         <alignment>0x4</alignment>
         <input_file_ref idref="fl-1d"/>
      </object_component>
      <object_component id="oc-129">
         <name>.text.HwiP_disable</name>
         <load_address>0x2000ded8</load_address>
         <readonly>true</readonly>
         <executable>true</executable>
         <run_address>0x2000ded8</run_address>
         <size>0x8</size>
         <alignment>0x2</alignment>
         <input_file_ref idref="fl-1f"/>
      </object_component>
      <object_component id="oc-24e">
         <name>.text</name>
         <load_address>0x2000dee0</load_address>
         <readonly>true</readonly>
         <executable>true</executable>
         <run_address>0x2000dee0</run_address>
         <size>0x96</size>
         <alignment>0x10</alignment>
         <input_file_ref idref="fl-16"/>
      </object_component>
      <object_component id="oc-182">
         <name>.text.PowerCC32XX_initPolicy</name>
         <load_address>0x2000df76</load_address>
         <readonly>true</readonly>
         <executable>true</executable>
         <run_address>0x2000df76</run_address>
         <size>0x2</size>
         <alignment>0x2</alignment>
         <input_file_ref idref="fl-20"/>
      </object_component>
      <object_component id="oc-b0">
         <name>.text.mainThread</name>
         <load_address>0x2000df78</load_address>
         <readonly>true</readonly>
         <executable>true</executable>
         <run_address>0x2000df78</run_address>
         <size>0x94</size>
         <alignment>0x4</alignment>
         <input_file_ref idref="fl-2"/>
      </object_component>
      <object_component id="oc-1c8">
         <name>.text.uDMAChannelAttributeDisable</name>
         <load_address>0x2000e00c</load_address>
         <readonly>true</readonly>
         <executable>true</executable>
         <run_address>0x2000e00c</run_address>
         <size>0x92</size>
         <alignment>0x2</alignment>
         <input_file_ref idref="fl-2c"/>
      </object_component>
      <object_component id="oc-1d9">
         <name>.text.SemaphoreP_destruct</name>
         <load_address>0x2000e09e</load_address>
         <readonly>true</readonly>
         <executable>true</executable>
         <run_address>0x2000e09e</run_address>
         <size>0x2</size>
         <alignment>0x2</alignment>
         <input_file_ref idref="fl-1d"/>
      </object_component>
      <object_component id="oc-da">
         <name>.text.GPIO_init</name>
         <load_address>0x2000e0a0</load_address>
         <readonly>true</readonly>
         <executable>true</executable>
         <run_address>0x2000e0a0</run_address>
         <size>0x90</size>
         <alignment>0x4</alignment>
         <input_file_ref idref="fl-14"/>
      </object_component>
      <object_component id="oc-10b">
         <name>.text.PRCMSysResetCauseGet</name>
         <load_address>0x2000e130</load_address>
         <readonly>true</readonly>
         <executable>true</executable>
         <run_address>0x2000e130</run_address>
         <size>0x8e</size>
         <alignment>0x2</alignment>
         <input_file_ref idref="fl-28"/>
      </object_component>
      <object_component id="oc-165">
         <name>.text.UART2CC32XX_eventCallback</name>
         <load_address>0x2000e1be</load_address>
         <readonly>true</readonly>
         <executable>true</executable>
         <run_address>0x2000e1be</run_address>
         <size>0x2</size>
         <alignment>0x2</alignment>
         <input_file_ref idref="fl-18"/>
      </object_component>
      <object_component id="oc-11d">
         <name>.text.PowerCC32XX_configureWakeup</name>
         <load_address>0x2000e1c0</load_address>
         <readonly>true</readonly>
         <executable>true</executable>
         <run_address>0x2000e1c0</run_address>
         <size>0x88</size>
         <alignment>0x4</alignment>
         <input_file_ref idref="fl-15"/>
      </object_component>
      <object_component id="oc-d5">
         <name>.text.Power_init</name>
         <load_address>0x2000e248</load_address>
         <readonly>true</readonly>
         <executable>true</executable>
         <run_address>0x2000e248</run_address>
         <size>0x78</size>
         <alignment>0x4</alignment>
         <input_file_ref idref="fl-15"/>
      </object_component>
      <object_component id="oc-160">
         <name>.text.HwiP_construct</name>
         <load_address>0x2000e2c0</load_address>
         <readonly>true</readonly>
         <executable>true</executable>
         <run_address>0x2000e2c0</run_address>
         <size>0x74</size>
         <alignment>0x4</alignment>
         <input_file_ref idref="fl-1f"/>
      </object_component>
      <object_component id="oc-17f">
         <name>.text.PRCMHibernateWakeUpGPIOSelect</name>
         <load_address>0x2000e334</load_address>
         <readonly>true</readonly>
         <executable>true</executable>
         <run_address>0x2000e334</run_address>
         <size>0x74</size>
         <alignment>0x2</alignment>
         <input_file_ref idref="fl-28"/>
      </object_component>
      <object_component id="oc-1bd">
         <name>.text.UARTConfigSetExpClk</name>
         <load_address>0x2000e3a8</load_address>
         <readonly>true</readonly>
         <executable>true</executable>
         <run_address>0x2000e3a8</run_address>
         <size>0x74</size>
         <alignment>0x2</alignment>
         <input_file_ref idref="fl-2b"/>
      </object_component>
      <object_component id="oc-18">
         <name>.text:decompress:lzss</name>
         <load_address>0x2000e41c</load_address>
         <readonly>true</readonly>
         <executable>true</executable>
         <run_address>0x2000e41c</run_address>
         <size>0x70</size>
         <alignment>0x2</alignment>
         <input_file_ref idref="fl-43"/>
      </object_component>
      <object_component id="oc-24c">
         <name>.text.PinLockLevelSet</name>
         <load_address>0x2000e48c</load_address>
         <readonly>true</readonly>
         <executable>true</executable>
         <run_address>0x2000e48c</run_address>
         <size>0x6c</size>
         <alignment>0x2</alignment>
         <input_file_ref idref="fl-27"/>
      </object_component>
      <object_component id="oc-13b">
         <name>.text.Power_setDependency</name>
         <load_address>0x2000e4f8</load_address>
         <readonly>true</readonly>
         <executable>true</executable>
         <run_address>0x2000e4f8</run_address>
         <size>0x6c</size>
         <alignment>0x4</alignment>
         <input_file_ref idref="fl-15"/>
      </object_component>
      <object_component id="oc-15c">
         <name>.text.UDMACC32XX_open</name>
         <load_address>0x2000e564</load_address>
         <readonly>true</readonly>
         <executable>true</executable>
         <run_address>0x2000e564</run_address>
         <size>0x6c</size>
         <alignment>0x4</alignment>
         <input_file_ref idref="fl-1b"/>
      </object_component>
      <object_component id="oc-133">
         <name>.text.powerNotifyFxn</name>
         <load_address>0x2000e5d0</load_address>
         <readonly>true</readonly>
         <executable>true</executable>
         <run_address>0x2000e5d0</run_address>
         <size>0x6c</size>
         <alignment>0x4</alignment>
         <input_file_ref idref="fl-14"/>
      </object_component>
      <object_component id="oc-25c">
         <name>.text.split</name>
         <load_address>0x2000e63c</load_address>
         <readonly>true</readonly>
         <executable>true</executable>
         <run_address>0x2000e63c</run_address>
         <size>0x6c</size>
         <alignment>0x4</alignment>
         <input_file_ref idref="fl-3b"/>
      </object_component>
      <object_component id="oc-113">
         <name>.text.PRCMPeripheralReset</name>
         <load_address>0x2000e6a8</load_address>
         <readonly>true</readonly>
         <executable>true</executable>
         <run_address>0x2000e6a8</run_address>
         <size>0x6a</size>
         <alignment>0x2</alignment>
         <input_file_ref idref="fl-28"/>
      </object_component>
      <object_component id="oc-1cc">
         <name>.text.IntPendClear</name>
         <load_address>0x2000e712</load_address>
         <readonly>true</readonly>
         <executable>true</executable>
         <run_address>0x2000e712</run_address>
         <size>0x68</size>
         <alignment>0x2</alignment>
         <input_file_ref idref="fl-26"/>
      </object_component>
      <object_component id="oc-266">
         <name>.text.__aeabi_ldiv0</name>
         <load_address>0x2000e77a</load_address>
         <readonly>true</readonly>
         <executable>true</executable>
         <run_address>0x2000e77a</run_address>
         <size>0x2</size>
         <alignment>0x2</alignment>
         <input_file_ref idref="fl-ae"/>
      </object_component>
      <object_component id="oc-f7">
         <name>.text.GPIO_write</name>
         <load_address>0x2000e77c</load_address>
         <readonly>true</readonly>
         <executable>true</executable>
         <run_address>0x2000e77c</run_address>
         <size>0x60</size>
         <alignment>0x4</alignment>
         <input_file_ref idref="fl-14"/>
      </object_component>
      <object_component id="oc-1e9">
         <name>.text.UART2Support_dmaStopTx</name>
         <load_address>0x2000e7dc</load_address>
         <readonly>true</readonly>
         <executable>true</executable>
         <run_address>0x2000e7dc</run_address>
         <size>0x60</size>
         <alignment>0x2</alignment>
         <input_file_ref idref="fl-18"/>
      </object_component>
      <object_component id="oc-272">
         <name>.text.FlashDisable</name>
         <load_address>0x2000e83c</load_address>
         <readonly>true</readonly>
         <executable>true</executable>
         <run_address>0x2000e83c</run_address>
         <size>0x5c</size>
         <alignment>0x2</alignment>
         <input_file_ref idref="fl-2e"/>
      </object_component>
      <object_component id="oc-181">
         <name>.text.PRCMHibernateWakeupSourceDisable</name>
         <load_address>0x2000e898</load_address>
         <readonly>true</readonly>
         <executable>true</executable>
         <run_address>0x2000e898</run_address>
         <size>0x5c</size>
         <alignment>0x2</alignment>
         <input_file_ref idref="fl-28"/>
      </object_component>
      <object_component id="oc-112">
         <name>.text.PRCMPeripheralClkEnable</name>
         <load_address>0x2000e8f4</load_address>
         <readonly>true</readonly>
         <executable>true</executable>
         <run_address>0x2000e8f4</run_address>
         <size>0x5a</size>
         <alignment>0x2</alignment>
         <input_file_ref idref="fl-28"/>
      </object_component>
      <object_component id="oc-16d">
         <name>.text._nop</name>
         <load_address>0x2000e94e</load_address>
         <readonly>true</readonly>
         <executable>true</executable>
         <run_address>0x2000e94e</run_address>
         <size>0x2</size>
         <alignment>0x2</alignment>
         <input_file_ref idref="fl-45"/>
      </object_component>
      <object_component id="oc-222">
         <name>.text.ClockP_startup</name>
         <load_address>0x2000e950</load_address>
         <readonly>true</readonly>
         <executable>true</executable>
         <run_address>0x2000e950</run_address>
         <size>0x58</size>
         <alignment>0x4</alignment>
         <input_file_ref idref="fl-1e"/>
      </object_component>
      <object_component id="oc-1ce">
         <name>.text.IntPrioritySet</name>
         <load_address>0x2000e9a8</load_address>
         <readonly>true</readonly>
         <executable>true</executable>
         <run_address>0x2000e9a8</run_address>
         <size>0x58</size>
         <alignment>0x2</alignment>
         <input_file_ref idref="fl-26"/>
      </object_component>
      <object_component id="oc-258">
         <name>.text.PRCMLPDSEnter</name>
         <load_address>0x2000ea00</load_address>
         <readonly>true</readonly>
         <executable>true</executable>
         <run_address>0x2000ea00</run_address>
         <size>0x56</size>
         <alignment>0x2</alignment>
         <input_file_ref idref="fl-28"/>
      </object_component>
      <object_component id="oc-57">
         <name>.text.busFaultHandler</name>
         <load_address>0x2000ea56</load_address>
         <readonly>true</readonly>
         <executable>true</executable>
         <run_address>0x2000ea56</run_address>
         <size>0x2</size>
         <alignment>0x2</alignment>
         <input_file_ref idref="fl-21"/>
      </object_component>
      <object_component id="oc-1a1">
         <name>.text.PowerCC32XX_setParkState</name>
         <load_address>0x2000ea58</load_address>
         <readonly>true</readonly>
         <executable>true</executable>
         <run_address>0x2000ea58</run_address>
         <size>0x54</size>
         <alignment>0x4</alignment>
         <input_file_ref idref="fl-15"/>
      </object_component>
      <object_component id="oc-1dc">
         <name>.text.Power_releaseDependency</name>
         <load_address>0x2000eaac</load_address>
         <readonly>true</readonly>
         <executable>true</executable>
         <run_address>0x2000eaac</run_address>
         <size>0x54</size>
         <alignment>0x4</alignment>
         <input_file_ref idref="fl-15"/>
      </object_component>
      <object_component id="oc-149">
         <name>.text.GPIO_hwiIntFxn</name>
         <load_address>0x2000eb00</load_address>
         <readonly>true</readonly>
         <executable>true</executable>
         <run_address>0x2000eb00</run_address>
         <size>0x50</size>
         <alignment>0x4</alignment>
         <input_file_ref idref="fl-14"/>
      </object_component>
      <object_component id="oc-180">
         <name>.text.PRCMHibernateWakeupSourceEnable</name>
         <load_address>0x2000eb50</load_address>
         <readonly>true</readonly>
         <executable>true</executable>
         <run_address>0x2000eb50</run_address>
         <size>0x50</size>
         <alignment>0x2</alignment>
         <input_file_ref idref="fl-28"/>
      </object_component>
      <object_component id="oc-1d3">
         <name>.text.SemaphoreP_construct</name>
         <load_address>0x2000eba0</load_address>
         <readonly>true</readonly>
         <executable>true</executable>
         <run_address>0x2000eba0</run_address>
         <size>0x50</size>
         <alignment>0x4</alignment>
         <input_file_ref idref="fl-1d"/>
      </object_component>
      <object_component id="oc-1c7">
         <name>.text.uDMAChannelAssign</name>
         <load_address>0x2000ebf0</load_address>
         <readonly>true</readonly>
         <executable>true</executable>
         <run_address>0x2000ebf0</run_address>
         <size>0x4e</size>
         <alignment>0x2</alignment>
         <input_file_ref idref="fl-2c"/>
      </object_component>
      <object_component id="oc-195">
         <name>.text.clkFxn</name>
         <load_address>0x2000ec3e</load_address>
         <readonly>true</readonly>
         <executable>true</executable>
         <run_address>0x2000ec3e</run_address>
         <size>0x2</size>
         <alignment>0x2</alignment>
         <input_file_ref idref="fl-1d"/>
      </object_component>
      <object_component id="oc-144">
         <name>.text.GPIO_setInterruptConfig</name>
         <load_address>0x2000ec40</load_address>
         <readonly>true</readonly>
         <executable>true</executable>
         <run_address>0x2000ec40</run_address>
         <size>0x4c</size>
         <alignment>0x4</alignment>
         <input_file_ref idref="fl-14"/>
      </object_component>
      <object_component id="oc-270">
         <name>.text.PRCMLPDSRestoreInfoSet</name>
         <load_address>0x2000ec8c</load_address>
         <readonly>true</readonly>
         <executable>true</executable>
         <run_address>0x2000ec8c</run_address>
         <size>0x4c</size>
         <alignment>0x2</alignment>
         <input_file_ref idref="fl-28"/>
      </object_component>
      <object_component id="oc-1e5">
         <name>.text.UART2Support_dmaStopRx</name>
         <load_address>0x2000ecd8</load_address>
         <readonly>true</readonly>
         <executable>true</executable>
         <run_address>0x2000ecd8</run_address>
         <size>0x4a</size>
         <alignment>0x2</alignment>
         <input_file_ref idref="fl-18"/>
      </object_component>
      <object_component id="oc-22c">
         <name>.text.uDMAChannelSizeGet</name>
         <load_address>0x2000ed22</load_address>
         <readonly>true</readonly>
         <executable>true</executable>
         <run_address>0x2000ed22</run_address>
         <size>0x4a</size>
         <alignment>0x2</alignment>
         <input_file_ref idref="fl-2c"/>
      </object_component>
      <object_component id="oc-58">
         <name>.text.ClockP_sysTickHandler</name>
         <load_address>0x2000ed6c</load_address>
         <readonly>true</readonly>
         <executable>true</executable>
         <run_address>0x2000ed6c</run_address>
         <size>0x48</size>
         <alignment>0x4</alignment>
         <input_file_ref idref="fl-1e"/>
      </object_component>
      <object_component id="oc-252">
         <name>.text.PRCMIntEnable</name>
         <load_address>0x2000edb4</load_address>
         <readonly>true</readonly>
         <executable>true</executable>
         <run_address>0x2000edb4</run_address>
         <size>0x48</size>
         <alignment>0x2</alignment>
         <input_file_ref idref="fl-28"/>
      </object_component>
      <object_component id="oc-1a3">
         <name>.text.PRCMPeripheralStatusGet</name>
         <load_address>0x2000edfc</load_address>
         <readonly>true</readonly>
         <executable>true</executable>
         <run_address>0x2000edfc</run_address>
         <size>0x48</size>
         <alignment>0x2</alignment>
         <input_file_ref idref="fl-28"/>
      </object_component>
      <object_component id="oc-26d">
         <name>.text.PinConfigGet</name>
         <load_address>0x2000ee44</load_address>
         <readonly>true</readonly>
         <executable>true</executable>
         <run_address>0x2000ee44</run_address>
         <size>0x48</size>
         <alignment>0x2</alignment>
         <input_file_ref idref="fl-27"/>
      </object_component>
      <object_component id="oc-16c">
         <name>.text.UART2_readFull</name>
         <load_address>0x2000ee8c</load_address>
         <readonly>true</readonly>
         <executable>true</executable>
         <run_address>0x2000ee8c</run_address>
         <size>0x48</size>
         <alignment>0x2</alignment>
         <input_file_ref idref="fl-17"/>
      </object_component>
      <object_component id="oc-257">
         <name>.text.PRCMLPDSEnterKeepDebugIf</name>
         <load_address>0x2000eed4</load_address>
         <readonly>true</readonly>
         <executable>true</executable>
         <run_address>0x2000eed4</run_address>
         <size>0x46</size>
         <alignment>0x2</alignment>
         <input_file_ref idref="fl-28"/>
      </object_component>
      <object_component id="oc-22a">
         <name>.text.RingBuf_put</name>
         <load_address>0x2000ef1a</load_address>
         <readonly>true</readonly>
         <executable>true</executable>
         <run_address>0x2000ef1a</run_address>
         <size>0x46</size>
         <alignment>0x2</alignment>
         <input_file_ref idref="fl-1a"/>
      </object_component>
      <object_component id="oc-13e">
         <name>.text.GPIODirModeSet</name>
         <load_address>0x2000ef60</load_address>
         <readonly>true</readonly>
         <executable>true</executable>
         <run_address>0x2000ef60</run_address>
         <size>0x44</size>
         <alignment>0x2</alignment>
         <input_file_ref idref="fl-24"/>
      </object_component>
      <object_component id="oc-1a8">
         <name>.text.GPIO_disableInt</name>
         <load_address>0x2000efa4</load_address>
         <readonly>true</readonly>
         <executable>true</executable>
         <run_address>0x2000efa4</run_address>
         <size>0x44</size>
         <alignment>0x4</alignment>
         <input_file_ref idref="fl-14"/>
      </object_component>
      <object_component id="oc-145">
         <name>.text.GPIO_enableInt</name>
         <load_address>0x2000efe8</load_address>
         <readonly>true</readonly>
         <executable>true</executable>
         <run_address>0x2000efe8</run_address>
         <size>0x44</size>
         <alignment>0x4</alignment>
         <input_file_ref idref="fl-14"/>
      </object_component>
      <object_component id="oc-1e8">
         <name>.text.Power_releaseConstraint</name>
         <load_address>0x2000f02c</load_address>
         <readonly>true</readonly>
         <executable>true</executable>
         <run_address>0x2000f02c</run_address>
         <size>0x44</size>
         <alignment>0x4</alignment>
         <input_file_ref idref="fl-15"/>
      </object_component>
      <object_component id="oc-7d">
         <name>.text.addToList</name>
         <load_address>0x2000f070</load_address>
         <readonly>true</readonly>
         <executable>true</executable>
         <run_address>0x2000f070</run_address>
         <size>0x44</size>
         <alignment>0x4</alignment>
         <input_file_ref idref="fl-1e"/>
      </object_component>
      <object_component id="oc-11a">
         <name>.text.PinModeSet</name>
         <load_address>0x2000f0b4</load_address>
         <readonly>true</readonly>
         <executable>true</executable>
         <run_address>0x2000f0b4</run_address>
         <size>0x42</size>
         <alignment>0x2</alignment>
         <input_file_ref idref="fl-27"/>
      </object_component>
      <object_component id="oc-1fd">
         <name>.text.getCountsRTC</name>
         <load_address>0x2000f0f6</load_address>
         <readonly>true</readonly>
         <executable>true</executable>
         <run_address>0x2000f0f6</run_address>
         <size>0x42</size>
         <alignment>0x2</alignment>
         <input_file_ref idref="fl-20"/>
      </object_component>
      <object_component id="oc-12e">
         <name>.text.SemaphoreP_post</name>
         <load_address>0x2000f138</load_address>
         <readonly>true</readonly>
         <executable>true</executable>
         <run_address>0x2000f138</run_address>
         <size>0x40</size>
         <alignment>0x4</alignment>
         <input_file_ref idref="fl-1d"/>
      </object_component>
      <object_component id="oc-231">
         <name>.text.uDMAChannelControlSet</name>
         <load_address>0x2000f178</load_address>
         <readonly>true</readonly>
         <executable>true</executable>
         <run_address>0x2000f178</run_address>
         <size>0x40</size>
         <alignment>0x2</alignment>
         <input_file_ref idref="fl-2c"/>
      </object_component>
      <object_component id="oc-26f">
         <name>.text.PinDirModeSet</name>
         <load_address>0x2000f1b8</load_address>
         <readonly>true</readonly>
         <executable>true</executable>
         <run_address>0x2000f1b8</run_address>
         <size>0x3e</size>
         <alignment>0x2</alignment>
         <input_file_ref idref="fl-27"/>
      </object_component>
      <object_component id="oc-56">
         <name>.text.defaultHandler</name>
         <load_address>0x2000f1f6</load_address>
         <readonly>true</readonly>
         <executable>true</executable>
         <run_address>0x2000f1f6</run_address>
         <size>0x2</size>
         <alignment>0x2</alignment>
         <input_file_ref idref="fl-21"/>
      </object_component>
      <object_component id="oc-214">
         <name>.text.ClockP_stop</name>
         <load_address>0x2000f1f8</load_address>
         <readonly>true</readonly>
         <executable>true</executable>
         <run_address>0x2000f1f8</run_address>
         <size>0x3c</size>
         <alignment>0x4</alignment>
         <input_file_ref idref="fl-1e"/>
      </object_component>
      <object_component id="oc-157">
         <name>.text.UDMACC32XX_init</name>
         <load_address>0x2000f234</load_address>
         <readonly>true</readonly>
         <executable>true</executable>
         <run_address>0x2000f234</run_address>
         <size>0x3c</size>
         <alignment>0x4</alignment>
         <input_file_ref idref="fl-1b"/>
      </object_component>
      <object_component id="oc-194">
         <name>.text.ClockP_destruct</name>
         <load_address>0x2000f270</load_address>
         <readonly>true</readonly>
         <executable>true</executable>
         <run_address>0x2000f270</run_address>
         <size>0x38</size>
         <alignment>0x4</alignment>
         <input_file_ref idref="fl-1e"/>
      </object_component>
      <object_component id="oc-235">
         <name>.text.Power_setConstraint</name>
         <load_address>0x2000f2a8</load_address>
         <readonly>true</readonly>
         <executable>true</executable>
         <run_address>0x2000f2a8</run_address>
         <size>0x38</size>
         <alignment>0x4</alignment>
         <input_file_ref idref="fl-15"/>
      </object_component>
      <object_component id="oc-22e">
         <name>.text.RingBuf_putAdvance</name>
         <load_address>0x2000f2e0</load_address>
         <readonly>true</readonly>
         <executable>true</executable>
         <run_address>0x2000f2e0</run_address>
         <size>0x38</size>
         <alignment>0x2</alignment>
         <input_file_ref idref="fl-1a"/>
      </object_component>
      <object_component id="oc-20e">
         <name>.text.SwiP_restore</name>
         <load_address>0x2000f318</load_address>
         <readonly>true</readonly>
         <executable>true</executable>
         <run_address>0x2000f318</run_address>
         <size>0x38</size>
         <alignment>0x4</alignment>
         <input_file_ref idref="fl-22"/>
      </object_component>
      <object_component id="oc-1ee">
         <name>.text.UART2_rxEnable</name>
         <load_address>0x2000f350</load_address>
         <readonly>true</readonly>
         <executable>true</executable>
         <run_address>0x2000f350</run_address>
         <size>0x38</size>
         <alignment>0x2</alignment>
         <input_file_ref idref="fl-17"/>
      </object_component>
      <object_component id="oc-1da">
         <name>.text.UDMACC32XX_close</name>
         <load_address>0x2000f388</load_address>
         <readonly>true</readonly>
         <executable>true</executable>
         <run_address>0x2000f388</run_address>
         <size>0x38</size>
         <alignment>0x4</alignment>
         <input_file_ref idref="fl-1b"/>
      </object_component>
      <object_component id="oc-bd">
         <name>.text:__TI_auto_init_nobinit_nopinit</name>
         <load_address>0x2000f3c0</load_address>
         <readonly>true</readonly>
         <executable>true</executable>
         <run_address>0x2000f3c0</run_address>
         <size>0x38</size>
         <alignment>0x4</alignment>
         <input_file_ref idref="fl-3e"/>
      </object_component>
      <object_component id="oc-24d">
         <name>.text.PinLock</name>
         <load_address>0x2000f3f8</load_address>
         <readonly>true</readonly>
         <executable>true</executable>
         <run_address>0x2000f3f8</run_address>
         <size>0x36</size>
         <alignment>0x2</alignment>
         <input_file_ref idref="fl-27"/>
      </object_component>
      <object_component id="oc-264">
         <name>.text.UARTCharPutNonBlocking</name>
         <load_address>0x2000f42e</load_address>
         <readonly>true</readonly>
         <executable>true</executable>
         <run_address>0x2000f42e</run_address>
         <size>0x36</size>
         <alignment>0x2</alignment>
         <input_file_ref idref="fl-2b"/>
      </object_component>
      <object_component id="oc-191">
         <name>.text.ClockP_start</name>
         <load_address>0x2000f464</load_address>
         <readonly>true</readonly>
         <executable>true</executable>
         <run_address>0x2000f464</run_address>
         <size>0x34</size>
         <alignment>0x4</alignment>
         <input_file_ref idref="fl-1e"/>
      </object_component>
      <object_component id="oc-26e">
         <name>.text.PinDirModeGet</name>
         <load_address>0x2000f498</load_address>
         <readonly>true</readonly>
         <executable>true</executable>
         <run_address>0x2000f498</run_address>
         <size>0x34</size>
         <alignment>0x2</alignment>
         <input_file_ref idref="fl-27"/>
      </object_component>
      <object_component id="oc-115">
         <name>.text.PinModeGet</name>
         <load_address>0x2000f4cc</load_address>
         <readonly>true</readonly>
         <executable>true</executable>
         <run_address>0x2000f4cc</run_address>
         <size>0x34</size>
         <alignment>0x2</alignment>
         <input_file_ref idref="fl-27"/>
      </object_component>
      <object_component id="oc-24b">
         <name>.text.PowerCC32XX_parkPin</name>
         <load_address>0x2000f500</load_address>
         <readonly>true</readonly>
         <executable>true</executable>
         <run_address>0x2000f500</run_address>
         <size>0x34</size>
         <alignment>0x2</alignment>
         <input_file_ref idref="fl-15"/>
      </object_component>
      <object_component id="oc-1d6">
         <name>.text.UART2_rxDisable</name>
         <load_address>0x2000f534</load_address>
         <readonly>true</readonly>
         <executable>true</executable>
         <run_address>0x2000f534</run_address>
         <size>0x34</size>
         <alignment>0x2</alignment>
         <input_file_ref idref="fl-17"/>
      </object_component>
      <object_component id="oc-4f">
         <name>.text.initVectors</name>
         <load_address>0x2000f568</load_address>
         <readonly>true</readonly>
         <executable>true</executable>
         <run_address>0x2000f568</run_address>
         <size>0x34</size>
         <alignment>0x4</alignment>
         <input_file_ref idref="fl-21"/>
      </object_component>
      <object_component id="oc-23b">
         <name>.text.UART2Support_enableInts</name>
         <load_address>0x2000f59c</load_address>
         <readonly>true</readonly>
         <executable>true</executable>
         <run_address>0x2000f59c</run_address>
         <size>0x32</size>
         <alignment>0x2</alignment>
         <input_file_ref idref="fl-18"/>
      </object_component>
      <object_component id="oc-55">
         <name>.text.faultISR</name>
         <load_address>0x2000f5ce</load_address>
         <readonly>true</readonly>
         <executable>true</executable>
         <run_address>0x2000f5ce</run_address>
         <size>0x2</size>
         <alignment>0x2</alignment>
         <input_file_ref idref="fl-21"/>
      </object_component>
      <object_component id="oc-1fa">
         <name>.text.ClockP_getTicksUntilInterrupt</name>
         <load_address>0x2000f5d0</load_address>
         <readonly>true</readonly>
         <executable>true</executable>
         <run_address>0x2000f5d0</run_address>
         <size>0x30</size>
         <alignment>0x4</alignment>
         <input_file_ref idref="fl-1e"/>
      </object_component>
      <object_component id="oc-207">
         <name>.text.PRCMLPDSIntervalSet</name>
         <load_address>0x2000f600</load_address>
         <readonly>true</readonly>
         <executable>true</executable>
         <run_address>0x2000f600</run_address>
         <size>0x30</size>
         <alignment>0x2</alignment>
         <input_file_ref idref="fl-28"/>
      </object_component>
      <object_component id="oc-241">
         <name>.text.PRCMSlowClkCtrFastGet</name>
         <load_address>0x2000f630</load_address>
         <readonly>true</readonly>
         <executable>true</executable>
         <run_address>0x2000f630</run_address>
         <size>0x30</size>
         <alignment>0x2</alignment>
         <input_file_ref idref="fl-28"/>
      </object_component>
      <object_component id="oc-249">
         <name>.text.notify</name>
         <load_address>0x2000f660</load_address>
         <readonly>true</readonly>
         <executable>true</executable>
         <run_address>0x2000f660</run_address>
         <size>0x30</size>
         <alignment>0x4</alignment>
         <input_file_ref idref="fl-15"/>
      </object_component>
      <object_component id="oc-1ab">
         <name>.text.GPIOIntStatus</name>
         <load_address>0x2000f690</load_address>
         <readonly>true</readonly>
         <executable>true</executable>
         <run_address>0x2000f690</run_address>
         <size>0x2e</size>
         <alignment>0x2</alignment>
         <input_file_ref idref="fl-24"/>
      </object_component>
      <object_component id="oc-1f0">
         <name>.text.RingBuf_getConsume</name>
         <load_address>0x2000f6be</load_address>
         <readonly>true</readonly>
         <executable>true</executable>
         <run_address>0x2000f6be</run_address>
         <size>0x2e</size>
         <alignment>0x2</alignment>
         <input_file_ref idref="fl-1a"/>
      </object_component>
      <object_component id="oc-230">
         <name>.text.RingBuf_putPointer</name>
         <load_address>0x2000f6ec</load_address>
         <readonly>true</readonly>
         <executable>true</executable>
         <run_address>0x2000f6ec</run_address>
         <size>0x2e</size>
         <alignment>0x2</alignment>
         <input_file_ref idref="fl-1a"/>
      </object_component>
      <object_component id="oc-1d7">
         <name>.text.UARTDisable</name>
         <load_address>0x2000f71a</load_address>
         <readonly>true</readonly>
         <executable>true</executable>
         <run_address>0x2000f71a</run_address>
         <size>0x2e</size>
         <alignment>0x2</alignment>
         <input_file_ref idref="fl-2b"/>
      </object_component>
      <object_component id="oc-1e2">
         <name>.text.UART2CC32XX_getRxData</name>
         <load_address>0x2000f748</load_address>
         <readonly>true</readonly>
         <executable>true</executable>
         <run_address>0x2000f748</run_address>
         <size>0x2c</size>
         <alignment>0x2</alignment>
         <input_file_ref idref="fl-18"/>
      </object_component>
      <object_component id="oc-13d">
         <name>.text.HwiP_create</name>
         <load_address>0x2000f774</load_address>
         <readonly>true</readonly>
         <executable>true</executable>
         <run_address>0x2000f774</run_address>
         <size>0x2a</size>
         <alignment>0x2</alignment>
         <input_file_ref idref="fl-1f"/>
      </object_component>
      <object_component id="oc-17e">
         <name>.text.PRCMLPDSWakeUpGPIOSelect</name>
         <load_address>0x2000f79e</load_address>
         <readonly>true</readonly>
         <executable>true</executable>
         <run_address>0x2000f79e</run_address>
         <size>0x2a</size>
         <alignment>0x2</alignment>
         <input_file_ref idref="fl-28"/>
      </object_component>
      <object_component id="oc-114">
         <name>.text.PRCMPeripheralClkDisable</name>
         <load_address>0x2000f7c8</load_address>
         <readonly>true</readonly>
         <executable>true</executable>
         <run_address>0x2000f7c8</run_address>
         <size>0x2a</size>
         <alignment>0x2</alignment>
         <input_file_ref idref="fl-28"/>
      </object_component>
      <object_component id="oc-1e1">
         <name>.text.UARTIntStatus</name>
         <load_address>0x2000f7f2</load_address>
         <readonly>true</readonly>
         <executable>true</executable>
         <run_address>0x2000f7f2</run_address>
         <size>0x2a</size>
         <alignment>0x2</alignment>
         <input_file_ref idref="fl-2b"/>
      </object_component>
      <object_component id="oc-227">
         <name>.text.List_remove</name>
         <load_address>0x2000f81c</load_address>
         <readonly>true</readonly>
         <executable>true</executable>
         <run_address>0x2000f81c</run_address>
         <size>0x28</size>
         <alignment>0x2</alignment>
         <input_file_ref idref="fl-19"/>
      </object_component>
      <object_component id="oc-24a">
         <name>.text.PRCMSRAMRetentionEnable</name>
         <load_address>0x2000f844</load_address>
         <readonly>true</readonly>
         <executable>true</executable>
         <run_address>0x2000f844</run_address>
         <size>0x28</size>
         <alignment>0x2</alignment>
         <input_file_ref idref="fl-28"/>
      </object_component>
      <object_component id="oc-155">
         <name>.text.PowerCC32XX_getParkState</name>
         <load_address>0x2000f86c</load_address>
         <readonly>true</readonly>
         <executable>true</executable>
         <run_address>0x2000f86c</run_address>
         <size>0x28</size>
         <alignment>0x4</alignment>
         <input_file_ref idref="fl-15"/>
      </object_component>
      <object_component id="oc-213">
         <name>.text.free_list_insert</name>
         <load_address>0x2000f894</load_address>
         <readonly>true</readonly>
         <executable>true</executable>
         <run_address>0x2000f894</run_address>
         <size>0x28</size>
         <alignment>0x4</alignment>
         <input_file_ref idref="fl-3b"/>
      </object_component>
      <object_component id="oc-226">
         <name>.text.IntUnregister</name>
         <load_address>0x2000f8bc</load_address>
         <readonly>true</readonly>
         <executable>true</executable>
         <run_address>0x2000f8bc</run_address>
         <size>0x24</size>
         <alignment>0x2</alignment>
         <input_file_ref idref="fl-26"/>
      </object_component>
      <object_component id="oc-196">
         <name>.text.List_put</name>
         <load_address>0x2000f8e0</load_address>
         <readonly>true</readonly>
         <executable>true</executable>
         <run_address>0x2000f8e0</run_address>
         <size>0x24</size>
         <alignment>0x2</alignment>
         <input_file_ref idref="fl-19"/>
      </object_component>
      <object_component id="oc-17c">
         <name>.text.PRCMLPDSWakeupSourceEnable</name>
         <load_address>0x2000f904</load_address>
         <readonly>true</readonly>
         <executable>true</executable>
         <run_address>0x2000f904</run_address>
         <size>0x24</size>
         <alignment>0x2</alignment>
         <input_file_ref idref="fl-28"/>
      </object_component>
      <object_component id="oc-1dd">
         <name>.text.PowerCC32XX_restoreParkState</name>
         <load_address>0x2000f928</load_address>
         <readonly>true</readonly>
         <executable>true</executable>
         <run_address>0x2000f928</run_address>
         <size>0x24</size>
         <alignment>0x4</alignment>
         <input_file_ref idref="fl-15"/>
      </object_component>
      <object_component id="oc-254">
         <name>.text.PowerCC32XX_restoreParkedPin</name>
         <load_address>0x2000f94c</load_address>
         <readonly>true</readonly>
         <executable>true</executable>
         <run_address>0x2000f94c</run_address>
         <size>0x24</size>
         <alignment>0x2</alignment>
         <input_file_ref idref="fl-15"/>
      </object_component>
      <object_component id="oc-12d">
         <name>.text.Power_registerNotify</name>
         <load_address>0x2000f970</load_address>
         <readonly>true</readonly>
         <executable>true</executable>
         <run_address>0x2000f970</run_address>
         <size>0x24</size>
         <alignment>0x4</alignment>
         <input_file_ref idref="fl-15"/>
      </object_component>
      <object_component id="oc-223">
         <name>.text.UART2Support_disableRx</name>
         <load_address>0x2000f994</load_address>
         <readonly>true</readonly>
         <executable>true</executable>
         <run_address>0x2000f994</run_address>
         <size>0x24</size>
         <alignment>0x2</alignment>
         <input_file_ref idref="fl-18"/>
      </object_component>
      <object_component id="oc-76">
         <name>.text:_c_int00_noargs</name>
         <load_address>0x2000f9b8</load_address>
         <readonly>true</readonly>
         <executable>true</executable>
         <run_address>0x2000f9b8</run_address>
         <size>0x24</size>
         <alignment>0x4</alignment>
         <input_file_ref idref="fl-3c"/>
      </object_component>
      <object_component id="oc-143">
         <name>.text.GPIOPinWrite</name>
         <load_address>0x2000f9dc</load_address>
         <readonly>true</readonly>
         <executable>true</executable>
         <run_address>0x2000f9dc</run_address>
         <size>0x22</size>
         <alignment>0x2</alignment>
         <input_file_ref idref="fl-24"/>
      </object_component>
      <object_component id="oc-253">
         <name>.text.PinUnlock</name>
         <load_address>0x2000f9fe</load_address>
         <readonly>true</readonly>
         <executable>true</executable>
         <run_address>0x2000f9fe</run_address>
         <size>0x22</size>
         <alignment>0x2</alignment>
         <input_file_ref idref="fl-27"/>
      </object_component>
      <object_component id="oc-1ef">
         <name>.text.RingBuf_getPointer</name>
         <load_address>0x2000fa20</load_address>
         <readonly>true</readonly>
         <executable>true</executable>
         <run_address>0x2000fa20</run_address>
         <size>0x22</size>
         <alignment>0x2</alignment>
         <input_file_ref idref="fl-1a"/>
      </object_component>
      <object_component id="oc-238">
         <name>.text.UART2Support_sendData</name>
         <load_address>0x2000fa42</load_address>
         <readonly>true</readonly>
         <executable>true</executable>
         <run_address>0x2000fa42</run_address>
         <size>0x22</size>
         <alignment>0x2</alignment>
         <input_file_ref idref="fl-18"/>
      </object_component>
      <object_component id="oc-fa">
         <name>.text.UART2_read</name>
         <load_address>0x2000fa64</load_address>
         <readonly>true</readonly>
         <executable>true</executable>
         <run_address>0x2000fa64</run_address>
         <size>0x22</size>
         <alignment>0x2</alignment>
         <input_file_ref idref="fl-17"/>
      </object_component>
      <object_component id="oc-1cd">
         <name>.text.IntRegister</name>
         <load_address>0x2000fa86</load_address>
         <readonly>true</readonly>
         <executable>true</executable>
         <run_address>0x2000fa86</run_address>
         <size>0x20</size>
         <alignment>0x2</alignment>
         <input_file_ref idref="fl-26"/>
      </object_component>
      <object_component id="oc-54">
         <name>.text.nmiISR</name>
         <load_address>0x2000faa6</load_address>
         <readonly>true</readonly>
         <executable>true</executable>
         <run_address>0x2000faa6</run_address>
         <size>0x2</size>
         <alignment>0x2</alignment>
         <input_file_ref idref="fl-21"/>
      </object_component>
      <object_component id="oc-14d">
         <name>.text.PowerCC32XX_reset</name>
         <load_address>0x2000faa8</load_address>
         <readonly>true</readonly>
         <executable>true</executable>
         <run_address>0x2000faa8</run_address>
         <size>0x20</size>
         <alignment>0x4</alignment>
         <input_file_ref idref="fl-15"/>
      </object_component>
      <object_component id="oc-1db">
         <name>.text.Power_unregisterNotify</name>
         <load_address>0x2000fac8</load_address>
         <readonly>true</readonly>
         <executable>true</executable>
         <run_address>0x2000fac8</run_address>
         <size>0x20</size>
         <alignment>0x4</alignment>
         <input_file_ref idref="fl-15"/>
      </object_component>
      <object_component id="oc-161">
         <name>.text.SemaphoreP_constructBinary</name>
         <load_address>0x2000fae8</load_address>
         <readonly>true</readonly>
         <executable>true</executable>
         <run_address>0x2000fae8</run_address>
         <size>0x20</size>
         <alignment>0x4</alignment>
         <input_file_ref idref="fl-1d"/>
      </object_component>
      <object_component id="oc-123">
         <name>.text.SemaphoreP_createBinary</name>
         <load_address>0x2000fb08</load_address>
         <readonly>true</readonly>
         <executable>true</executable>
         <run_address>0x2000fb08</run_address>
         <size>0x20</size>
         <alignment>0x4</alignment>
         <input_file_ref idref="fl-1d"/>
      </object_component>
      <object_component id="oc-1af">
         <name>.text.PinTypeUART</name>
         <load_address>0x2000fb28</load_address>
         <readonly>true</readonly>
         <executable>true</executable>
         <run_address>0x2000fb28</run_address>
         <size>0x1e</size>
         <alignment>0x2</alignment>
         <input_file_ref idref="fl-27"/>
      </object_component>
      <object_component id="oc-16a">
         <name>.text.UART2_writeTimeout</name>
         <load_address>0x2000fb46</load_address>
         <readonly>true</readonly>
         <executable>true</executable>
         <run_address>0x2000fb46</run_address>
         <size>0x1e</size>
         <alignment>0x2</alignment>
         <input_file_ref idref="fl-17"/>
      </object_component>
      <object_component id="oc-1c3">
         <name>.text.UARTEnable</name>
         <load_address>0x2000fb64</load_address>
         <readonly>true</readonly>
         <executable>true</executable>
         <run_address>0x2000fb64</run_address>
         <size>0x1e</size>
         <alignment>0x2</alignment>
         <input_file_ref idref="fl-2b"/>
      </object_component>
      <object_component id="oc-22b">
         <name>.text.uDMAChannelDisable</name>
         <load_address>0x2000fb82</load_address>
         <readonly>true</readonly>
         <executable>true</executable>
         <run_address>0x2000fb82</run_address>
         <size>0x1e</size>
         <alignment>0x2</alignment>
         <input_file_ref idref="fl-2c"/>
      </object_component>
      <object_component id="oc-233">
         <name>.text.uDMAChannelEnable</name>
         <load_address>0x2000fba0</load_address>
         <readonly>true</readonly>
         <executable>true</executable>
         <run_address>0x2000fba0</run_address>
         <size>0x1e</size>
         <alignment>0x2</alignment>
         <input_file_ref idref="fl-2c"/>
      </object_component>
      <object_component id="oc-1e4">
         <name>.text.uDMAChannelIsEnabled</name>
         <load_address>0x2000fbbe</load_address>
         <readonly>true</readonly>
         <executable>true</executable>
         <run_address>0x2000fbbe</run_address>
         <size>0x1e</size>
         <alignment>0x2</alignment>
         <input_file_ref idref="fl-2c"/>
      </object_component>
      <object_component id="oc-1d2">
         <name>.text.HwiP_dispatch</name>
         <load_address>0x2000fbdc</load_address>
         <readonly>true</readonly>
         <executable>true</executable>
         <run_address>0x2000fbdc</run_address>
         <size>0x1c</size>
         <alignment>0x4</alignment>
         <input_file_ref idref="fl-1f"/>
      </object_component>
      <object_component id="oc-1f3">
         <name>.text.SwiP_disable</name>
         <load_address>0x2000fbf8</load_address>
         <readonly>true</readonly>
         <executable>true</executable>
         <run_address>0x2000fbf8</run_address>
         <size>0x1c</size>
         <alignment>0x4</alignment>
         <input_file_ref idref="fl-22"/>
      </object_component>
      <object_component id="oc-212">
         <name>.text.free_list_remove</name>
         <load_address>0x2000fc14</load_address>
         <readonly>true</readonly>
         <executable>true</executable>
         <run_address>0x2000fc14</run_address>
         <size>0x1c</size>
         <alignment>0x4</alignment>
         <input_file_ref idref="fl-3b"/>
      </object_component>
      <object_component id="oc-21">
         <name>.text.resetISR</name>
         <load_address>0x2000fc30</load_address>
         <readonly>true</readonly>
         <executable>true</executable>
         <run_address>0x2000fc30</run_address>
         <size>0x1c</size>
         <alignment>0x2</alignment>
         <input_file_ref idref="fl-21"/>
      </object_component>
      <object_component id="oc-218">
         <name>.text.GPIOIntDisable</name>
         <load_address>0x2000fc4c</load_address>
         <readonly>true</readonly>
         <executable>true</executable>
         <run_address>0x2000fc4c</run_address>
         <size>0x1a</size>
         <alignment>0x2</alignment>
         <input_file_ref idref="fl-24"/>
      </object_component>
      <object_component id="oc-111">
         <name>.text.PRCMHIBRegRead</name>
         <load_address>0x2000fc66</load_address>
         <readonly>true</readonly>
         <executable>true</executable>
         <run_address>0x2000fc66</run_address>
         <size>0x1a</size>
         <alignment>0x2</alignment>
         <input_file_ref idref="fl-28"/>
      </object_component>
      <object_component id="oc-110">
         <name>.text.PRCMHIBRegWrite</name>
         <load_address>0x2000fc80</load_address>
         <readonly>true</readonly>
         <executable>true</executable>
         <run_address>0x2000fc80</run_address>
         <size>0x1a</size>
         <alignment>0x2</alignment>
         <input_file_ref idref="fl-28"/>
      </object_component>
      <object_component id="oc-17d">
         <name>.text.PRCMLPDSWakeupSourceDisable</name>
         <load_address>0x2000fc9a</load_address>
         <readonly>true</readonly>
         <executable>true</executable>
         <run_address>0x2000fc9a</run_address>
         <size>0x1a</size>
         <alignment>0x2</alignment>
         <input_file_ref idref="fl-28"/>
      </object_component>
      <object_component id="oc-1de">
         <name>.text.PinToPadGet</name>
         <load_address>0x2000fcb4</load_address>
         <readonly>true</readonly>
         <executable>true</executable>
         <run_address>0x2000fcb4</run_address>
         <size>0x1a</size>
         <alignment>0x2</alignment>
         <input_file_ref idref="fl-27"/>
      </object_component>
      <object_component id="oc-1c6">
         <name>.text.UARTFlowControlSet</name>
         <load_address>0x2000fcce</load_address>
         <readonly>true</readonly>
         <executable>true</executable>
         <run_address>0x2000fcce</run_address>
         <size>0x1a</size>
         <alignment>0x2</alignment>
         <input_file_ref idref="fl-2b"/>
      </object_component>
      <object_component id="oc-1aa">
         <name>.text.GPIOIntEnable</name>
         <load_address>0x2000fce8</load_address>
         <readonly>true</readonly>
         <executable>true</executable>
         <run_address>0x2000fce8</run_address>
         <size>0x18</size>
         <alignment>0x2</alignment>
         <input_file_ref idref="fl-24"/>
      </object_component>
      <object_component id="oc-18a">
         <name>.text.SemaphoreP_create</name>
         <load_address>0x2000fd00</load_address>
         <readonly>true</readonly>
         <executable>true</executable>
         <run_address>0x2000fd00</run_address>
         <size>0x18</size>
         <alignment>0x2</alignment>
         <input_file_ref idref="fl-1d"/>
      </object_component>
      <object_component id="oc-a6">
         <name>.text.Board_init</name>
         <load_address>0x2000fd18</load_address>
         <readonly>true</readonly>
         <executable>true</executable>
         <run_address>0x2000fd18</run_address>
         <size>0x16</size>
         <alignment>0x2</alignment>
         <input_file_ref idref="fl-3"/>
      </object_component>
      <object_component id="oc-20a">
         <name>.text.SysTickPeriodSet</name>
         <load_address>0x2000fd2e</load_address>
         <readonly>true</readonly>
         <executable>true</executable>
         <run_address>0x2000fd2e</run_address>
         <size>0x16</size>
         <alignment>0x2</alignment>
         <input_file_ref idref="fl-2a"/>
      </object_component>
      <object_component id="oc-1e6">
         <name>.text.UARTCharsAvail</name>
         <load_address>0x2000fd44</load_address>
         <readonly>true</readonly>
         <executable>true</executable>
         <run_address>0x2000fd44</run_address>
         <size>0x16</size>
         <alignment>0x2</alignment>
         <input_file_ref idref="fl-2b"/>
      </object_component>
      <object_component id="oc-1d5">
         <name>.text.UARTDMADisable</name>
         <load_address>0x2000fd5a</load_address>
         <readonly>true</readonly>
         <executable>true</executable>
         <run_address>0x2000fd5a</run_address>
         <size>0x16</size>
         <alignment>0x2</alignment>
         <input_file_ref idref="fl-2b"/>
      </object_component>
      <object_component id="oc-1c5">
         <name>.text.UARTFIFOLevelSet</name>
         <load_address>0x2000fd70</load_address>
         <readonly>true</readonly>
         <executable>true</executable>
         <run_address>0x2000fd70</run_address>
         <size>0x16</size>
         <alignment>0x2</alignment>
         <input_file_ref idref="fl-2b"/>
      </object_component>
      <object_component id="oc-1d4">
         <name>.text.UARTIntDisable</name>
         <load_address>0x2000fd86</load_address>
         <readonly>true</readonly>
         <executable>true</executable>
         <run_address>0x2000fd86</run_address>
         <size>0x16</size>
         <alignment>0x2</alignment>
         <input_file_ref idref="fl-2b"/>
      </object_component>
      <object_component id="oc-6c">
         <name>.text.CPUcpsid</name>
         <load_address>0x2000fd9c</load_address>
         <readonly>true</readonly>
         <executable>true</executable>
         <run_address>0x2000fd9c</run_address>
         <size>0x14</size>
         <alignment>0x2</alignment>
         <input_file_ref idref="fl-23"/>
      </object_component>
      <object_component id="oc-1a2">
         <name>.text.CPUcpsie</name>
         <load_address>0x2000fdb0</load_address>
         <readonly>true</readonly>
         <executable>true</executable>
         <run_address>0x2000fdb0</run_address>
         <size>0x14</size>
         <alignment>0x2</alignment>
         <input_file_ref idref="fl-23"/>
      </object_component>
      <object_component id="oc-1d8">
         <name>.text.HwiP_destruct</name>
         <load_address>0x2000fdc4</load_address>
         <readonly>true</readonly>
         <executable>true</executable>
         <run_address>0x2000fdc4</run_address>
         <size>0x14</size>
         <alignment>0x2</alignment>
         <input_file_ref idref="fl-1f"/>
      </object_component>
      <object_component id="oc-73">
         <name>.text.IntVTableBaseSet</name>
         <load_address>0x2000fdd8</load_address>
         <readonly>true</readonly>
         <executable>true</executable>
         <run_address>0x2000fdd8</run_address>
         <size>0x14</size>
         <alignment>0x2</alignment>
         <input_file_ref idref="fl-26"/>
      </object_component>
      <object_component id="oc-19d">
         <name>.text.Power_disablePolicy</name>
         <load_address>0x2000fdec</load_address>
         <readonly>true</readonly>
         <executable>true</executable>
         <run_address>0x2000fdec</run_address>
         <size>0x14</size>
         <alignment>0x4</alignment>
         <input_file_ref idref="fl-15"/>
      </object_component>
      <object_component id="oc-1fb">
         <name>.text.Power_getTransitionLatency</name>
         <load_address>0x2000fe00</load_address>
         <readonly>true</readonly>
         <executable>true</executable>
         <run_address>0x2000fe00</run_address>
         <size>0x14</size>
         <alignment>0x4</alignment>
         <input_file_ref idref="fl-15"/>
      </object_component>
      <object_component id="oc-211">
         <name>.text.Power_idleFunc</name>
         <load_address>0x2000fe14</load_address>
         <readonly>true</readonly>
         <executable>true</executable>
         <run_address>0x2000fe14</run_address>
         <size>0x14</size>
         <alignment>0x4</alignment>
         <input_file_ref idref="fl-15"/>
      </object_component>
[...]
         <object_component_ref idref="oc-1f3"/>
      </symbol>
      <symbol id="sm-2b6">
         <name>SwiP_restore</name>
         <value>0x2000f319</value>
         <object_component_ref idref="oc-20e"/>
      </symbol>
      <symbol id="sm-2cf">
         <name>CPUcpsid</name>
         <value>0x2000fd9d</value>
         <object_component_ref idref="oc-6c"/>
      </symbol>
      <symbol id="sm-2d0">
         <name>CPUcpsie</name>
         <value>0x2000fdb1</value>
         <object_component_ref idref="oc-1a2"/>
      </symbol>
      <symbol id="sm-2d1">
         <name>CPUprimask</name>
         <value>0x200100a9</value>
         <object_component_ref idref="oc-263"/>
      </symbol>
      <symbol id="sm-2d2">
         <name>CPUwfi</name>
         <value>0x20010031</value>
         <object_component_ref idref="oc-259"/>
      </symbol>
      <symbol id="sm-30b">
         <name>GPIODirModeSet</name>
         <value>0x2000ef61</value>
         <object_component_ref idref="oc-13e"/>
      </symbol>
      <symbol id="sm-30c">
         <name>GPIOIntClear</name>
         <value>0x2000fe9f</value>
         <object_component_ref idref="oc-1a9"/>
      </symbol>
      <symbol id="sm-30d">
         <name>GPIOIntDisable</name>
         <value>0x2000fc4d</value>
         <object_component_ref idref="oc-218"/>
      </symbol>
      <symbol id="sm-30e">
         <name>GPIOIntEnable</name>
         <value>0x2000fce9</value>
         <object_component_ref idref="oc-1aa"/>
      </symbol>
      <symbol id="sm-30f">
         <name>GPIOIntStatus</name>
         <value>0x2000f691</value>
         <object_component_ref idref="oc-1ab"/>
      </symbol>
      <symbol id="sm-310">
         <name>GPIOIntTypeSet</name>
         <value>0x2000dc4d</value>
         <object_component_ref idref="oc-1a7"/>
      </symbol>
      <symbol id="sm-311">
         <name>GPIOPinWrite</name>
         <value>0x2000f9dd</value>
         <object_component_ref idref="oc-143"/>
      </symbol>
      <symbol id="sm-361">
         <name>IntDisable</name>
         <value>0x2000d891</value>
         <object_component_ref idref="oc-225"/>
      </symbol>
      <symbol id="sm-362">
         <name>IntEnable</name>
         <value>0x2000d959</value>
         <object_component_ref idref="oc-1cf"/>
      </symbol>
      <symbol id="sm-363">
         <name>IntMasterDisable</name>
         <value>0x200100bd</value>
         <object_component_ref idref="oc-4a"/>
      </symbol>
      <symbol id="sm-364">
         <name>IntMasterEnable</name>
         <value>0x200100c7</value>
         <object_component_ref idref="oc-136"/>
      </symbol>
      <symbol id="sm-365">
         <name>IntPendClear</name>
         <value>0x2000e713</value>
         <object_component_ref idref="oc-1cc"/>
      </symbol>
      <symbol id="sm-366">
         <name>IntPendSet</name>
         <value>0x2000dcf9</value>
         <object_component_ref idref="oc-277"/>
      </symbol>
      <symbol id="sm-367">
         <name>IntPrioritySet</name>
         <value>0x2000e9a9</value>
         <object_component_ref idref="oc-1ce"/>
      </symbol>
      <symbol id="sm-368">
         <name>IntRegister</name>
         <value>0x2000fa87</value>
         <object_component_ref idref="oc-1cd"/>
      </symbol>
      <symbol id="sm-369">
         <name>IntUnregister</name>
         <value>0x2000f8bd</value>
         <object_component_ref idref="oc-226"/>
      </symbol>
      <symbol id="sm-36a">
         <name>IntVTableBaseSet</name>
         <value>0x2000fdd9</value>
         <object_component_ref idref="oc-73"/>
      </symbol>
      <symbol id="sm-3b2">
         <name>PinConfigGet</name>
         <value>0x2000ee45</value>
         <object_component_ref idref="oc-26d"/>
      </symbol>
      <symbol id="sm-3b3">
         <name>PinConfigSet</name>
         <value>0x2000dd9d</value>
         <object_component_ref idref="oc-13a"/>
      </symbol>
      <symbol id="sm-3b4">
         <name>PinDirModeGet</name>
         <value>0x2000f499</value>
         <object_component_ref idref="oc-26e"/>
      </symbol>
      <symbol id="sm-3b5">
         <name>PinDirModeSet</name>
         <value>0x2000f1b9</value>
         <object_component_ref idref="oc-26f"/>
      </symbol>
      <symbol id="sm-3b6">
         <name>PinLock</name>
         <value>0x2000f3f9</value>
         <object_component_ref idref="oc-24d"/>
      </symbol>
      <symbol id="sm-3b7">
         <name>PinLockLevelSet</name>
         <value>0x2000e48d</value>
         <object_component_ref idref="oc-24c"/>
      </symbol>
      <symbol id="sm-3b8">
         <name>PinModeGet</name>
         <value>0x2000f4cd</value>
         <object_component_ref idref="oc-115"/>
      </symbol>
      <symbol id="sm-3b9">
         <name>PinModeSet</name>
         <value>0x2000f0b5</value>
         <object_component_ref idref="oc-11a"/>
      </symbol>
      <symbol id="sm-3ba">
         <name>PinToPadGet</name>
         <value>0x2000fcb5</value>
         <object_component_ref idref="oc-1de"/>
      </symbol>
      <symbol id="sm-3bb">
         <name>PinTypeUART</name>
         <value>0x2000fb29</value>
         <object_component_ref idref="oc-1af"/>
      </symbol>
      <symbol id="sm-3bc">
         <name>PinUnlock</name>
         <value>0x2000f9ff</value>
         <object_component_ref idref="oc-253"/>
      </symbol>
      <symbol id="sm-46e">
         <name>PRCMCC3200MCUInit</name>
         <value>0x2000c041</value>
         <object_component_ref idref="oc-d0"/>
      </symbol>
      <symbol id="sm-46f">
         <name>PRCMHIBRegRead</name>
         <value>0x2000fc67</value>
         <object_component_ref idref="oc-111"/>
      </symbol>
      <symbol id="sm-470">
         <name>PRCMHIBRegWrite</name>
         <value>0x2000fc81</value>
         <object_component_ref idref="oc-110"/>
      </symbol>
      <symbol id="sm-471">
         <name>PRCMHibernateWakeUpGPIOSelect</name>
         <value>0x2000e335</value>
         <object_component_ref idref="oc-17f"/>
      </symbol>
      <symbol id="sm-472">
         <name>PRCMHibernateWakeupSourceDisable</name>
         <value>0x2000e899</value>
         <object_component_ref idref="oc-181"/>
      </symbol>
      <symbol id="sm-473">
         <name>PRCMHibernateWakeupSourceEnable</name>
         <value>0x2000eb51</value>
         <object_component_ref idref="oc-180"/>
      </symbol>
      <symbol id="sm-474">
         <name>PRCMIntEnable</name>
         <value>0x2000edb5</value>
         <object_component_ref idref="oc-252"/>
      </symbol>
      <symbol id="sm-475">
         <name>PRCMLPDSEnter</name>
         <value>0x2000ea01</value>
         <object_component_ref idref="oc-258"/>
      </symbol>
      <symbol id="sm-476">
         <name>PRCMLPDSEnterKeepDebugIf</name>
         <value>0x2000eed5</value>
         <object_component_ref idref="oc-257"/>
      </symbol>
      <symbol id="sm-477">
         <name>PRCMLPDSIntervalSet</name>
         <value>0x2000f601</value>
         <object_component_ref idref="oc-207"/>
      </symbol>
      <symbol id="sm-478">
         <name>PRCMLPDSRestoreInfoSet</name>
         <value>0x2000ec8d</value>
         <object_component_ref idref="oc-270"/>
      </symbol>
      <symbol id="sm-479">
         <name>PRCMLPDSWakeUpGPIOSelect</name>
         <value>0x2000f79f</value>
         <object_component_ref idref="oc-17e"/>
      </symbol>
      <symbol id="sm-47a">
         <name>PRCMLPDSWakeupCauseGet</name>
         <value>0x20010049</value>
         <object_component_ref idref="oc-255"/>
      </symbol>
      <symbol id="sm-47b">
         <name>PRCMLPDSWakeupSourceDisable</name>
         <value>0x2000fc9b</value>
         <object_component_ref idref="oc-17d"/>
      </symbol>
      <symbol id="sm-47c">
         <name>PRCMLPDSWakeupSourceEnable</name>
         <value>0x2000f905</value>
         <object_component_ref idref="oc-17c"/>
      </symbol>
      <symbol id="sm-47d">
         <name>PRCMPeripheralClkDisable</name>
         <value>0x2000f7c9</value>
         <object_component_ref idref="oc-114"/>
      </symbol>
      <symbol id="sm-47e">
         <name>PRCMPeripheralClkEnable</name>
         <value>0x2000e8f5</value>
         <object_component_ref idref="oc-112"/>
      </symbol>
      <symbol id="sm-47f">
         <name>PRCMPeripheralReset</name>
         <value>0x2000e6a9</value>
         <object_component_ref idref="oc-113"/>
      </symbol>
      <symbol id="sm-480">
         <name>PRCMPeripheralStatusGet</name>
         <value>0x2000edfd</value>
         <object_component_ref idref="oc-1a3"/>
      </symbol>
      <symbol id="sm-481">
         <name>PRCMSRAMRetentionEnable</name>
         <value>0x2000f845</value>
         <object_component_ref idref="oc-24a"/>
      </symbol>
      <symbol id="sm-482">
         <name>PRCMSleepEnter</name>
         <value>0x200100f7</value>
         <object_component_ref idref="oc-20d"/>
      </symbol>
      <symbol id="sm-483">
         <name>PRCMSlowClkCtrFastGet</name>
         <value>0x2000f631</value>
         <object_component_ref idref="oc-241"/>
      </symbol>
      <symbol id="sm-484">
         <name>PRCMSysResetCauseGet</name>
         <value>0x2000e131</value>
         <object_component_ref idref="oc-10b"/>
      </symbol>
      <symbol id="sm-4a2">
         <name>SysTickEnable</name>
         <value>0x2000fec3</value>
         <object_component_ref idref="oc-20b"/>
      </symbol>
      <symbol id="sm-4a3">
         <name>SysTickIntDisable</name>
         <value>0x2000fed5</value>
         <object_component_ref idref="oc-202"/>
      </symbol>
      <symbol id="sm-4a4">
         <name>SysTickIntEnable</name>
         <value>0x2000fee7</value>
         <object_component_ref idref="oc-20c"/>
      </symbol>
      <symbol id="sm-4a5">
         <name>SysTickPeriodSet</name>
         <value>0x2000fd2f</value>
         <object_component_ref idref="oc-20a"/>
      </symbol>
      <symbol id="sm-50f">
         <name>UARTBusy</name>
         <value>0x2000ff8d</value>
         <object_component_ref idref="oc-265"/>
      </symbol>
      <symbol id="sm-510">
         <name>UARTCharPutNonBlocking</name>
         <value>0x2000f42f</value>
         <object_component_ref idref="oc-264"/>
      </symbol>
      <symbol id="sm-511">
         <name>UARTCharsAvail</name>
         <value>0x2000fd45</value>
         <object_component_ref idref="oc-1e6"/>
      </symbol>
      <symbol id="sm-512">
         <name>UARTConfigSetExpClk</name>
         <value>0x2000e3a9</value>
         <object_component_ref idref="oc-1bd"/>
      </symbol>
      <symbol id="sm-513">
         <name>UARTDMADisable</name>
         <value>0x2000fd5b</value>
         <object_component_ref idref="oc-1d5"/>
      </symbol>
      <symbol id="sm-514">
         <name>UARTDMAEnable</name>
         <value>0x2000fe29</value>
         <object_component_ref idref="oc-234"/>
      </symbol>
      <symbol id="sm-515">
         <name>UARTDisable</name>
         <value>0x2000f71b</value>
         <object_component_ref idref="oc-1d7"/>
      </symbol>
      <symbol id="sm-516">
         <name>UARTEnable</name>
         <value>0x2000fb65</value>
         <object_component_ref idref="oc-1c3"/>
      </symbol>
      <symbol id="sm-517">
         <name>UARTFIFOLevelSet</name>
         <value>0x2000fd71</value>
         <object_component_ref idref="oc-1c5"/>
      </symbol>
      <symbol id="sm-518">
         <name>UARTFlowControlSet</name>
         <value>0x2000fccf</value>
         <object_component_ref idref="oc-1c6"/>
      </symbol>
      <symbol id="sm-519">
         <name>UARTIntClear</name>
         <value>0x2000ff9d</value>
         <object_component_ref idref="oc-1c2"/>
      </symbol>
      <symbol id="sm-51a">
         <name>UARTIntDisable</name>
         <value>0x2000fd87</value>
         <object_component_ref idref="oc-1d4"/>
      </symbol>
      <symbol id="sm-51b">
         <name>UARTIntEnable</name>
         <value>0x2000fe3d</value>
         <object_component_ref idref="oc-1c4"/>
      </symbol>
      <symbol id="sm-51c">
         <name>UARTIntStatus</name>
         <value>0x2000f7f3</value>
         <object_component_ref idref="oc-1e1"/>
      </symbol>
      <symbol id="sm-51d">
         <name>UARTRxErrorGet</name>
         <value>0x2000ffad</value>
         <object_component_ref idref="oc-1e3"/>
      </symbol>
      <symbol id="sm-576">
         <name>uDMAChannelAssign</name>
         <value>0x2000ebf1</value>
         <object_component_ref idref="oc-1c7"/>
      </symbol>
      <symbol id="sm-577">
         <name>uDMAChannelAttributeDisable</name>
         <value>0x2000e00d</value>
         <object_component_ref idref="oc-1c8"/>
      </symbol>
      <symbol id="sm-578">
         <name>uDMAChannelControlSet</name>
         <value>0x2000f179</value>
         <object_component_ref idref="oc-231"/>
      </symbol>
      <symbol id="sm-579">
         <name>uDMAChannelDisable</name>
         <value>0x2000fb83</value>
         <object_component_ref idref="oc-22b"/>
      </symbol>
      <symbol id="sm-57a">
         <name>uDMAChannelEnable</name>
         <value>0x2000fba1</value>
         <object_component_ref idref="oc-233"/>
      </symbol>
      <symbol id="sm-57b">
         <name>uDMAChannelIsEnabled</name>
         <value>0x2000fbbf</value>
         <object_component_ref idref="oc-1e4"/>
      </symbol>
      <symbol id="sm-57c">
         <name>uDMAChannelSizeGet</name>
         <value>0x2000ed23</value>
         <object_component_ref idref="oc-22c"/>
      </symbol>
      <symbol id="sm-57d">
         <name>uDMAChannelTransferSet</name>
         <value>0x2000d4db</value>
         <object_component_ref idref="oc-232"/>
      </symbol>
      <symbol id="sm-57e">
         <name>uDMAControlBaseSet</name>
         <value>0x2000fe65</value>
         <object_component_ref idref="oc-1b9"/>
      </symbol>
      <symbol id="sm-57f">
         <name>uDMAEnable</name>
         <value>0x2000fff9</value>
         <object_component_ref idref="oc-1b4"/>
      </symbol>
      <symbol id="sm-580">
         <name>uDMAErrorStatusClear</name>
         <value>0x20010007</value>
         <object_component_ref idref="oc-279"/>
      </symbol>
      <symbol id="sm-581">
         <name>uDMAErrorStatusGet</name>
         <value>0x2001009d</value>
         <object_component_ref idref="oc-278"/>
      </symbol>
      <symbol id="sm-582">
         <name>uDMAIntClear</name>
         <value>0x2000fe79</value>
         <object_component_ref idref="oc-22d"/>
      </symbol>
      <symbol id="sm-58d">
         <name>UtilsDelay</name>
         <value>0x200100ff</value>
         <object_component_ref idref="oc-10c"/>
      </symbol>
      <symbol id="sm-5ba">
         <name>FlashDisable</name>
         <value>0x2000e83d</value>
         <object_component_ref idref="oc-272"/>
      </symbol>
      <symbol id="sm-5da">
         <name>malloc</name>
         <value>0x20010111</value>
         <object_component_ref idref="oc-1a4"/>
      </symbol>
      <symbol id="sm-5db">
         <name>aligned_alloc</name>
         <value>0x2000d2a1</value>
         <object_component_ref idref="oc-217"/>
      </symbol>
      <symbol id="sm-5dc">
         <name>free</name>
         <value>0x2000d5ed</value>
         <object_component_ref idref="oc-18e"/>
      </symbol>
      <symbol id="sm-5dd">
         <name>_sys_memory</name>
         <value>0x20004040</value>
         <object_component_ref idref="oc-31"/>
      </symbol>
      <symbol id="sm-5de">
         <name>memalign</name>
         <value>0x2000d2a1</value>
         <object_component_ref idref="oc-217"/>
      </symbol>
      <symbol id="sm-5e9">
         <name>_c_int00_noargs</name>
         <value>0x2000f9b9</value>
         <object_component_ref idref="oc-76"/>
      </symbol>
      <symbol id="sm-5ea">
         <name>__stack</name>
         <value>0x20003000</value>
         <object_component_ref idref="oc-16"/>
      </symbol>
      <symbol id="sm-5f6">
         <name>__TI_auto_init_nobinit_nopinit</name>
         <value>0x2000f3c1</value>
         <object_component_ref idref="oc-bd"/>
      </symbol>
      <symbol id="sm-5fe">
         <name>_system_pre_init</name>
         <value>0x20010151</value>
         <object_component_ref idref="oc-8b"/>
      </symbol>
      <symbol id="sm-609">
         <name>__TI_zero_init</name>
         <value>0x2000ffcd</value>
         <object_component_ref idref="oc-49"/>
      </symbol>
      <symbol id="sm-612">
         <name>__TI_decompress_none</name>
         <value>0x20010023</value>
         <object_component_ref idref="oc-1c"/>
      </symbol>
      <symbol id="sm-61c">
         <name>__TI_decompress_lzss</name>
         <value>0x2000e41d</value>
         <object_component_ref idref="oc-18"/>
      </symbol>
      <symbol id="sm-626">
         <name>abort</name>
         <value>0x20010155</value>
         <object_component_ref idref="oc-b6"/>
      </symbol>
      <symbol id="sm-627">
         <name>C$$EXIT</name>
         <value>0x20010154</value>
         <object_component_ref idref="oc-b6"/>
      </symbol>
      <symbol id="sm-630">
         <name>_nop</name>
         <value>0x2000e94f</value>
         <object_component_ref idref="oc-16d"/>
      </symbol>
      <symbol id="sm-631">
         <name>_lock</name>
         <value>0x2001129c</value>
         <object_component_ref idref="oc-101"/>
      </symbol>
      <symbol id="sm-632">
         <name>_unlock</name>
         <value>0x200112a0</value>
         <object_component_ref idref="oc-104"/>
      </symbol>
      <symbol id="sm-639">
         <name>__aeabi_memcpy</name>
         <value>0x2001014d</value>
         <object_component_ref idref="oc-3c"/>
      </symbol>
      <symbol id="sm-63a">
         <name>__aeabi_memcpy4</name>
         <value>0x2001014d</value>
         <object_component_ref idref="oc-3c"/>
      </symbol>
      <symbol id="sm-63b">
         <name>__aeabi_memcpy8</name>
         <value>0x2001014d</value>
         <object_component_ref idref="oc-3c"/>
      </symbol>
      <symbol id="sm-642">
         <name>__aeabi_memclr</name>
         <value>0x20010109</value>
         <object_component_ref idref="oc-67"/>
      </symbol>
      <symbol id="sm-643">
         <name>__aeabi_memclr4</name>
         <value>0x20010109</value>
         <object_component_ref idref="oc-67"/>
      </symbol>
      <symbol id="sm-644">
         <name>__aeabi_memclr8</name>
         <value>0x20010109</value>
         <object_component_ref idref="oc-67"/>
      </symbol>
      <symbol id="sm-64a">
         <name>__aeabi_uldivmod</name>
         <value>0x2000fe51</value>
         <object_component_ref idref="oc-1fe"/>
      </symbol>
      <symbol id="sm-650">
         <name>__udivmoddi4</name>
         <value>0x2000db9d</value>
         <object_component_ref idref="oc-242"/>
      </symbol>
      <symbol id="sm-65a">
         <name>__aeabi_ldiv0</name>
         <value>0x2000e77b</value>
         <object_component_ref idref="oc-266"/>
      </symbol>
      <symbol id="sm-662">
         <name>TI_memcpy_small</name>
         <value>0x2000ff0b</value>
         <object_component_ref idref="oc-81"/>
      </symbol>
      <symbol id="sm-66a">
         <name>TI_memset_small</name>
         <value>0x20010015</value>
         <object_component_ref idref="oc-9e"/>
      </symbol>
      <symbol id="sm-66b">
         <name>__TI_static_base__</name>
         <value>0x20010158</value>
      </symbol>
      <symbol id="sm-66e">
         <name>ITM_flush</name>
         <value>0x0</value>
      </symbol>
      <symbol id="sm-66f">
         <name>ITM_restore</name>
         <value>0x0</value>
      </symbol>
      <symbol id="sm-670">
         <name>__mpu_init</name>
         <value>0x0</value>
      </symbol>
      <symbol id="sm-671">
         <name>_system_post_cinit</name>
         <value>0x0</value>
      </symbol>
   </symbol_table>
   <title>Link successful</title>
</link_info>
